07-12 21:57:52.492   606   606 I hwservicemanager: getTransport: Cannot find entry vendor.qti.hardware.iop@2.0::IIop/default in either framework or device VINTF manifest.
07-12 21:57:52.493  1521 11017 D OplusZoomWindowRUSConfigManager: isSupportZoomModeWithPolicyLocked: target = com.pryvn.audiophile/.CrashActivity
07-12 21:57:52.493  1521 11017 D OplusZoomWindowRUSConfigManager: targetPkg = com.pryvn.audiophile
07-12 21:57:52.493  1521 11017 V OplusZoomWindowManagerService: unSupportZoom: false ,callingPid: 9481 ,sourceStack: null
07-12 21:57:52.495  1521 11017 D ActivityTrigger: ActivityTrigger activityPauseTrigger 
07-12 21:57:52.496  1299  1379 E ANDR-PERF-OPTSHANDLER: Perflock resource /sys/class/devfreq/soc:qcom,cpubw/bw_hwmon/io_percent not supported
07-12 21:57:52.496  1299  1379 E ANDR-PERF-RESOURCEQS: Failed to apply optimization [6, 2]
07-12 21:57:52.496  1299  1379 E ANDR-PERF-OPTSHANDLER: Perflock resource /sys/class/devfreq/soc:qcom,cpubw/bw_hwmon/sample_ms not supported
07-12 21:57:52.496  1299  1379 E ANDR-PERF-RESOURCEQS: Failed to apply optimization [6, 8]
07-12 21:57:52.496  1299  1379 E ANDR-PERF-OPTSHANDLER: Perflock resource SPECIAL_NODE - cpubw_hwmon_hyst_opt not supported
07-12 21:57:52.496  1299  1379 E ANDR-PERF-RESOURCEQS: Failed to apply optimization [6, 3]
07-12 21:57:52.496  1299  1379 E ANDR-PERF-OPTSHANDLER: Perflock resource /sys/class/devfreq/soc:qcom,cpubw/min_freq not supported
07-12 21:57:52.496  1299  1379 E ANDR-PERF-RESOURCEQS: Failed to apply optimization [6, 0]
07-12 21:57:52.496  1299  1379 E ANDR-PERF-OPTSHANDLER: Perflock resource /sys/class/devfreq/soc:qcom,cpubw/max_freq not supported
07-12 21:57:52.496  1299  1379 E ANDR-PERF-RESOURCEQS: Failed to apply optimization [6, 6]
07-12 21:57:52.497  1299  1299 E vendor.qti.hardware.perf@2.2-service: Unknown params
07-12 21:57:52.500  1521 11017 D CompactWindowManagerService: onOriginListAdded child: ActivityRecord{78225de u0 com.pryvn.audiophile/.CrashActivity t1666}; parent: Task{ca2bfcb #1666 type=standard A=10526:com.pryvn.audiophile U=0 visible=true mode=fullscreen translucent=true sz=2}
07-12 21:57:52.500  1521 11017 D TaskExtImpl: add ActivityRecord{78225de u0 com.pryvn.audiophile/.CrashActivity t1666} to mActivityRecordSum = Counter{ com.pryvn.audiophile/.CrashActivity(2) }
07-12 21:57:52.501  1521 11017 D ActivityTaskManager: getStartingWindowType: newTask=true, taskSwitch=false, processRunning=true, allowTaskSnapshot=true, activityCreated=false, snapshot=null, record:ActivityRecord{78225de u0 com.pryvn.audiophile/.CrashActivity t1666}
07-12 21:57:52.502  6262  6304 I Finsky  : [436] Stats for Executor: GrpcBackgroundExecutor wkg@2b27025[Running, pool size = 1, active threads = 0, queued tasks = 0, completed tasks = 1]
07-12 21:57:52.502  1521 11017 D OplusStartingWindowManager: window attributes color: 0 icon null duration 0 brandImage null
07-12 21:57:52.502  1521 11017 D OplusZoomWindowRUSConfigManager: isSupportZoomModeWithPolicyLocked: target = com.pryvn.audiophile/.CrashActivity
07-12 21:57:52.502  1521 11017 D OplusZoomWindowRUSConfigManager: targetPkg = com.pryvn.audiophile
07-12 21:57:52.502  1521 11017 V OplusZoomWindowManagerService: unSupportZoom: false ,callingPid: 9481 ,sourceStack: null
07-12 21:57:52.506  1383  1383 D OplusMovieIdle: updateLayerStacks,mOmiSupport is not supoort
07-12 21:57:52.506  1383  1383 E CompositionEngine: map unknown (BT709 sRGB Full range)/(Unknown RenderIntent) to default color mode
07-12 21:57:52.510  1521  6496 D OplusAppStartupMonitor: notifyUnstableAppInfo: Bundle[{unstableTime=1783873672510, reason=crash, userId=0, safecenter=unstable, exceptionMsg=abstract method "boolean androidx.compose.ui.Modifier$Element.all(kotlin.jvm.functions.Function1)" on receiver java.lang.Class<androidx.compose.foundation.layout.InsetsPaddingModifier>, exceptionClass=java.lang.AbstractMethodError, packageName=com.pryvn.audiophile, unstable_restrict_switch=true}]
07-12 21:57:52.511 10905 20370 I Athena  : StartupManager: onUpdateUnstableRecord: unstable crash!
07-12 21:57:52.511  1521 11017 D OplusAmsUtilsFeatrue: detectExceptionsForOIDT type:0
07-12 21:57:52.514  1521  9549 I DropBoxManagerService: add tag=data_app_crash isTagEnabled=true flags=0x2
07-12 21:57:52.515  9481  9481 I Process : Sending signal. PID: 9481 SIG: 9
07-12 21:57:52.523  1383  1383 D OplusMovieIdle: updateLayerStacks,mOmiSupport is not supoort
07-12 21:57:52.523  1383  1383 E CompositionEngine: map unknown (BT709 sRGB Full range)/(Unknown RenderIntent) to default color mode
07-12 21:57:52.523  1521  2726 W BroadcastQueue: Background execution not allowed: receiving Intent { act=android.intent.action.DROPBOX_ENTRY_ADDED flg=0x10 (has extras) } to com.google.android.gms/.stats.service.DropBoxEntryAddedReceiver
07-12 21:57:52.529  1521  9549 D DropBoxManagerService: file :: /data/system/dropbox/data_app_crash@1783873672519.txt
07-12 21:57:52.535  1383  1383 E CompositionEngine: map unknown (BT709 sRGB Full range)/(Unknown RenderIntent) to default color mode
07-12 21:57:52.542  8894  9287 D CCodecBufferChannel: [c2.android.opus.decoder#205] DEBUG: elapsed: n=4 [in=0 pipeline=0 out=0]
07-12 21:57:52.542  8894  9287 D PipelineWatcher: DEBUG: elapsed 0 / 4
07-12 21:57:52.551  7945  9550 I DropBoxUtil: (REDACTED) Reading dropbox entry with tag %s and timestamp %d
07-12 21:57:52.558  7945  9550 I DropBoxUtil: (REDACTED) Reading dropbox entry with tag %s and timestamp %d
07-12 21:57:52.575  1279 16817 I vendor.qti.bluetooth@1.0-ibs_handler: ProcessIbsCmd: Received IBS_WAKE_IND: 0xFD
07-12 21:57:52.575  1279 16817 I vendor.qti.bluetooth@1.0-ibs_handler: ProcessIbsCmd: Writing IBS_WAKE_ACK
07-12 21:57:52.590  1299  8047 E ANDR-PERF-LM: StatsProvider: stats_nl_error_callback() 110: NL SOC receive error: No such process
07-12 21:57:52.590  1299  8047 E ANDR-PERF-LM: StatsProvider: sendRecvData() 267: nl_recvmsgs failed return=-12
07-12 21:57:52.591  1299  8047 E ANDR-PERF-LM: StatsProvider: getPIDStats() 119: sendRecvData returned error = -4
07-12 21:57:52.607  1521 11017 D DisplayManagerService: Display listener for pid 9481 died.
07-12 21:57:52.608  1521 10729 I WindowManager: WIN DEATH: Window{e21b6e1 u0 com.pryvn.audiophile/com.pryvn.audiophile.CrashActivity}
07-12 21:57:52.608  3779  3779 I adbd    : Remote process closed the socket (on MSG_PEEK)
07-12 21:57:52.608  1521 10729 W InputManager-JNI: Input channel object 'e21b6e1 com.pryvn.audiophile/com.pryvn.audiophile.CrashActivity (client)' was disposed without first being removed with the input manager!
07-12 21:57:52.609  1521  2720 I libprocessgroup: Successfully killed process cgroup uid 10526 pid 9481 in 0ms
07-12 21:57:52.610  1143  1143 I Zygote  : Process 9481 exited due to signal 9 (Killed)
07-12 21:57:52.614  1521 10731 D TheiaManager: com.android.server.wm.OplusWindowManagerService@521e951 getDeclaredField : com.android.server.wm.WindowManagerService.mRoot
07-12 21:57:52.615  1521 10731 D TheiaManager: com.android.server.wm.RootWindowContainer@e820e60 callDeclaredMethod : com.android.server.wm.RootWindowContainer.getTopFocusedDisplayContent param[] null args[]null
07-12 21:57:52.615  1521 10731 D TheiaManager: Display 0 info=DisplayInfo{"Built-in screen", displayId 0", displayGroupId 0, FLAG_SECURE, FLAG_SUPPORTS_PROTECTED_BUFFERS, FLAG_TRUSTED, real 1080 x 2400, largest app 2290 x 2242, smallest app 1080 x 924, appVsyncOff 1000000, presDeadline 16393442, mode 1, defaultMode 1, modes [{id=1, width=1080, height=2400, fps=61.000004, alternativeRefreshRates=[]}], hdrCapabilities HdrCapabilities{mSupportedHdrTypes=[2, 3, 4], mMaxLuminance=500.0, mMaxAverageLuminance=500.0, mMinLuminance=0.0}, userDisabledHdrTypes [], minimalPostProcessingSupported false, rotation 0, state ON, type INTERNAL, uniqueId "local:4630946962717273473", app 1080 x 2242, density 480 (409.432 x 409.127) dpi, layerStack 0, colorMode 0, supportedColorModes [0, 7, 9], address {port=129, model=0x40446dba0e6fed}, deviceProductInfo DeviceProductInfo{name=, manufacturerPnpId=QCM, productId=1, modelYear=null, manufactureDate=ManufactureDate{week=27, year=2006}, connectionToSinkType=0}, removeMode 0, refreshRateOverride 0.0, brightnessMinimum 0.0, brightnessMaximum 1.0, brightnessDefault 1600.0} rootTasks=[WindowedMagnification:0:31@238532939, HideDisplayCutout:32:55@144431886, Leaf:56:57@86568201, HideDisplayCutout:58:99@26778422, Leaf:100:100@36533457] getDeclaredField : com.android.server.wm.DisplayContent.mFocusedApp
07-12 21:57:52.615  1521 10731 D TheiaManager: ActivityRecord{c7bdbbd u0 com.pryvn.audiophile/.CrashActivity t1666 f}} callDeclaredMethod : com.android.server.wm.ActivityRecord.getPid param[] null args[]null
07-12 21:57:52.615  1521 10731 E TheiaManager: [tagL]: calling catchLog()..., focusedPid:9481 pids:[9481]
07-12 21:57:52.615  1521 10731 D TheiaManager: No stackTrace found in args
07-12 21:57:52.615  1521 10731 D TheiaManager: KEY:logTypeVALUE:ApplicationFGCrash
07-12 21:57:52.615  1521 10731 D TheiaManager: KEY:deadMomentVALUE:1783873672614
07-12 21:57:52.615  1521 10731 D TheiaManager: KEY:appNameVALUE:Audiophile
07-12 21:57:52.615  1521 10731 D TheiaManager: KEY:packageVersionVALUE:1.1.0
07-12 21:57:52.615  1521 10731 D TheiaManager: KEY:packageNameVALUE:com.pryvn.audiophile
07-12 21:57:52.615  1521 10731 D TheiaCrashMonitor: com.pryvn.audiophilecrash
07-12 21:57:52.615  1521 10731 I ActivityManager: Process com.pryvn.audiophile (pid 9481) has died: fg  TOP 
07-12 21:57:52.615  1521 11862 D TheiaSocketClient: TheiaSend receive content : 4298113028:ApplicationFGCrash:1783873672615
07-12 21:57:52.615  1521 10731 W ContextImpl: Calling a method in the system process without a qualified user: android.app.ContextImpl.sendBroadcast:1175 com.android.server.am.OplusExtraActivityManagerService.setKeyLockModeNormal:51 com.android.server.am.ActivityManagerServiceExtImpl.setKeyLockModeNormal:851 com.android.server.am.ActivityManagerService.appDiedLocked:3389 com.android.server.am.ActivityManagerService$AppDeathRecipient.binderDied:1531 
07-12 21:57:52.615  1521 11862 D TheiaSocketClient: send message success
07-12 21:57:52.616  1279 16817 I vendor.qti.bluetooth@1.0-ibs_handler: ProcessIbsCmd: Received IBS_SLEEP_IND: 0xFE
07-12 21:57:52.616  1892 11981 I theia_socket: recv 4298113028:ApplicationFGCrash:1783873672615
07-12 21:57:52.616  1892 11981 I theia_socket: nowEvent is not KeyEvent
07-12 21:57:52.618  1383  1383 D OplusLayer: ~Layer() sequence=40882, name=e21b6e1 com.pryvn.audiophile/com.pryvn.audiophile.CrashActivity#0 0xb4000076b9032980
07-12 21:57:52.621  6262  6328 I Finsky  : [454] Installer package name of package com.android.settings is 
07-12 21:57:52.621  6262  6328 I Finsky  : [454] Installer package name of package com.coloros.gallery3d is 
07-12 21:57:52.621  6262  6328 I Finsky  : [454] Installer package name of package com.coloros.video is 
07-12 21:57:52.621  6262  6328 I Finsky  : [454] Installer package name of package com.heytap.browser is 
07-12 21:57:52.621  6262  6328 I Finsky  : [454] Installer package name of package com.heytap.themestore is com.google.android.packageinstaller
07-12 21:57:52.621  6262  6328 I Finsky  : [454] Installer package name of package com.oplus.camera is 
07-12 21:57:52.621  6262  6328 I Finsky  : [454] Installer package name of package com.sec.android.app.music is com.android.chrome
07-12 21:57:52.621  6262  6328 I Finsky  : [454] Installer package name of package com.shamim.cam is 
07-12 21:57:52.621  6262  6328 I Finsky  : [454] Installer package name of package com.snapchat.android is me.eternal.purrfect
07-12 21:57:52.621  6262  6328 I Finsky  : [454] Installer package name of package com.wmods.wppenhacer is com.android.chrome
07-12 21:57:52.621  6262  6328 I Finsky  : [454] Installer package name of package idm.internet.download.manager.plus is 
07-12 21:57:52.621  6262  6328 I Finsky  : [454] Installer package name of package io.github.a13e300.ksuwebui is 
07-12 21:57:52.621  6262  6328 I Finsky  : [454] Installer package name of package me.eternal.purrfect is org.telegram.messenger
07-12 21:57:52.621  1383  1383 D OplusMovieIdle: updateLayerStacks,mOmiSupport is not supoort
07-12 21:57:52.622  1383  1383 E CompositionEngine: map unknown (BT709 sRGB Full range)/(Unknown RenderIntent) to default color mode
07-12 21:57:52.622  1521  6946 I OplusHansManager : onUidGone(), 10526 com.pryvn.audiophile exit SM
07-12 21:57:52.623 11133 11221 V DeepThinker: ProcessManager: onProcessDied pid:9481, uid:10526
07-12 21:57:52.625  1521 10731 V OplusZoomWindowManagerService: onAnimationFinished:  r = ActivityRecord{c7bdbbd u0 com.pryvn.audiophile/.CrashActivity t1666 f}}
07-12 21:57:52.629  1521 10731 D TaskExtImpl: remove ActivityRecord{c7bdbbd u0 com.pryvn.audiophile/.CrashActivity t-1 f}} to mActivityRecordSum = Counter{ com.pryvn.audiophile/.CrashActivity(1) }
07-12 21:57:52.630  1521 10731 I OplusAccessController: enter isIgnoreAppSwitchActivity
07-12 21:57:52.630  1521 10731 I OplusAccessController: enter isIgnoreAppSwitchActivity and intent != null
07-12 21:57:52.630  1521 10731 I OplusAccessController: enter isIgnoreAppSwitchActivity and componentName != null
07-12 21:57:52.630  1521 10731 I OplusAccessController: enter isIgnoreAppSwitchActivity and packageName&activity is not Empty
07-12 21:57:52.631  1521 10731 V SensorManager: call sensorServiceCommonInterface name: setScreenShotDisable
07-12 21:57:52.631  1521 10731 D SensorService: SensorService sensorServiceCommonInterface = setScreenShotDisable
07-12 21:57:52.631  1521 10731 D SensorServiceImpl: SensorServiceExtImpl sensorServiceCommonInterface funcName= setScreenShotDisable , flag =0, status =0
07-12 21:57:52.636  1383  1383 D OplusMovieIdle: updateLayerStacks,mOmiSupport is not supoort
07-12 21:57:52.636  1383  1383 E CompositionEngine: map unknown (BT709 sRGB Full range)/(Unknown RenderIntent) to default color mode
07-12 21:57:52.639 11876 11885 E IHansComunication: HANS printMessageBody: RCVed message body: type = 0, port = 86870, caller_pid = 1521, caller_uid = 1000, target_pid = 2567, target_uid = 10437, pkg_cmd = -1
07-12 21:57:52.640 10857 10857 I yAF.TPLog.FrameworkService: onTrimMemory(10): clearing caches...
07-12 21:57:52.640 10857 10857 V e       : ClearCache[10] : Cache Size BEFORE = 0
07-12 21:57:52.640 10857 10857 W e       : ClearCache : Current cache size is lesser than the threshold of 2097152
07-12 21:57:52.640 16334 16334 I ONet:Application: (ActivityThread.java:6620)onTrimMemory
07-12 21:57:52.641  4882  4882 I GoogleTTSServiceImpl: Cache enabled: true
07-12 21:57:52.641  4882  4882 I LocalSynthesizer: #onTrimMemory
07-12 21:57:52.641  1521  6513 I OplusHansManager : unfreeze uid: 10437 pl.lambada.songsync pids: [2567] reason: AsyncBinder scene: LcdOn
07-12 21:57:52.644  6769  6769 I Finsky:background: [2] Memory trim requested to level 10
07-12 21:57:52.644  6262  6262 I Finsky  : [2] Memory trim requested to level 10
07-12 21:57:52.645  1521  6512 I OplusHansManager : uid=10437, pkg=pl.lambada.songsync, transition from Frozen to Middle, reason=AsyncBinder
07-12 21:57:52.645  1521  6512 I OplusHansManager : uid=10437, pkg=pl.lambada.songsync F exit(), reason=AsyncBinder
07-12 21:57:52.646  1521  6946 D OplusProxyWakeLock: remove uid: 10437 wiht all pids from wakelockUidInfo list
07-12 21:57:52.646  6262  6328 I Finsky  : [454] Installer package name of package moe.rukamori.archivetune is moe.rukamori.archivetune
07-12 21:57:52.646  6262  6328 I Finsky  : [454] Installer package name of package com.android.stk is 
07-12 21:57:52.646  6262  6328 I Finsky  : [454] Installer package name of package com.coloros.alarmclock is 
07-12 21:57:52.646  6262  6328 I Finsky  : [454] Installer package name of package com.coloros.calculator is 
07-12 21:57:52.646  6262  6328 I Finsky  : [454] Installer package name of package com.coloros.compass2 is 
07-12 21:57:52.646  6262  6328 I Finsky  : [454] Installer package name of package com.coloros.soundrecorder is 
07-12 21:57:52.646  6262  6328 I Finsky  : [454] Installer package name of package com.coloros.weather2 is 
07-12 21:57:52.646  6262  6328 I Finsky  : [454] Installer package name of package com.heytap.cloud is 
07-12 21:57:52.646  6262  6328 I Finsky  : [454] Installer package name of package com.oplus.games is 
07-12 21:57:52.646  6262  6328 I Finsky  : [454] Installer package name of package com.redteamobile.roaming is 
07-12 21:57:52.647  6262  6328 I Finsky  : [454] Installer package name of package air.com.hypah.io.slither is 
07-12 21:57:52.647  1521  2705 W ActivityManager: setHasOverlayUi called on unknown pid: 9481
07-12 21:57:52.647  6262  6328 I Finsky  : [454] Installer package name of package app.morphe.manager is app.morphe.manager
07-12 21:57:52.647  6262  6328 I Finsky  : [454] Installer package name of package com.audiophile.wave is com.coloros.filemanager
07-12 21:57:52.647  6262  6328 I Finsky  : [454] Installer package name of package com.coloros.note is 
07-12 21:57:52.647  6262  6328 I Finsky  : [454] Installer package name of package com.deniscerri.ytdl is 
07-12 21:57:52.647  6262  6328 I Finsky  : [454] Installer package name of package com.ecycle is com.android.chrome
07-12 21:57:52.647  6262  6328 I Finsky  : [454] Installer package name of package com.google.android.apps.podcasts is 
07-12 21:57:52.647  6262  6328 I Finsky  : [454] Installer package name of package com.google.android.apps.wallpaper is 
07-12 21:57:52.647  6262  6328 I Finsky  : [454] Installer package name of package com.oneplus.brickmode is 
07-12 21:57:52.648  6262  6328 I Finsky  : [454] Installer package name of package com.pryvn.audiophile is 
07-12 21:57:52.648  6262  6328 I Finsky  : [454] Installer package name of package com.reddit.frontpage is 
07-12 21:57:52.648  6262  6328 I Finsky  : [454] Installer package name of package com.slash.clipboard is 
07-12 21:57:52.648  6262  6328 I Finsky  : [454] Installer package name of package com.topjohnwu.magisk is com.topjohnwu.magisk
07-12 21:57:52.648  6262  6328 I Finsky  : [454] Installer package name of package com.tsng.hidemyapplist is 
07-12 21:57:52.648  6262  6328 I Finsky  : [454] Installer package name of package com.updateme is 
07-12 21:57:52.649  6262  6328 I Finsky  : [454] Installer package name of package io.github.chsbuffer.revancedxposed is com.android.chrome
07-12 21:57:52.649  6262  6328 I Finsky  : [454] Installer package name of package moe.shizuku.privileged.api is 
07-12 21:57:52.649  6262  6328 I Finsky  : [454] Installer package name of package org.adaway is pl.solidexplorer2
07-12 21:57:52.649  6262  6328 I Finsky  : [454] Installer package name of package pl.lambada.songsync is com.android.chrome
07-12 21:57:52.649  6262  6328 I Finsky  : [454] Installer package name of package yos.music.player is org.telegram.messenger
07-12 21:57:52.650 10517 10517 I AppBase : AppBase.onTrimMemory():280 onTrimMemory(): 10
07-12 21:57:52.651  1383  1383 D OplusLayer: ~Layer() sequence=40881, name=ActivityRecord{c7bdbbd u0 com.pryvn.audiophile/.CrashActivity#0 0xb4000076b4a406c0
07-12 21:57:52.651 10517 10517 I KeyboardDefCache: MemoryFileCache$1.onTrimMemory():124 clearMemory() for trim memory: 10
07-12 21:57:52.651 10517 10517 I KeyboardDefCache: MemoryFileCache.clearMemory():408 evictAll()
07-12 21:57:52.651 10517 10517 I GoogleInputMethodService: GoogleInputMethodService.onTrimMemory():3021 onTrimMemory(): 10
07-12 21:57:52.652  1383  1383 D OplusMovieIdle: updateLayerStacks,mOmiSupport is not supoort
07-12 21:57:52.652  1383  1383 E CompositionEngine: map unknown (BT709 sRGB Full range)/(Unknown RenderIntent) to default color mode
07-12 21:57:52.653  1521  2705 D CompatibilityChangeReporter: Compat change id reported: 135634846; UID 10526; state: DISABLED
07-12 21:57:52.654  1521  2705 D CompatibilityChangeReporter: Compat change id reported: 177438394; UID 10526; state: DISABLED
07-12 21:57:52.654  1521  2705 D CompatibilityChangeReporter: Compat change id reported: 135772972; UID 10526; state: DISABLED
07-12 21:57:52.654  1521  2705 D CompatibilityChangeReporter: Compat change id reported: 135754954; UID 10526; state: ENABLED
07-12 21:57:52.655  1521  2719 D CompatibilityChangeReporter: Compat change id reported: 143937733; UID 10526; state: ENABLED
07-12 21:57:52.660 16673 16900 V Avrcp_ext: onQueueChanged: NowPlaying list changed, Queue Size = 62
07-12 21:57:52.662 16673 16900 D Avrcp_ext: Exit onQueueChanged
07-12 21:57:52.663 16673 16900 V Avrcp_ext: updateCurrentMediaState: mMediaController: MediaController (moe.rukamori.archivetune@7ac589b) I Wanna Be Yours, Arctic Monkeys, AM
07-12 21:57:52.664 16673 16900 W Avrcp_ext: isMusicActive: true getBluetoothPlayState: 1 A2dp State: 10 mAudioPlaybackIsActive: true
07-12 21:57:52.664 16673 16900 D Avrcp_ext: isMusicActive = true mAudioPlaybackIsActive = true player state = PlaybackState {state=3, position=110335, buffered position=130121, speed=1.0, updated=176761160, actions=7340027, custom actions=[Action:mName='Like, mIcon=2131231030, mExtras=Bundle[EMPTY_PARCEL], Action:mName='Repeat mode off, mIcon=2131231505, mExtras=Bundle[EMPTY_PARCEL], Action:mName='Shuffle on, mIcon=2131231523, mExtras=Bundle[EMPTY_PARCEL], Action:mName='Start radio, mIcon=2131231501, mExtras=Bundle[EMPTY_PARCEL]], active item id=7, error=null}
07-12 21:57:52.665 16673 16900 D AvrcpBipRsp:  getImgHandle device :2C:BE:EB:C3:51:76 data :android.media.MediaMetadata@a298628f
07-12 21:57:52.665 16673 16900 W AvrcpBipRsp: getImgHandle bipSm null
07-12 21:57:52.665 16673 16900 I Avrcp_ext: device found at index 0
07-12 21:57:52.666 16673 16900 V Avrcp_ext: updateCurrentMediaState: addr: [B@40d2a63
07-12 21:57:52.666 16673 16900 V Avrcp_ext: Media update: id 7➡7? [MediaAttributes: I⋯s - AM by A⋯s (183981 0/0) - ] : [MediaAttributes: I⋯s - AM by A⋯s (183981 0/0) - ]
07-12 21:57:52.666 16673 16900 V Avrcp_ext: updatePlaybackState, state: PlaybackState {state=3, position=110335, buffered position=130121, speed=1.0, updated=176761160, actions=7340027, custom actions=[Action:mName='Like, mIcon=2131231030, mExtras=Bundle[EMPTY_PARCEL], Action:mName='Repeat mode off, mIcon=2131231505, mExtras=Bundle[EMPTY_PARCEL], Action:mName='Shuffle on, mIcon=2131231523, mExtras=Bundle[EMPTY_PARCEL], Action:mName='Start radio, mIcon=2131231501, mExtras=Bundle[EMPTY_PARCEL]], active item id=7, error=null} device: null
07-12 21:57:52.667 16673 16900 V Avrcp_ext: Device: CMF Neckband Pro : old state: PlaybackState {state=3, position=108624, buffered position=130121, speed=1.0, updated=176759449, actions=7340027, custom actions=[Action:mName='Like, mIcon=2131231030, mExtras=Bundle[EMPTY_PARCEL], Action:mName='Repeat mode off, mIcon=2131231505, mExtras=Bundle[EMPTY_PARCEL], Action:mName='Shuffle on, mIcon=2131231523, mExtras=Bundle[EMPTY_PARCEL], Action:mName='Start radio, mIcon=2131231501, mExtras=Bundle[EMPTY_PARCEL]], active item id=7, error=null}
07-12 21:57:52.668 16673 16900 V Avrcp_ext: Device: DESKTOP-OVTSEPH : old state: PlaybackState {state=6, position=24432, buffered position=24432, speed=0.0, updated=176207497, actions=7340027, custom actions=[Action:mName='Like, mIcon=2131231030, mExtras=Bundle[EMPTY_PARCEL], Action:mName='Repeat mode off, mIcon=2131231505, mExtras=Bundle[EMPTY_PARCEL], Action:mName='Shuffle on, mIcon=2131231523, mExtras=Bundle[EMPTY_PARCEL], Action:mName='Start radio, mIcon=2131231501, mExtras=Bundle[EMPTY_PARCEL]], active item id=5, error=null}
07-12 21:57:52.668 16673 16900 V Avrcp_ext: Device: no name: 
07-12 21:57:52.668 16673 16900 V Avrcp_ext: Device: no name: 
07-12 21:57:52.668 16673 16900 V Avrcp_ext: Device: no name: 
07-12 21:57:52.668 16673 16900 E HeadsetStateMachine: returning mCurrentState as Connected
07-12 21:57:52.668 16673 16900 E HeadsetStateMachine: returning mCurrentState as Connected
07-12 21:57:52.668 16673 16900 D HeadsetService:  isAudioOn: The number of audio connected devices 0
07-12 21:57:52.668 16673 16900 D HeadsetService: isScoOrCallActive(): Call Active:falseCall is Ringing:falseSCO is Active:false
07-12 21:57:52.668 16673 16900 E HeadsetStateMachine: returning mCurrentState as Connected
07-12 21:57:52.668 16673 16900 E HeadsetStateMachine: returning mCurrentState as Connected
07-12 21:57:52.668 16673 16900 D HeadsetService:  isAudioOn: The number of audio connected devices 0
07-12 21:57:52.668 16673 16900 V Avrcp_ext: isPlayStateTobeUpdated: device: 2C:BE:EB:C3:51:76
07-12 21:57:52.668 16673 16900 V Avrcp_ext: Multiple connection exists in handoff
07-12 21:57:52.668 16673 16900 I BluetoothAvrcpServiceJni: isDeviceActiveInHandOffNative: sBluetoothAvrcpInterface: 0x734dc3f2c8
07-12 21:57:52.668 16673 16900 I BluetoothAvrcpServiceJni: isDeviceActiveInHandOffNative: status: 0
07-12 21:57:52.668 16673 16900 V Avrcp_ext: Device Active in handoff scenario
07-12 21:57:52.668 16673 16900 I Avrcp_ext: updatePlayStatusForDevice: device: 2C:BE:EB:C3:51:76
07-12 21:57:52.669 16673 16900 I Avrcp_ext: Exit updatePlayStatusForDevice
07-12 21:57:52.669 16673 16900 E HeadsetStateMachine: returning mCurrentState as Connected
07-12 21:57:52.669 16673 16900 E HeadsetStateMachine: returning mCurrentState as Connected
07-12 21:57:52.669 16673 16900 D HeadsetService:  isAudioOn: The number of audio connected devices 0
07-12 21:57:52.669 16673 16900 D HeadsetService: isScoOrCallActive(): Call Active:falseCall is Ringing:falseSCO is Active:false
07-12 21:57:52.669 16673 16900 E HeadsetStateMachine: returning mCurrentState as Connected
07-12 21:57:52.669 16673 16900 E HeadsetStateMachine: returning mCurrentState as Connected
07-12 21:57:52.669 16673 16900 D HeadsetService:  isAudioOn: The number of audio connected devices 0
07-12 21:57:52.669 16673 16900 V Avrcp_ext: isPlayStateTobeUpdated: device: A0:A8:CD:CA:18:D0
07-12 21:57:52.669 16673 16900 V Avrcp_ext: Multiple connection exists in handoff
07-12 21:57:52.669 16673 16900 I BluetoothAvrcpServiceJni: isDeviceActiveInHandOffNative: sBluetoothAvrcpInterface: 0x734dc3f2c8
07-12 21:57:52.669 16673 16900 E bt_btif : is_device_active_in_handoff: AV is not connected for the device
07-12 21:57:52.669 16673 16900 I BluetoothAvrcpServiceJni: isDeviceActiveInHandOffNative: status: 1
07-12 21:57:52.669 16673 16900 V Avrcp_ext: Device Not Active in handoff scenario
07-12 21:57:52.669 16673 16900 I Avrcp_ext: A2dpSupported true AvrcpSupported true
07-12 21:57:52.669 16673 16900 E HeadsetStateMachine: returning mCurrentState as Connected
07-12 21:57:52.669 16673 16900 E HeadsetStateMachine: returning mCurrentState as Connected
07-12 21:57:52.669 16673 16900 D HeadsetService:  isAudioOn: The number of audio connected devices 0
07-12 21:57:52.669 16673 16900 D HeadsetService: isScoOrCallActive(): Call Active:falseCall is Ringing:falseSCO is Active:false
07-12 21:57:52.669 16673 16900 E HeadsetStateMachine: returning mCurrentState as Connected
07-12 21:57:52.669 16673 16900 E HeadsetStateMachine: returning mCurrentState as Connected
07-12 21:57:52.669 16673 16900 D HeadsetService:  isAudioOn: The number of audio connected devices 0
07-12 21:57:52.669 16673 16900 V Avrcp_ext: isPlayStateTobeUpdated: device: null
07-12 21:57:52.669 16673 16900 V Avrcp_ext: Multiple connection exists in handoff
07-12 21:57:52.669 16673 16900 V Avrcp_ext: Device Not Active in handoff scenario
07-12 21:57:52.669 16673 16900 E HeadsetStateMachine: returning mCurrentState as Connected
07-12 21:57:52.669 16673 16900 E HeadsetStateMachine: returning mCurrentState as Connected
07-12 21:57:52.669 16673 16900 D HeadsetService:  isAudioOn: The number of audio connected devices 0
07-12 21:57:52.669 16673 16900 D HeadsetService: isScoOrCallActive(): Call Active:falseCall is Ringing:falseSCO is Active:false
07-12 21:57:52.669 16673 16900 E HeadsetStateMachine: returning mCurrentState as Connected
07-12 21:57:52.669 16673 16900 E HeadsetStateMachine: returning mCurrentState as Connected
07-12 21:57:52.669 16673 16900 D HeadsetService:  isAudioOn: The number of audio connected devices 0
07-12 21:57:52.669 16673 16900 V Avrcp_ext: isPlayStateTobeUpdated: device: null
07-12 21:57:52.669 16673 16900 V Avrcp_ext: Multiple connection exists in handoff
07-12 21:57:52.669 16673 16900 V Avrcp_ext: Device Not Active in handoff scenario
07-12 21:57:52.669 16673 16900 E HeadsetStateMachine: returning mCurrentState as Connected
07-12 21:57:52.669 16673 16900 E HeadsetStateMachine: returning mCurrentState as Connected
07-12 21:57:52.669 16673 16900 D HeadsetService:  isAudioOn: The number of audio connected devices 0
07-12 21:57:52.669 16673 16900 D HeadsetService: isScoOrCallActive(): Call Active:falseCall is Ringing:falseSCO is Active:false
07-12 21:57:52.669 16673 16900 E HeadsetStateMachine: returning mCurrentState as Connected
07-12 21:57:52.669 16673 16900 E HeadsetStateMachine: returning mCurrentState as Connected
07-12 21:57:52.669 16673 16900 D HeadsetService:  isAudioOn: The number of audio connected devices 0
07-12 21:57:52.669 16673 16900 V Avrcp_ext: isPlayStateTobeUpdated: device: null
07-12 21:57:52.669 16673 16900 V Avrcp_ext: Multiple connection exists in handoff
07-12 21:57:52.669 16673 16900 V Avrcp_ext: Device Not Active in handoff scenario
07-12 21:57:52.669 16673 16900 D Avrcp_ext: Enter sendPlayPosNotificationRsp
07-12 21:57:52.669 16673 16900 D Avrcp_ext: Enter sendPlayPosNotificationRsp
07-12 21:57:52.669 16673 16900 D Avrcp_ext: Enter sendPlayPosNotificationRsp
07-12 21:57:52.669 16673 16900 D Avrcp_ext: Enter sendPlayPosNotificationRsp
07-12 21:57:52.669 16673 16900 D Avrcp_ext: Enter sendPlayPosNotificationRsp
07-12 21:57:52.669 16673 16900 V Avrcp_ext: Exit updatePlayerStateAndPosition
07-12 21:57:52.669 16673 16900 V Avrcp_ext: Exit handleMessage
07-12 21:57:52.672  1143  1143 D Zygote  : Forked child process 9552
07-12 21:57:52.675  1521  2719 E PerformanceManager: addTaskTrackPid failed.
07-12 21:57:52.675  1521  2719 E PerformanceManager: android.os.RemoteException: HwBinder Error: (-74)
07-12 21:57:52.675  1521  2719 E PerformanceManager: 	at android.os.HwRemoteBinder.transact(Native Method)
07-12 21:57:52.675  1521  2719 E PerformanceManager: 	at vendor.oplus.hardware.performance.V1_0.IPerformance$Proxy.addTaskTrackPid(IPerformance.java:2623)
07-12 21:57:52.675  1521  2719 E PerformanceManager: 	at android.os.PerformanceManager.addTaskTrackPid(PerformanceManager.java:859)
07-12 21:57:52.675  1521  2719 E PerformanceManager: 	at com.android.server.am.ProcessList.startProcess(ProcessList.java:2542)
07-12 21:57:52.675  1521  2719 E PerformanceManager: 	at com.android.server.am.ProcessList.handleProcessStart(ProcessList.java:2269)
07-12 21:57:52.675  1521  2719 E PerformanceManager: 	at com.android.server.am.ProcessList.lambda$startProcessLocked$0$ProcessList(ProcessList.java:2188)
07-12 21:57:52.675  1521  2719 E PerformanceManager: 	at com.android.server.am.ProcessList$$ExternalSyntheticLambda1.run(dex-id-9f94b5d14f8ba49c388a6efb5e01394711ca3df5:22)
07-12 21:57:52.675  1521  2719 E PerformanceManager: 	at android.os.Handler.handleCallback(Handler.java:938)
07-12 21:57:52.675  1521  2719 E PerformanceManager: 	at android.os.Handler.dispatchMessage(Handler.java:99)
07-12 21:57:52.675  1521  2719 E PerformanceManager: 	at android.os.Looper.loopOnce(Looper.java:233)
07-12 21:57:52.675  1521  2719 E PerformanceManager: 	at android.os.Looper.loop(Looper.java:344)
07-12 21:57:52.675  1521  2719 E PerformanceManager: 	at android.os.HandlerThread.run(HandlerThread.java:67)
07-12 21:57:52.675  1521  2719 E PerformanceManager: 	at com.android.server.ServiceThread.run(ServiceThread.java:44)
07-12 21:57:52.676  1521  2719 I ActivityManager: Start proc 9552:com.pryvn.audiophile/u0a526 for top-activity {com.pryvn.audiophile/com.pryvn.audiophile.CrashActivity}
07-12 21:57:52.687  1299  8046 E ANDR-PERF-LM: StatsProvider: stats_nl_error_callback() 110: NL SOC receive error: No such process
07-12 21:57:52.687  1299  8046 E ANDR-PERF-LM: StatsProvider: sendRecvData() 267: nl_recvmsgs failed return=-12
07-12 21:57:52.687  1299  8046 E ANDR-PERF-LM: StatsProvider: getPIDStats() 119: sendRecvData returned error = -4
07-12 21:57:52.699  1294  4415 I WifiHAL : event received NL80211_CMD_VENDOR, vendor_id = 0x1374, subcmd = 0xd
07-12 21:57:52.711  9552  9552 I ryvn.audiophil: Late-enabling -Xcheck:jni
07-12 21:57:52.720  8894  9551 D AudioNormalization: Audio normalization enabled: true
07-12 21:57:52.720  8894  5935 D DiscordSync: sync epoch=378 reason=timeline_or_position_discontinuity force=true effectiveForce=true songId=nyuo9-OjNNg playWhenReady=true playbackState=3 isPlaying=true semantic=PlayingReady raw=Hidden(reason=NoToken) decision=Hidden(reason=NoToken) holdState=null lastAppliedVisible=null refreshWaiters=0
07-12 21:57:52.721  8894  5935 D DiscordSync: apply decision epoch=378 decision=Hidden(reason=NoToken) tokenPresent=false songId=nyuo9-OjNNg
07-12 21:57:52.721  8894  5935 D DiscordSync: hold state transition previous=null next=null
07-12 21:57:52.721  8894  5935 V DiscordSync: hold timeout job unchanged for holdState=null
07-12 21:57:52.721  8894  5935 V DiscordSync: no token available for terminal clear; stopping manager only
07-12 21:57:52.722  8894  9551 D AudioNormalization: Format loudnessDb: -1.9703083, perceptualLoudnessDb: -8.970308
07-12 21:57:52.723  8894  9551 D AudioNormalization: Normalization factor clamped from 2.8087652 to 1.414
07-12 21:57:52.723  8894  9551 I AudioNormalization: Applying normalization factor: 1.414
07-12 21:57:52.741 16673 16900 V Avrcp_ext: onQueueChanged: NowPlaying list changed, Queue Size = 62
07-12 21:57:52.741 16673 16900 D Avrcp_ext: Exit onQueueChanged
07-12 21:57:52.742 16673 16900 V Avrcp_ext: updateCurrentMediaState: mMediaController: MediaController (moe.rukamori.archivetune@7ac589b) I Wanna Be Yours, Arctic Monkeys, AM
07-12 21:57:52.743 16673 16900 W Avrcp_ext: isMusicActive: true getBluetoothPlayState: 1 A2dp State: 10 mAudioPlaybackIsActive: true
07-12 21:57:52.743 16673 16900 D Avrcp_ext: isMusicActive = true mAudioPlaybackIsActive = true player state = PlaybackState {state=3, position=110414, buffered position=130121, speed=1.0, updated=176761239, actions=7340027, custom actions=[Action:mName='Like, mIcon=2131231030, mExtras=Bundle[EMPTY_PARCEL], Action:mName='Repeat mode off, mIcon=2131231505, mExtras=Bundle[EMPTY_PARCEL], Action:mName='Shuffle on, mIcon=2131231523, mExtras=Bundle[EMPTY_PARCEL], Action:mName='Start radio, mIcon=2131231501, mExtras=Bundle[EMPTY_PARCEL]], active item id=7, error=null}
07-12 21:57:52.744 16673 16900 D AvrcpBipRsp:  getImgHandle device :2C:BE:EB:C3:51:76 data :android.media.MediaMetadata@a298628f
07-12 21:57:52.744 16673 16900 W AvrcpBipRsp: getImgHandle bipSm null
07-12 21:57:52.744 16673 16900 I Avrcp_ext: device found at index 0
07-12 21:57:52.744 16673 16900 V Avrcp_ext: updateCurrentMediaState: addr: [B@f2c4fea
07-12 21:57:52.744 16673 16900 V Avrcp_ext: Media update: id 7➡7? [MediaAttributes: I⋯s - AM by A⋯s (183981 0/0) - ] : [MediaAttributes: I⋯s - AM by A⋯s (183981 0/0) - ]
07-12 21:57:52.744 16673 16900 V Avrcp_ext: updatePlaybackState, state: PlaybackState {state=3, position=110414, buffered position=130121, speed=1.0, updated=176761239, actions=7340027, custom actions=[Action:mName='Like, mIcon=2131231030, mExtras=Bundle[EMPTY_PARCEL], Action:mName='Repeat mode off, mIcon=2131231505, mExtras=Bundle[EMPTY_PARCEL], Action:mName='Shuffle on, mIcon=2131231523, mExtras=Bundle[EMPTY_PARCEL], Action:mName='Start radio, mIcon=2131231501, mExtras=Bundle[EMPTY_PARCEL]], active item id=7, error=null} device: null
07-12 21:57:52.745 16673 16900 V Avrcp_ext: Device: CMF Neckband Pro : old state: PlaybackState {state=3, position=110335, buffered position=130121, speed=1.0, updated=176761160, actions=7340027, custom actions=[Action:mName='Like, mIcon=2131231030, mExtras=Bundle[EMPTY_PARCEL], Action:mName='Repeat mode off, mIcon=2131231505, mExtras=Bundle[EMPTY_PARCEL], Action:mName='Shuffle on, mIcon=2131231523, mExtras=Bundle[EMPTY_PARCEL], Action:mName='Start radio, mIcon=2131231501, mExtras=Bundle[EMPTY_PARCEL]], active item id=7, error=null}
07-12 21:57:52.748 16673 16900 V Avrcp_ext: Device: DESKTOP-OVTSEPH : old state: PlaybackState {state=6, position=24432, buffered position=24432, speed=0.0, updated=176207497, actions=7340027, custom actions=[Action:mName='Like, mIcon=2131231030, mExtras=Bundle[EMPTY_PARCEL], Action:mName='Repeat mode off, mIcon=2131231505, mExtras=Bundle[EMPTY_PARCEL], Action:mName='Shuffle on, mIcon=2131231523, mExtras=Bundle[EMPTY_PARCEL], Action:mName='Start radio, mIcon=2131231501, mExtras=Bundle[EMPTY_PARCEL]], active item id=5, error=null}
07-12 21:57:52.748 16673 16900 V Avrcp_ext: Device: no name: 
07-12 21:57:52.748 16673 16900 V Avrcp_ext: Device: no name: 
07-12 21:57:52.748 16673 16900 V Avrcp_ext: Device: no name: 
07-12 21:57:52.748 16673 16900 E HeadsetStateMachine: returning mCurrentState as Connected
07-12 21:57:52.748 16673 16900 E HeadsetStateMachine: returning mCurrentState as Connected
07-12 21:57:52.748 16673 16900 D HeadsetService:  isAudioOn: The number of audio connected devices 0
07-12 21:57:52.748 16673 16900 D HeadsetService: isScoOrCallActive(): Call Active:falseCall is Ringing:falseSCO is Active:false
07-12 21:57:52.748 16673 16900 E HeadsetStateMachine: returning mCurrentState as Connected
07-12 21:57:52.748 16673 16900 E HeadsetStateMachine: returning mCurrentState as Connected
07-12 21:57:52.748 16673 16900 D HeadsetService:  isAudioOn: The number of audio connected devices 0
07-12 21:57:52.748 16673 16900 V Avrcp_ext: isPlayStateTobeUpdated: device: 2C:BE:EB:C3:51:76
07-12 21:57:52.748 16673 16900 V Avrcp_ext: Multiple connection exists in handoff
07-12 21:57:52.748 16673 16900 I BluetoothAvrcpServiceJni: isDeviceActiveInHandOffNative: sBluetoothAvrcpInterface: 0x734dc3f2c8
07-12 21:57:52.748 16673 16900 I BluetoothAvrcpServiceJni: isDeviceActiveInHandOffNative: status: 0
07-12 21:57:52.748 16673 16900 V Avrcp_ext: Device Active in handoff scenario
07-12 21:57:52.748 16673 16900 I Avrcp_ext: updatePlayStatusForDevice: device: 2C:BE:EB:C3:51:76
07-12 21:57:52.748 16673 16900 I Avrcp_ext: Exit updatePlayStatusForDevice
07-12 21:57:52.748 31145  8687 I LSPosed-Bridge: Service Connected: com.wmods.wppenhacer.xposed.bridge.WaeIIFace$Stub$Proxy@9e8169f
07-12 21:57:52.748 16673 16900 E HeadsetStateMachine: returning mCurrentState as Connected
07-12 21:57:52.749 16673 16900 E HeadsetStateMachine: returning mCurrentState as Connected
07-12 21:57:52.749 16673 16900 D HeadsetService:  isAudioOn: The number of audio connected devices 0
07-12 21:57:52.749 16673 16900 D HeadsetService: isScoOrCallActive(): Call Active:falseCall is Ringing:falseSCO is Active:false
07-12 21:57:52.749 16673 16900 E HeadsetStateMachine: returning mCurrentState as Connected
07-12 21:57:52.749 16673 16900 E HeadsetStateMachine: returning mCurrentState as Connected
07-12 21:57:52.749 16673 16900 D HeadsetService:  isAudioOn: The number of audio connected devices 0
07-12 21:57:52.749 16673 16900 V Avrcp_ext: isPlayStateTobeUpdated: device: A0:A8:CD:CA:18:D0
07-12 21:57:52.749 16673 16900 V Avrcp_ext: Multiple connection exists in handoff
07-12 21:57:52.749 16673 16900 I BluetoothAvrcpServiceJni: isDeviceActiveInHandOffNative: sBluetoothAvrcpInterface: 0x734dc3f2c8
07-12 21:57:52.749 16673 16900 E bt_btif : is_device_active_in_handoff: AV is not connected for the device
07-12 21:57:52.749 16673 16900 I BluetoothAvrcpServiceJni: isDeviceActiveInHandOffNative: status: 1
07-12 21:57:52.749 16673 16900 V Avrcp_ext: Device Not Active in handoff scenario
07-12 21:57:52.749 16673 16900 I Avrcp_ext: A2dpSupported true AvrcpSupported true
07-12 21:57:52.749 16673 16900 E HeadsetStateMachine: returning mCurrentState as Connected
07-12 21:57:52.749 16673 16900 E HeadsetStateMachine: returning mCurrentState as Connected
07-12 21:57:52.749 16673 16900 D HeadsetService:  isAudioOn: The number of audio connected devices 0
07-12 21:57:52.749 16673 16900 D HeadsetService: isScoOrCallActive(): Call Active:falseCall is Ringing:falseSCO is Active:false
07-12 21:57:52.750 16673 16900 E HeadsetStateMachine: returning mCurrentState as Connected
07-12 21:57:52.750 16673 16900 E HeadsetStateMachine: returning mCurrentState as Connected
07-12 21:57:52.750 16673 16900 D HeadsetService:  isAudioOn: The number of audio connected devices 0
07-12 21:57:52.750 16673 16900 V Avrcp_ext: isPlayStateTobeUpdated: device: null
07-12 21:57:52.750 16673 16900 V Avrcp_ext: Multiple connection exists in handoff
07-12 21:57:52.750 16673 16900 V Avrcp_ext: Device Not Active in handoff scenario
07-12 21:57:52.750 16673 16900 E HeadsetStateMachine: returning mCurrentState as Connected
07-12 21:57:52.750 16673 16900 E HeadsetStateMachine: returning mCurrentState as Connected
07-12 21:57:52.750 16673 16900 D HeadsetService:  isAudioOn: The number of audio connected devices 0
07-12 21:57:52.750 16673 16900 D HeadsetService: isScoOrCallActive(): Call Active:falseCall is Ringing:falseSCO is Active:false
07-12 21:57:52.750 16673 16900 E HeadsetStateMachine: returning mCurrentState as Connected
07-12 21:57:52.750 16673 16900 E HeadsetStateMachine: returning mCurrentState as Connected
07-12 21:57:52.750 16673 16900 D HeadsetService:  isAudioOn: The number of audio connected devices 0
07-12 21:57:52.750 16673 16900 V Avrcp_ext: isPlayStateTobeUpdated: device: null
07-12 21:57:52.750 16673 16900 V Avrcp_ext: Multiple connection exists in handoff
07-12 21:57:52.750 16673 16900 V Avrcp_ext: Device Not Active in handoff scenario
07-12 21:57:52.750 16673 16900 E HeadsetStateMachine: returning mCurrentState as Connected
07-12 21:57:52.750 16673 16900 E HeadsetStateMachine: returning mCurrentState as Connected
07-12 21:57:52.750 16673 16900 D HeadsetService:  isAudioOn: The number of audio connected devices 0
07-12 21:57:52.750 16673 16900 D HeadsetService: isScoOrCallActive(): Call Active:falseCall is Ringing:falseSCO is Active:false
07-12 21:57:52.750 16673 16900 E HeadsetStateMachine: returning mCurrentState as Connected
07-12 21:57:52.750 16673 16900 E HeadsetStateMachine: returning mCurrentState as Connected
07-12 21:57:52.750 16673 16900 D HeadsetService:  isAudioOn: The number of audio connected devices 0
07-12 21:57:52.750 16673 16900 V Avrcp_ext: isPlayStateTobeUpdated: device: null
07-12 21:57:52.750 16673 16900 V Avrcp_ext: Multiple connection exists in handoff
07-12 21:57:52.750 16673 16900 V Avrcp_ext: Device Not Active in handoff scenario
07-12 21:57:52.750 16673 16900 D Avrcp_ext: Enter sendPlayPosNotificationRsp
07-12 21:57:52.750 16673 16900 D Avrcp_ext: Enter sendPlayPosNotificationRsp
07-12 21:57:52.750 16673 16900 D Avrcp_ext: Enter sendPlayPosNotificationRsp
07-12 21:57:52.750 16673 16900 D Avrcp_ext: Enter sendPlayPosNotificationRsp
07-12 21:57:52.750 16673 16900 D Avrcp_ext: Enter sendPlayPosNotificationRsp
07-12 21:57:52.750 16673 16900 V Avrcp_ext: Exit updatePlayerStateAndPosition
07-12 21:57:52.750 16673 16900 V Avrcp_ext: Exit handleMessage
07-12 21:57:52.753  8894  5939 D DiscordSync: sync epoch=379 reason=timeline_or_position_discontinuity force=true effectiveForce=true songId=nyuo9-OjNNg playWhenReady=true playbackState=3 isPlaying=true semantic=PlayingReady raw=Hidden(reason=NoToken) decision=Hidden(reason=NoToken) holdState=null lastAppliedVisible=null refreshWaiters=0
07-12 21:57:52.754  8894  5939 D DiscordSync: apply decision epoch=379 decision=Hidden(reason=NoToken) tokenPresent=false songId=nyuo9-OjNNg
07-12 21:57:52.754  8894  5939 D DiscordSync: hold state transition previous=null next=null
07-12 21:57:52.754  8894  5939 V DiscordSync: hold timeout job unchanged for holdState=null
07-12 21:57:52.754  8894  5939 V DiscordSync: no token available for terminal clear; stopping manager only
07-12 21:57:52.760  3779  3779 I adbd    : adbd service requested 'shell,v2:export ANDROID_LOG_TAGS=''; exec logcat'
07-12 21:57:52.763  9552  9552 E ryvn.audiophil: Unknown bits set in runtime_flags: 0x40000000
07-12 21:57:52.763  9552  9552 I ryvn.audiophil: Using generational CollectorTypeCC GC.
07-12 21:57:52.768  3779  3794 I adbd    : jdwp connection from 9552
07-12 21:57:52.770  9552  9552 D ProcessState: Binder ioctl to enable oneway spam detection failed: Invalid argument
07-12 21:57:52.780  1276 21605 D DlbDap2Process: process() called [8129500] times
07-12 21:57:52.808  9552  9552 I OneTrace: Mark active for pid=9552? true
07-12 21:57:52.808  9552  9552 D cutils-dev: otrace_set_tracing_enabled? true
07-12 21:57:52.812  1299  1299 E vendor.qti.hardware.perf@2.2-service: Unknown params
07-12 21:57:52.813  1299  1380 E ANDR-PERF-LM: MetaMeter: handleAsync() 164: AdaptLaunch Invalid Async
07-12 21:57:52.813  9552  9560 D cutils-dev: properties changed in otrace_seq_number_changed!
07-12 21:57:52.817  1521  6326 I ActivityTaskManager: The Process com.pryvn.audiophile Already Exists in BG. So sending its PID: 9552
07-12 21:57:52.817  1299  1299 E vendor.qti.hardware.perf@2.2-service: Unknown params
07-12 21:57:52.818  1299  1380 E ANDR-PERF-LM: MetaMeter: handleAsync() 164: AdaptLaunch Invalid Async
07-12 21:57:52.818  1299  1380 W ANDR-PERF-LM: MetaMeter: handlePrimaryAsync() 116: PreKill MetaMeter. No MeterMgr Available to handle this Primary Async. !!!!
07-12 21:57:52.819  1521  6326 D OplusDexOptimizeManager: Do not in AppLaunchOptList!
07-12 21:57:52.823  1521  6326 I InputDispatcher: setFocusedApplication displayId=0 ActivityRecord{78225de u0 com.pryvn.audiophile/.CrashActivity t1666}
07-12 21:57:52.824  1326  1326 E PerformanceService: Failed to open /proc/sys/kernel/sched_impt_tgid (2): No such file or directory, Linux version 4.14.180
07-12 21:57:52.825  1323  1323 E ORMS_HAL: open /sys/devices/platform/soc/soc:oplus-omrg/oplus-omrg0/ruler_enable failed(No such file or directory)
07-12 21:57:52.826  1323  1323 E ORMS_HAL: open /sys/devices/platform/soc/soc:oplus-omrg/oplus-omrg0/ruler_enable failed(No such file or directory)
07-12 21:57:52.829  1521  2706 D CompactWindowManagerService: updateBackgroundSurface openingApp: ActivityRecord{78225de u0 com.pryvn.audiophile/.CrashActivity t1666}
07-12 21:57:52.830  1521  2706 D ActivityRecordExtImpl: setting mUseTransferredAnimation to false for ActivityRecord{78225de u0 com.pryvn.audiophile/.CrashActivity t1666}
07-12 21:57:52.830  7635 16273 D OplusAtlas.OplusAtlasEventDispatch: setEvent:atlas_event_on_foreground_activities_changed info:pid:9552,uid:10526,hasForegroundActivities:1
07-12 21:57:52.830  7635 10648 D OplusAtlas.OplusAudioScene: callback success event:atlas_event_on_foreground_activities_changed eventInfo:pid:9552,uid:10526,hasForegroundActivities:1
07-12 21:57:52.830  1521  2706 I OplusAppSwitchManagerService:  handleAppVisible , r = ActivityRecord{78225de u0 com.pryvn.audiophile/.CrashActivity t1666}
07-12 21:57:52.831  7635 10663 D OplusAtlas.OplusMessageHandler: handleMessage: Msg { when=0 what=2 obj=com.oplus.atlas.OplusAtlasEvent@9266c68 target=com.oplus.atlas.OplusMessageHandler$MyHandler }
07-12 21:57:52.831  9552  9552 D CompatibilityChangeReporter: Compat change id reported: 171979766; UID 10526; state: ENABLED
07-12 21:57:52.832  9552  9552 I oplus.android.OplusFrameworkFactoryImpl: get feature:IOplusAutoResolutionFeature
07-12 21:57:52.832  9552  9552 I oplus.android.OplusFrameworkFactoryImpl: getOplusAutoResolutionFeature
07-12 21:57:52.832 11133 11221 V DeepThinker: ProcessManager: onForegroundActivitiesChanged pid:9552, uid:10526, foregroundActivities:true
07-12 21:57:52.832  9552  9552 D CompactWindowAppManager: initCompactApplicationInfo 
07-12 21:57:52.832  1299  1379 E ANDR-PERF-OPTSHANDLER: Perflock resource /sys/class/devfreq/soc:qcom,cpubw/bw_hwmon/io_percent not supported
07-12 21:57:52.833  1299  1379 E ANDR-PERF-RESOURCEQS: Failed to apply optimization [6, 2]
07-12 21:57:52.833  1299  1379 E ANDR-PERF-OPTSHANDLER: Perflock resource /sys/class/devfreq/soc:qcom,cpubw/bw_hwmon/sample_ms not supported
07-12 21:57:52.833  1299  1379 E ANDR-PERF-RESOURCEQS: Failed to apply optimization [6, 8]
07-12 21:57:52.833  1299  1379 E ANDR-PERF-OPTSHANDLER: Perflock resource SPECIAL_NODE - cpubw_hwmon_hyst_opt not supported
07-12 21:57:52.833  1299  1379 E ANDR-PERF-RESOURCEQS: Failed to apply optimization [6, 3]
07-12 21:57:52.833  1299  1379 E ANDR-PERF-OPTSHANDLER: Perflock resource /sys/class/devfreq/soc:qcom,cpubw/min_freq not supported
07-12 21:57:52.833  1299  1379 E ANDR-PERF-RESOURCEQS: Failed to apply optimization [6, 0]
07-12 21:57:52.833  1299  1379 E ANDR-PERF-OPTSHANDLER: Perflock resource /sys/class/devfreq/soc:qcom,cpubw/max_freq not supported
07-12 21:57:52.833  1299  1379 E ANDR-PERF-RESOURCEQS: Failed to apply optimization [6, 6]
07-12 21:57:52.850  1383  1383 D OplusMovieIdle: updateLayerStacks,mOmiSupport is not supoort
07-12 21:57:52.850  1383  1383 E CompositionEngine: map unknown (BT709 sRGB Full range)/(Unknown RenderIntent) to default color mode
07-12 21:57:52.878  9552  9552 I OplusFeatureCache: Milliseconds spent on init(): 32
07-12 21:57:52.881  9552  9552 D LoadedApk: mApplicationInfo overrideDisplayId:null
07-12 21:57:52.890  1279 16817 I vendor.qti.bluetooth@1.0-ibs_handler: ProcessIbsCmd: Received IBS_WAKE_IND: 0xFD
07-12 21:57:52.890  1279 16817 I vendor.qti.bluetooth@1.0-ibs_handler: ProcessIbsCmd: Writing IBS_WAKE_ACK
07-12 21:57:52.891  1299  8047 E ANDR-PERF-LM: StatsProvider: stats_nl_error_callback() 110: NL SOC receive error: No such process
07-12 21:57:52.891  1299  8047 E ANDR-PERF-LM: StatsProvider: sendRecvData() 267: nl_recvmsgs failed return=-12
07-12 21:57:52.891  1299  8047 E ANDR-PERF-LM: StatsProvider: getPIDStats() 119: sendRecvData returned error = -4
07-12 21:57:52.916  3949  3949 D OplusPrivacyDotViewController: scheduleUpdate: 
07-12 21:57:52.955 10905 11357 I Athena  : CommonAction: 0,1494,145,13.632903,22
