07-12 20:42:58.302 13326 13326 D WindowManager: Add to mViews: DecorView@47a6a0b[CrashActivity],pkg= com.pryvn.audiophile
07-12 20:42:58.303  6235 11071 E Battery : AppStats: Uid = 10520; pkgName = com.pryvn.audiophile; CpuFgTime = 0 ms; CpuBgTime = -459427 ms.
07-12 20:42:58.303  6235 11071 E Battery : AppStats: Uid = 10520; pkgName = com.pryvn.audiophile; CpuKernelFgTime = 0 ms; CpuKernelBgTime = -16892 ms.
07-12 20:42:58.303  6235 11071 E Battery : AppStats: Uid = 10520; pkgName = com.pryvn.audiophile; CpuUserFgTime = 0 ms ; CpuUserBgTime = -442535 ms.
07-12 20:42:58.303  6235 11071 E Battery : AppStats: Uid = 10520; pkgName = com.pryvn.audiophile; CpuFgPower = 0.0 mAh.; CpuBgPower = -28.523015595555556 mAh.
07-12 20:42:58.303  6235 11071 E Battery : AppStats: Uid = 10520; pkgName = com.pryvn.audiophile; AlarmFgWakeupCount = 0; AlarmBgWakeupCount = 0
07-12 20:42:58.303  6235 11071 E Battery : AppStats: Uid = 10520; pkgName = com.pryvn.audiophile; JobFgCount = 0; JobBgCount = 0; JobFgTime = 0; JobBgTime = 0
07-12 20:42:58.303  6235 11071 E Battery : AppStats: Uid = 10520; pkgName = com.pryvn.audiophile; SyncFgCount = 0; SyncBgCount = 0; SyncFgTime = 0; SyncBgTime = 0
07-12 20:42:58.303  6235 11071 E Battery : AppStats: Uid = 10520; pkgName = com.pryvn.audiophile; WakeLockFgTime = 0 ms; WakeLockFgPower = 0.0 mAh.; WakeLockBgTime = 72656 ms; WakeLockBgPower = 0.09082 mAh.
07-12 20:42:58.303  6235 11071 E Battery : AppStats: Uid = 10520; pkgName = com.pryvn.audiophile; ScreenFgTime = 26964579 ms; ScreenFgPower = 561.7620625 mAh.
07-12 20:42:58.303  6235 11071 E Battery : AppStats: Uid = 10520; pkgName = com.pryvn.audiophile; FgWifiRxBytes = 0 Bytes; BgWifiRxBytes = -234170719 Bytes; FgWifiTxBytes = 0 Bytes; BgWifiTxBytes = -7095196 Bytes; FgWifiRxPackets = 0 ; BgWifiRxPackets = -168524 ; FgWifiTxPackets = 0 ; BgWifiTxPackets = -97451 ; FgWiFiScanTimeMs = 0 ; BgWiFiScanTimeMs = 0 ; FgWiFiBatchScanTimeMs = 0 ; BgWiFiBatchScanTimeMs = 0 
07-12 20:42:58.303  6235 11071 E Battery : AppStats: Uid = 10520; pkgName = com.pryvn.audiophile; FgWifiRxPacketsPower = 0.0 mAh; BgWifiRxPacketsPower = -0.34231436252593994 mAh; FgWifiTxPacketsPower = 0.0 mAh; BgWifiTxPacketsPower = -0.19794733822345734 mAh; FgWifiScanPower = 0.0 mAh; BgWifiScanPower = 0.0 mAh; FgWifiBatchScanPower = 0.0 mAh; BgWifiBatchScanPower = 0.0 mAh; FgWiFiTotalPower = 0.0 mAh; BgWiFiTotalPower = -0.5402617007493973 mAh.
07-12 20:42:58.303  6235 11071 E Battery : AppStats: Uid = 10520; pkgName = com.pryvn.audiophile; FgMobileRxBytes = 0 Bytes; BgMobileRxBytes = 0 Bytes; FgMobileTxBytes = 0 Bytes; BgMobileTxBytes = 0 Bytes; FgMobileRxPackets = 0 ; BgMobileRxPackets = 0 ; FgMobileTxPackets = 0 ; BgMobileTxPackets = 0 ; FgMobileActiveCount = 0 ; BgMobileActiveCount = 0 ; FgMobileActiveTime = 0 ; BgMobileActiveTime = 0 
07-12 20:42:58.303  6235 11071 E Battery : AppStats: Uid = 10520; pkgName = com.pryvn.audiophile; FgMobileRxPacketsPower = 0.0 mAh; BgMobileRxPacketsPower = 0.0 mAh; FgMobileTxPacketsPower = 0.0 mAh; BgMobileTxPacketsPower = 0.0 mAh; FgMobileTotalPower = 0.0 mAh; BgMobileTotalPower = 0.0 mAh.
07-12 20:42:58.303  6235 11071 E Battery : AppStats: Uid = 10520; pkgName = com.pryvn.audiophile; FgGpsTime = 0 ms; BgGpsTime = 0 ms.
07-12 20:42:58.303  6235 11071 E Battery : AppStats: Uid = 10520; pkgName = com.pryvn.audiophile; FgGpsPower = 0.0 mAh; BgGpsPower = 0.0 mAh.
07-12 20:42:58.303  6235 11071 E Battery : AppStats: Uid = 10520; pkgName = com.pryvn.audiophile; FgSensorTime = 0 ms; BgSensorTime = 0 ms.
07-12 20:42:58.303  6235 11071 E Battery : AppStats: Uid = 10520; pkgName = com.pryvn.audiophile; FgSensorPower = 0.0 mAh; BgSensorPower = 0.0 mAh.
07-12 20:42:58.303  6235 11071 E Battery : AppStats: Uid = 10520; pkgName = com.pryvn.audiophile; FgCameraTime = 0 ms; BgCameraTime = 0 ms
07-12 20:42:58.303  6235 11071 E Battery : AppStats: Uid = 10520; pkgName = com.pryvn.audiophile; FgCameraPower = 0.0 mAh; BgCameraPower = 0.0 mAh
07-12 20:42:58.303  6235 11071 E Battery : AppStats: Uid = 10520; pkgName = com.pryvn.audiophile; FgFlashLightTime = 0 ms; BgFlashLightTime = 0 ms
07-12 20:42:58.303  6235 11071 E Battery : AppStats: Uid = 10520; pkgName = com.pryvn.audiophile; FgFlashLightPower = 0.0 mAh; BgFlashLightPower = 0.0 mAh
07-12 20:42:58.307 13326 13349 D ExtensionsLoader: createInstance(64bit) : createExtendedFactory
07-12 20:42:58.308 13326 13349 D ExtensionsLoader: Opened libhwuiextimpl.so
07-12 20:42:58.308 13326 13326 D ExtensionsLoader: createInstance(64bit) : createExtendedFactory
07-12 20:42:58.309 13326 13326 D ExtensionsLoader: Opened libSchedAssistExtImpl.so
07-12 20:42:58.309 13326 13326 E ryvn.audiophil: ofbOpen failed with error=No such file or directory
07-12 20:42:58.309 13326 13326 E ryvn.audiophil: sysOpen failed with error=No such file or directory
07-12 20:42:58.314  1521  6322 D OplusDisplayPolicy: com.pryvn.audiophile, no change cutoutMode: 3
07-12 20:42:58.320 13326 13326 I Quality : Skipped: false 16 cost 273.6425 refreshRate 0 processName com.pryvn.audiophile
07-12 20:42:58.321 13326 13326 D nativeloader: Load libSchedAssistJni.so using system ns (caller=/system/framework/oplus-framework.jar): ok
07-12 20:42:58.321 13326 13326 D ExtensionsLoader: createInstance(64bit) : createExtendedFactory
07-12 20:42:58.321 13326 13326 D ExtensionsLoader: Opened libSchedAssistExtImpl.so
07-12 20:42:58.329  1383  1383 D OplusMovieIdle: updateLayerStacks,mOmiSupport is not supoort
07-12 20:42:58.329  1383  1383 E CompositionEngine: map unknown (BT709 sRGB Full range)/(Unknown RenderIntent) to default color mode
07-12 20:42:58.345  1383  1383 D OplusMovieIdle: updateLayerStacks,mOmiSupport is not supoort
07-12 20:42:58.345  1383  1383 E CompositionEngine: map unknown (BT709 sRGB Full range)/(Unknown RenderIntent) to default color mode
07-12 20:42:58.419  1299  8047 E ANDR-PERF-LM: StatsProvider: stats_nl_error_callback() 110: NL SOC receive error: No such process
07-12 20:42:58.419  1299  8047 E ANDR-PERF-LM: StatsProvider: sendRecvData() 267: nl_recvmsgs failed return=-12
07-12 20:42:58.419  1299  8047 E ANDR-PERF-LM: StatsProvider: getPIDStats() 119: sendRecvData returned error = -4
07-12 20:42:58.513 13326 13326 D AndroidRuntime: Shutting down VM
07-12 20:42:58.515 13326 13326 E AndroidRuntime: FATAL EXCEPTION: main
07-12 20:42:58.515 13326 13326 E AndroidRuntime: Process: com.pryvn.audiophile, PID: 13326
07-12 20:42:58.515 13326 13326 E AndroidRuntime: java.lang.AbstractMethodError: abstract method "boolean androidx.compose.ui.Modifier$Element.all(kotlin.jvm.functions.Function1)" on receiver java.lang.Class<androidx.compose.foundation.layout.InsetsPaddingModifier>
07-12 20:42:58.515 13326 13326 E AndroidRuntime: 	at androidx.compose.ui.ComposedModifierKt.materializeImpl(ComposedModifier.kt:264)
07-12 20:42:58.515 13326 13326 E AndroidRuntime: 	at androidx.compose.ui.ComposedModifierKt.access$materializeImpl(ComposedModifier.kt:1)
07-12 20:42:58.515 13326 13326 E AndroidRuntime: 	at androidx.compose.ui.ComposedModifierKt$materializeImpl$result$1.invoke(ComposedModifier.kt:282)
07-12 20:42:58.515 13326 13326 E AndroidRuntime: 	at androidx.compose.ui.ComposedModifierKt$materializeImpl$result$1.invoke(ComposedModifier.kt:276)
07-12 20:42:58.515 13326 13326 E AndroidRuntime: 	at androidx.compose.ui.Modifier$Element$-CC.$default$foldIn(Modifier.kt:124)
07-12 20:42:58.515 13326 13326 E AndroidRuntime: 	at androidx.compose.ui.ComposedModifier.foldIn(ComposedModifier.kt:0)
07-12 20:42:58.515 13326 13326 E AndroidRuntime: 	at androidx.compose.ui.CombinedModifier.foldIn(Modifier.kt:394)
07-12 20:42:58.515 13326 13326 E AndroidRuntime: 	at androidx.compose.ui.ComposedModifierKt.materializeImpl(ComposedModifier.kt:276)
07-12 20:42:58.515 13326 13326 E AndroidRuntime: 	at androidx.compose.ui.ComposedModifierKt.materializeModifier(ComposedModifier.kt:257)
07-12 20:42:58.515 13326 13326 E AndroidRuntime: 	at com.pryvn.audiophile.CrashActivity.CrashUI(CrashActivity.kt:306)
07-12 20:42:58.515 13326 13326 E AndroidRuntime: 	at com.pryvn.audiophile.CrashActivity$onCreate$1$1.invoke(CrashActivity.kt:78)
07-12 20:42:58.515 13326 13326 E AndroidRuntime: 	at com.pryvn.audiophile.CrashActivity$onCreate$1$1.invoke(CrashActivity.kt:77)
07-12 20:42:58.515 13326 13326 E AndroidRuntime: 	at androidx.compose.runtime.internal.ComposableLambdaImpl.invoke(ComposableLambda.jvm.kt:109)
07-12 20:42:58.515 13326 13326 E AndroidRuntime: 	at androidx.compose.runtime.internal.ComposableLambdaImpl.invoke(ComposableLambda.jvm.kt:35)
07-12 20:42:58.515 13326 13326 E AndroidRuntime: 	at androidx.compose.material3.SurfaceKt$Surface$1.invoke(Surface.kt:126)
07-12 20:42:58.515 13326 13326 E AndroidRuntime: 	at androidx.compose.material3.SurfaceKt$Surface$1.invoke(Surface.kt:108)
07-12 20:42:58.515 13326 13326 E AndroidRuntime: 	at androidx.compose.runtime.internal.ComposableLambdaImpl.invoke(ComposableLambda.jvm.kt:109)
07-12 20:42:58.515 13326 13326 E AndroidRuntime: 	at androidx.compose.runtime.internal.ComposableLambdaImpl.invoke(ComposableLambda.jvm.kt:35)
07-12 20:42:58.515 13326 13326 E AndroidRuntime: 	at androidx.compose.runtime.CompositionLocalKt.CompositionLocalProvider(CompositionLocal.kt:380)
07-12 20:42:58.515 13326 13326 E AndroidRuntime: 	at androidx.compose.material3.SurfaceKt.Surface-T9BRK9s(Surface.kt:105)
07-12 20:42:58.515 13326 13326 E AndroidRuntime: 	at com.pryvn.audiophile.CrashActivity$onCreate$1.invoke(CrashActivity.kt:73)
07-12 20:42:58.515 13326 13326 E AndroidRuntime: 	at com.pryvn.audiophile.CrashActivity$onCreate$1.invoke(CrashActivity.kt:71)
07-12 20:42:58.515 13326 13326 E AndroidRuntime: 	at androidx.compose.runtime.internal.ComposableLambdaImpl.invoke(ComposableLambda.jvm.kt:109)
07-12 20:42:58.515 13326 13326 E AndroidRuntime: 	at androidx.compose.runtime.internal.ComposableLambdaImpl.invoke(ComposableLambda.jvm.kt:35)
07-12 20:42:58.515 13326 13326 E AndroidRuntime: 	at androidx.compose.ui.platform.ComposeView.Content(ComposeView.android.kt:441)
07-12 20:42:58.515 13326 13326 E AndroidRuntime: 	at androidx.compose.ui.platform.AbstractComposeView$ensureCompositionCreated$1.invoke(ComposeView.android.kt:259)
07-12 20:42:58.515 13326 13326 E AndroidRuntime: 	at androidx.compose.ui.platform.AbstractComposeView$ensureCompositionCreated$1.invoke(ComposeView.android.kt:258)
07-12 20:42:58.515 13326 13326 E AndroidRuntime: 	at androidx.compose.runtime.internal.ComposableLambdaImpl.invoke(ComposableLambda.jvm.kt:109)
07-12 20:42:58.515 13326 13326 E AndroidRuntime: 	at androidx.compose.runtime.internal.ComposableLambdaImpl.invoke(ComposableLambda.jvm.kt:35)
07-12 20:42:58.515 13326 13326 E AndroidRuntime: 	at androidx.compose.runtime.CompositionLocalKt.CompositionLocalProvider(CompositionLocal.kt:380)
07-12 20:42:58.515 13326 13326 E AndroidRuntime: 	at androidx.compose.ui.platform.CompositionLocalsKt.ProvideCommonCompositionLocals(CompositionLocals.kt:216)
07-12 20:42:58.515 13326 13326 E AndroidRuntime: 	at androidx.compose.ui.platform.AndroidCompositionLocals_androidKt$ProvideAndroidCompositionLocals$3.invoke(AndroidCompositionLocals.android.kt:132)
07-12 20:42:58.515 13326 13326 E AndroidRuntime: 	at androidx.compose.ui.platform.AndroidCompositionLocals_androidKt$ProvideAndroidCompositionLocals$3.invoke(AndroidCompositionLocals.android.kt:131)
07-12 20:42:58.515 13326 13326 E AndroidRuntime: 	at androidx.compose.runtime.internal.ComposableLambdaImpl.invoke(ComposableLambda.jvm.kt:109)
07-12 20:42:58.515 13326 13326 E AndroidRuntime: 	at androidx.compose.runtime.internal.ComposableLambdaImpl.invoke(ComposableLambda.jvm.kt:35)
07-12 20:42:58.515 13326 13326 E AndroidRuntime: 	at androidx.compose.runtime.CompositionLocalKt.CompositionLocalProvider(CompositionLocal.kt:380)
07-12 20:42:58.515 13326 13326 E AndroidRuntime: 	at androidx.compose.ui.platform.AndroidCompositionLocals_androidKt.ProvideAndroidCompositionLocals(AndroidCompositionLocals.android.kt:121)
07-12 20:42:58.515 13326 13326 E AndroidRuntime: 	at androidx.compose.ui.platform.WrappedComposition$setContent$1$1$3.invoke(Wrapper.android.kt:155)
07-12 20:42:58.515 13326 13326 E AndroidRuntime: 	at androidx.compose.ui.platform.WrappedComposition$setContent$1$1$3.invoke(Wrapper.android.kt:154)
07-12 20:42:58.516 13326 13326 E AndroidRuntime: 	at androidx.compose.runtime.internal.ComposableLambdaImpl.invoke(ComposableLambda.jvm.kt:109)
07-12 20:42:58.516 13326 13326 E AndroidRuntime: 	at androidx.compose.runtime.internal.ComposableLambdaImpl.invoke(ComposableLambda.jvm.kt:35)
07-12 20:42:58.516 13326 13326 E AndroidRuntime: 	at androidx.compose.runtime.CompositionLocalKt.CompositionLocalProvider(CompositionLocal.kt:401)
07-12 20:42:58.516 13326 13326 E AndroidRuntime: 	at androidx.compose.ui.platform.WrappedComposition$setContent$1$1.invoke(Wrapper.android.kt:154)
07-12 20:42:58.516 13326 13326 E AndroidRuntime: 	at androidx.compose.ui.platform.WrappedComposition$setContent$1$1.invoke(Wrapper.android.kt:133)
07-12 20:42:58.516 13326 13326 E AndroidRuntime: 	at androidx.compose.runtime.internal.ComposableLambdaImpl.invoke(ComposableLambda.jvm.kt:109)
07-12 20:42:58.516 13326 13326 E AndroidRuntime: 	at androidx.compose.runtime.internal.ComposableLambdaImpl.invoke(ComposableLambda.jvm.kt:35)
07-12 20:42:58.516 13326 13326 E AndroidRuntime: 	at androidx.compose.runtime.ActualJvm_jvmKt.invokeComposable(ActualJvm.jvm.kt:97)
07-12 20:42:58.516 13326 13326 E AndroidRuntime: 	at androidx.compose.runtime.ComposerImpl.doCompose(Composer.kt:3595)
07-12 20:42:58.516 13326 13326 E AndroidRuntime: 	at androidx.compose.runtime.ComposerImpl.composeContent$runtime_release(Composer.kt:3522)
07-12 20:42:58.516 13326 13326 E AndroidRuntime: 	at androidx.compose.runtime.CompositionImpl.composeContent(Composition.kt:743)
07-12 20:42:58.516 13326 13326 E AndroidRuntime: 	at androidx.compose.runtime.Recomposer.composeInitial$runtime_release(Recomposer.kt:1122)
07-12 20:42:58.516 13326 13326 E AndroidRuntime: 	at androidx.compose.runtime.CompositionImpl.composeInitial(Composition.kt:649)
07-12 20:42:58.516 13326 13326 E AndroidRuntime: 	at androidx.compose.runtime.CompositionImpl.setContent(Composition.kt:635)
07-12 20:42:58.516 13326 13326 E AndroidRuntime: 	at androidx.compose.ui.platform.WrappedComposition$setContent$1.invoke(Wrapper.android.kt:133)
07-12 20:42:58.516 13326 13326 E AndroidRuntime: 	at androidx.compose.ui.platform.WrappedComposition$setContent$1.invoke(Wrapper.android.kt:124)
07-12 20:42:58.516 13326 13326 E AndroidRuntime: 	at androidx.compose.ui.platform.AndroidComposeView.setOnViewTreeOwnersAvailable(AndroidComposeView.android.kt:1626)
07-12 20:42:58.516 13326 13326 E AndroidRuntime: 	at androidx.compose.ui.platform.WrappedComposition.setContent(Wrapper.android.kt:124)
07-12 20:42:58.516 13326 13326 E AndroidRuntime: 	at androidx.compose.ui.platform.WrappedComposition.onStateChanged(Wrapper.android.kt:180)
07-12 20:42:58.516 13326 13326 E AndroidRuntime: 	at androidx.lifecycle.LifecycleRegistry$ObserverWithState.dispatchEvent(LifecycleRegistry.jvm.kt:320)
07-12 20:42:58.516 13326 13326 E AndroidRuntime: 	at androidx.lifecycle.LifecycleRegistry.addObserver(LifecycleRegistry.jvm.kt:198)
07-12 20:42:58.516 13326 13326 E AndroidRuntime: 	at androidx.compose.ui.platform.WrappedComposition$setContent$1.invoke(Wrapper.android.kt:131)
07-12 20:42:58.516 13326 13326 E AndroidRuntime: 	at androidx.compose.ui.platform.WrappedComposition$setContent$1.invoke(Wrapper.android.kt:124)
07-12 20:42:58.516 13326 13326 E AndroidRuntime: 	at androidx.compose.ui.platform.AndroidComposeView.onAttachedToWindow(AndroidComposeView.android.kt:1707)
07-12 20:42:58.516 13326 13326 E AndroidRuntime: 	at android.view.View.dispatchAttachedToWindow(View.java:20900)
07-12 20:42:58.516 13326 13326 E AndroidRuntime: 	at android.view.ViewGroup.dispatchAttachedToWindow(ViewGroup.java:3539)
07-12 20:42:58.516 13326 13326 E AndroidRuntime: 	at android.view.ViewGroup.dispatchAttachedToWindow(ViewGroup.java:3546)
07-12 20:42:58.516 13326 13326 E AndroidRuntime: 	at android.view.ViewGroup.dispatchAttachedToWindow(ViewGroup.java:3546)
07-12 20:42:58.516 13326 13326 E AndroidRuntime: 	at android.view.ViewGroup.dispatchAttachedToWindow(ViewGroup.java:3546)
07-12 20:42:58.516 13326 13326 E AndroidRuntime: 	at android.view.ViewGroup.dispatchAttachedToWindow(ViewGroup.java:3546)
07-12 20:42:58.516 13326 13326 E AndroidRuntime: 	at android.view.ViewRootImpl.performTraversals(ViewRootImpl.java:2799)
07-12 20:42:58.516 13326 13326 E AndroidRuntime: 	at android.view.ViewRootImpl.doTraversal(ViewRootImpl.java:2305)
07-12 20:42:58.516 13326 13326 E AndroidRuntime: 	at android.view.ViewRootImpl$TraversalRunnable.run(ViewRootImpl.java:9133)
07-12 20:42:58.516 13326 13326 E AndroidRuntime: 	at android.view.Choreographer$CallbackRecord.run(Choreographer.java:1232)
07-12 20:42:58.516 13326 13326 E AndroidRuntime: 	at android.view.Choreographer.doCallbacks(Choreographer.java:1029)
07-12 20:42:58.516 13326 13326 E AndroidRuntime: 	at android.view.Choreographer.doFrame(Choreographer.java:934)
07-12 20:42:58.516 13326 13326 E AndroidRuntime: 	at android.view.Choreographer$FrameDisplayEventReceiver.run(Choreographer.java:1217)
07-12 20:42:58.516 13326 13326 E AndroidRuntime: 	at android.os.Handler.handleCallback(Handler.java:938)
07-12 20:42:58.516 13326 13326 E AndroidRuntime: 	at android.os.Handler.dispatchMessage(Handler.java:99)
07-12 20:42:58.516 13326 13326 E AndroidRuntime: 	at android.os.Looper.loopOnce(Looper.java:233)
07-12 20:42:58.516 13326 13326 E AndroidRuntime: 	at android.os.Looper.loop(Looper.java:344)
07-12 20:42:58.516 13326 13326 E AndroidRuntime: 	at android.app.ActivityThread.main(ActivityThread.java:8212)
07-12 20:42:58.516 13326 13326 E AndroidRuntime: 	at java.lang.reflect.Method.invoke(Native Method)
07-12 20:42:58.516 13326 13326 E AndroidRuntime: 	at com.android.internal.os.RuntimeInit$MethodAndArgsCaller.run(RuntimeInit.java:584)
07-12 20:42:58.516 13326 13326 E AndroidRuntime: 	at com.android.internal.os.ZygoteInit.main(ZygoteInit.java:1034)
07-12 20:42:58.517 13326 13326 W System.err: java.lang.AbstractMethodError: abstract method "boolean androidx.compose.ui.Modifier$Element.all(kotlin.jvm.functions.Function1)" on receiver java.lang.Class<androidx.compose.foundation.layout.InsetsPaddingModifier>
07-12 20:42:58.517 13326 13326 W System.err: 	at androidx.compose.ui.ComposedModifierKt.materializeImpl(ComposedModifier.kt:264)
07-12 20:42:58.517 13326 13326 W System.err: 	at androidx.compose.ui.ComposedModifierKt.access$materializeImpl(ComposedModifier.kt:1)
07-12 20:42:58.517 13326 13326 W System.err: 	at androidx.compose.ui.ComposedModifierKt$materializeImpl$result$1.invoke(ComposedModifier.kt:282)
07-12 20:42:58.517 13326 13326 W System.err: 	at androidx.compose.ui.ComposedModifierKt$materializeImpl$result$1.invoke(ComposedModifier.kt:276)
07-12 20:42:58.517 13326 13326 W System.err: 	at androidx.compose.ui.Modifier$Element$-CC.$default$foldIn(Modifier.kt:124)
07-12 20:42:58.517 13326 13326 W System.err: 	at androidx.compose.ui.ComposedModifier.foldIn(ComposedModifier.kt:0)
07-12 20:42:58.517 13326 13326 W System.err: 	at androidx.compose.ui.CombinedModifier.foldIn(Modifier.kt:394)
07-12 20:42:58.517 13326 13326 W System.err: 	at androidx.compose.ui.ComposedModifierKt.materializeImpl(ComposedModifier.kt:276)
07-12 20:42:58.517 13326 13326 W System.err: 	at androidx.compose.ui.ComposedModifierKt.materializeModifier(ComposedModifier.kt:257)
07-12 20:42:58.517 13326 13326 W System.err: 	at com.pryvn.audiophile.CrashActivity.CrashUI(CrashActivity.kt:306)
07-12 20:42:58.517 13326 13326 W System.err: 	at com.pryvn.audiophile.CrashActivity$onCreate$1$1.invoke(CrashActivity.kt:78)
07-12 20:42:58.517 13326 13326 W System.err: 	at com.pryvn.audiophile.CrashActivity$onCreate$1$1.invoke(CrashActivity.kt:77)
07-12 20:42:58.517 13326 13326 W System.err: 	at androidx.compose.runtime.internal.ComposableLambdaImpl.invoke(ComposableLambda.jvm.kt:109)
07-12 20:42:58.517 13326 13326 W System.err: 	at androidx.compose.runtime.internal.ComposableLambdaImpl.invoke(ComposableLambda.jvm.kt:35)
07-12 20:42:58.517 13326 13326 W System.err: 	at androidx.compose.material3.SurfaceKt$Surface$1.invoke(Surface.kt:126)
07-12 20:42:58.518 13326 13326 W System.err: 	at androidx.compose.material3.SurfaceKt$Surface$1.invoke(Surface.kt:108)
07-12 20:42:58.518 13326 13326 W System.err: 	at androidx.compose.runtime.internal.ComposableLambdaImpl.invoke(ComposableLambda.jvm.kt:109)
07-12 20:42:58.518 13326 13326 W System.err: 	at androidx.compose.runtime.internal.ComposableLambdaImpl.invoke(ComposableLambda.jvm.kt:35)
07-12 20:42:58.518 13326 13326 W System.err: 	at androidx.compose.runtime.CompositionLocalKt.CompositionLocalProvider(CompositionLocal.kt:380)
07-12 20:42:58.518 13326 13326 W System.err: 	at androidx.compose.material3.SurfaceKt.Surface-T9BRK9s(Surface.kt:105)
07-12 20:42:58.518 13326 13326 W System.err: 	at com.pryvn.audiophile.CrashActivity$onCreate$1.invoke(CrashActivity.kt:73)
07-12 20:42:58.518 13326 13326 W System.err: 	at com.pryvn.audiophile.CrashActivity$onCreate$1.invoke(CrashActivity.kt:71)
07-12 20:42:58.518 13326 13326 W System.err: 	at androidx.compose.runtime.internal.ComposableLambdaImpl.invoke(ComposableLambda.jvm.kt:109)
07-12 20:42:58.518 13326 13326 W System.err: 	at androidx.compose.runtime.internal.ComposableLambdaImpl.invoke(ComposableLambda.jvm.kt:35)
07-12 20:42:58.518 13326 13326 W System.err: 	at androidx.compose.ui.platform.ComposeView.Content(ComposeView.android.kt:441)
07-12 20:42:58.518 13326 13326 W System.err: 	at androidx.compose.ui.platform.AbstractComposeView$ensureCompositionCreated$1.invoke(ComposeView.android.kt:259)
07-12 20:42:58.518 13326 13326 W System.err: 	at androidx.compose.ui.platform.AbstractComposeView$ensureCompositionCreated$1.invoke(ComposeView.android.kt:258)
07-12 20:42:58.518 13326 13326 W System.err: 	at androidx.compose.runtime.internal.ComposableLambdaImpl.invoke(ComposableLambda.jvm.kt:109)
07-12 20:42:58.518 13326 13326 W System.err: 	at androidx.compose.runtime.internal.ComposableLambdaImpl.invoke(ComposableLambda.jvm.kt:35)
07-12 20:42:58.518 13326 13326 W System.err: 	at androidx.compose.runtime.CompositionLocalKt.CompositionLocalProvider(CompositionLocal.kt:380)
07-12 20:42:58.518 13326 13326 W System.err: 	at androidx.compose.ui.platform.CompositionLocalsKt.ProvideCommonCompositionLocals(CompositionLocals.kt:216)
07-12 20:42:58.518 13326 13326 W System.err: 	at androidx.compose.ui.platform.AndroidCompositionLocals_androidKt$ProvideAndroidCompositionLocals$3.invoke(AndroidCompositionLocals.android.kt:132)
07-12 20:42:58.518 13326 13326 W System.err: 	at androidx.compose.ui.platform.AndroidCompositionLocals_androidKt$ProvideAndroidCompositionLocals$3.invoke(AndroidCompositionLocals.android.kt:131)
07-12 20:42:58.518 13326 13326 W System.err: 	at androidx.compose.runtime.internal.ComposableLambdaImpl.invoke(ComposableLambda.jvm.kt:109)
07-12 20:42:58.518 13326 13326 W System.err: 	at androidx.compose.runtime.internal.ComposableLambdaImpl.invoke(ComposableLambda.jvm.kt:35)
07-12 20:42:58.518 13326 13326 W System.err: 	at androidx.compose.runtime.CompositionLocalKt.CompositionLocalProvider(CompositionLocal.kt:380)
07-12 20:42:58.518 13326 13326 W System.err: 	at androidx.compose.ui.platform.AndroidCompositionLocals_androidKt.ProvideAndroidCompositionLocals(AndroidCompositionLocals.android.kt:121)
07-12 20:42:58.519 13326 13326 W System.err: 	at androidx.compose.ui.platform.WrappedComposition$setContent$1$1$3.invoke(Wrapper.android.kt:155)
07-12 20:42:58.519 13326 13326 W System.err: 	at androidx.compose.ui.platform.WrappedComposition$setContent$1$1$3.invoke(Wrapper.android.kt:154)
07-12 20:42:58.519 13326 13326 W System.err: 	at androidx.compose.runtime.internal.ComposableLambdaImpl.invoke(ComposableLambda.jvm.kt:109)
07-12 20:42:58.519 13326 13326 W System.err: 	at androidx.compose.runtime.internal.ComposableLambdaImpl.invoke(ComposableLambda.jvm.kt:35)
07-12 20:42:58.519 13326 13326 W System.err: 	at androidx.compose.runtime.CompositionLocalKt.CompositionLocalProvider(CompositionLocal.kt:401)
07-12 20:42:58.519 13326 13326 W System.err: 	at androidx.compose.ui.platform.WrappedComposition$setContent$1$1.invoke(Wrapper.android.kt:154)
07-12 20:42:58.519 13326 13326 W System.err: 	at androidx.compose.ui.platform.WrappedComposition$setContent$1$1.invoke(Wrapper.android.kt:133)
07-12 20:42:58.519 13326 13326 W System.err: 	at androidx.compose.runtime.internal.ComposableLambdaImpl.invoke(ComposableLambda.jvm.kt:109)
07-12 20:42:58.519 13326 13326 W System.err: 	at androidx.compose.runtime.internal.ComposableLambdaImpl.invoke(ComposableLambda.jvm.kt:35)
07-12 20:42:58.519 13326 13326 W System.err: 	at androidx.compose.runtime.ActualJvm_jvmKt.invokeComposable(ActualJvm.jvm.kt:97)
07-12 20:42:58.519 13326 13326 W System.err: 	at androidx.compose.runtime.ComposerImpl.doCompose(Composer.kt:3595)
07-12 20:42:58.519 13326 13326 W System.err: 	at androidx.compose.runtime.ComposerImpl.composeContent$runtime_release(Composer.kt:3522)
07-12 20:42:58.519 13326 13326 W System.err: 	at androidx.compose.runtime.CompositionImpl.composeContent(Composition.kt:743)
07-12 20:42:58.519 13326 13326 W System.err: 	at androidx.compose.runtime.Recomposer.composeInitial$runtime_release(Recomposer.kt:1122)
07-12 20:42:58.519 13326 13326 W System.err: 	at androidx.compose.runtime.CompositionImpl.composeInitial(Composition.kt:649)
07-12 20:42:58.519 13326 13326 W System.err: 	at androidx.compose.runtime.CompositionImpl.setContent(Composition.kt:635)
07-12 20:42:58.519 13326 13326 W System.err: 	at androidx.compose.ui.platform.WrappedComposition$setContent$1.invoke(Wrapper.android.kt:133)
07-12 20:42:58.519 13326 13326 W System.err: 	at androidx.compose.ui.platform.WrappedComposition$setContent$1.invoke(Wrapper.android.kt:124)
07-12 20:42:58.519 13326 13326 W System.err: 	at androidx.compose.ui.platform.AndroidComposeView.setOnViewTreeOwnersAvailable(AndroidComposeView.android.kt:1626)
07-12 20:42:58.519 13326 13326 W System.err: 	at androidx.compose.ui.platform.WrappedComposition.setContent(Wrapper.android.kt:124)
07-12 20:42:58.520 13326 13326 W System.err: 	at androidx.compose.ui.platform.WrappedComposition.onStateChanged(Wrapper.android.kt:180)
07-12 20:42:58.520 13326 13326 W System.err: 	at androidx.lifecycle.LifecycleRegistry$ObserverWithState.dispatchEvent(LifecycleRegistry.jvm.kt:320)
07-12 20:42:58.520 13326 13326 W System.err: 	at androidx.lifecycle.LifecycleRegistry.addObserver(LifecycleRegistry.jvm.kt:198)
07-12 20:42:58.520 13326 13326 W System.err: 	at androidx.compose.ui.platform.WrappedComposition$setContent$1.invoke(Wrapper.android.kt:131)
07-12 20:42:58.520 13326 13326 W System.err: 	at androidx.compose.ui.platform.WrappedComposition$setContent$1.invoke(Wrapper.android.kt:124)
07-12 20:42:58.520 13326 13326 W System.err: 	at androidx.compose.ui.platform.AndroidComposeView.onAttachedToWindow(AndroidComposeView.android.kt:1707)
07-12 20:42:58.520 13326 13326 W System.err: 	at android.view.View.dispatchAttachedToWindow(View.java:20900)
07-12 20:42:58.520 13326 13326 W System.err: 	at android.view.ViewGroup.dispatchAttachedToWindow(ViewGroup.java:3539)
07-12 20:42:58.520 13326 13326 W System.err: 	at android.view.ViewGroup.dispatchAttachedToWindow(ViewGroup.java:3546)
07-12 20:42:58.520 13326 13326 W System.err: 	at android.view.ViewGroup.dispatchAttachedToWindow(ViewGroup.java:3546)
07-12 20:42:58.520 13326 13326 W System.err: 	at android.view.ViewGroup.dispatchAttachedToWindow(ViewGroup.java:3546)
07-12 20:42:58.520 13326 13326 W System.err: 	at android.view.ViewGroup.dispatchAttachedToWindow(ViewGroup.java:3546)
07-12 20:42:58.520 13326 13326 W System.err: 	at android.view.ViewRootImpl.performTraversals(ViewRootImpl.java:2799)
07-12 20:42:58.520 13326 13326 W System.err: 	at android.view.ViewRootImpl.doTraversal(ViewRootImpl.java:2305)
07-12 20:42:58.520 13326 13326 W System.err: 	at android.view.ViewRootImpl$TraversalRunnable.run(ViewRootImpl.java:9133)
07-12 20:42:58.520 13326 13326 W System.err: 	at android.view.Choreographer$CallbackRecord.run(Choreographer.java:1232)
07-12 20:42:58.520 13326 13326 W System.err: 	at android.view.Choreographer.doCallbacks(Choreographer.java:1029)
07-12 20:42:58.520 13326 13326 W System.err: 	at android.view.Choreographer.doFrame(Choreographer.java:934)
07-12 20:42:58.520 13326 13326 W System.err: 	at android.view.Choreographer$FrameDisplayEventReceiver.run(Choreographer.java:1217)
07-12 20:42:58.520 13326 13326 W System.err: 	at android.os.Handler.handleCallback(Handler.java:938)
07-12 20:42:58.520 13326 13326 W System.err: 	at android.os.Handler.dispatchMessage(Handler.java:99)
07-12 20:42:58.520 13326 13326 W System.err: 	at android.os.Looper.loopOnce(Looper.java:233)
07-12 20:42:58.521 13326 13326 W System.err: 	at android.os.Looper.loop(Looper.java:344)
07-12 20:42:58.521 13326 13326 W System.err: 	at android.app.ActivityThread.main(ActivityThread.java:8212)
07-12 20:42:58.521 13326 13326 W System.err: 	at java.lang.reflect.Method.invoke(Native Method)
07-12 20:42:58.521 13326 13326 W System.err: 	at com.android.internal.os.RuntimeInit$MethodAndArgsCaller.run(RuntimeInit.java:584)
07-12 20:42:58.521 13326 13326 W System.err: 	at com.android.internal.os.ZygoteInit.main(ZygoteInit.java:1034)
07-12 20:42:58.526  3949  4019 D NetworkController.MobileSignalController(1): onMobileStatusChanged= updateTelephony=true mobileStatus=[activityIn=false,activityOut=false,dataSim=true,carrierNetworkChangeMode=false,dataState=0,serviceState=mVoiceRegState=0(IN_SERVICE), mDataRegState=0(IN_SERVICE),signalStrength=3,telephonyDisplayInfo=TelephonyDisplayInfo {network=IWLAN, override=NONE}]
07-12 20:42:58.527  1521 11015 I ActivityTaskManager: START u0 {flg=0x10008000 cmp=com.pryvn.audiophile/.CrashActivity (has extras) mCallingUid=10524} from uid 10524
07-12 20:42:58.527  1323  1323 E ORMS_HAL: open /sys/devices/platform/soc/soc:oplus-omrg/oplus-omrg0/ruler_enable failed(No such file or directory)
07-12 20:42:58.528  1323  1323 E ORMS_HAL: open /sys/devices/platform/soc/soc:oplus-omrg/oplus-omrg0/ruler_enable failed(No such file or directory)
07-12 20:42:58.529  1299  1299 E vendor.qti.hardware.perf@2.2-service: Unknown params
07-12 20:42:58.530  1299  1299 E vendor.qti.hardware.perf@2.2-service: Unknown params
07-12 20:42:58.530  1299  8050 E ANDR-PERF-LM: ThreadHelper: thread_callback() 145: More than one pending updates!!! This should not happen. MeterMgr should avoid this case.
07-12 20:42:58.531  1299  1299 E vendor.qti.hardware.perf@2.2-service: Unknown params
07-12 20:42:58.531  1299  1380 E ANDR-PERF-LM: MetaMeter: handleAsync() 164: AdaptLaunch Invalid Async
07-12 20:42:58.531  1299  1379 E ANDR-PERF-OPTSHANDLER: Perflock resource /sys/class/devfreq/soc:qcom,cpubw/bw_hwmon/io_percent not supported
07-12 20:42:58.531  1299  1379 E ANDR-PERF-RESOURCEQS: Failed to apply optimization [6, 2]
07-12 20:42:58.531  1299  1379 E ANDR-PERF-OPTSHANDLER: Perflock resource /sys/class/devfreq/soc:qcom,cpubw/bw_hwmon/sample_ms not supported
07-12 20:42:58.531  1299  1379 E ANDR-PERF-RESOURCEQS: Failed to apply optimization [6, 8]
07-12 20:42:58.531  1299  1379 E ANDR-PERF-OPTSHANDLER: Perflock resource SPECIAL_NODE - cpubw_hwmon_hyst_opt not supported
07-12 20:42:58.531  1299  1379 E ANDR-PERF-RESOURCEQS: Failed to apply optimization [6, 3]
07-12 20:42:58.531  1299  1379 E ANDR-PERF-OPTSHANDLER: Perflock resource /sys/class/devfreq/soc:qcom,cpubw/min_freq not supported
07-12 20:42:58.531  1299  1379 E ANDR-PERF-RESOURCEQS: Failed to apply optimization [6, 0]
07-12 20:42:58.531  1299  1299 E vendor.qti.hardware.perf@2.2-service: Unknown params
07-12 20:42:58.531  1299  1380 E ANDR-PERF-LM: MetaMeter: handleAsync() 164: AdaptLaunch Invalid Async
07-12 20:42:58.532  1299  1379 E ANDR-PERF-OPTSHANDLER: Perflock resource /sys/class/devfreq/soc:qcom,cpubw/max_freq not supported
07-12 20:42:58.532  1299  1379 E ANDR-PERF-RESOURCEQS: Failed to apply optimization [6, 6]
07-12 20:42:58.532  1299  1380 E ANDR-PERF-LM: MetaMeter: handleAsync() 164: AdaptLaunch Invalid Async
07-12 20:42:58.532   606   606 I hwservicemanager: getTransport: Cannot find entry vendor.qti.hardware.iop@2.0::IIop/default in either framework or device VINTF manifest.
07-12 20:42:58.533  1521 11015 D OplusZoomWindowRUSConfigManager: isSupportZoomModeWithPolicyLocked: target = com.pryvn.audiophile/.CrashActivity
07-12 20:42:58.533  1521 11015 D OplusZoomWindowRUSConfigManager: targetPkg = com.pryvn.audiophile
07-12 20:42:58.533  1521 11015 V OplusZoomWindowManagerService: unSupportZoom: false ,callingPid: 13326 ,sourceStack: null
07-12 20:42:58.534  1521 11015 D ActivityTrigger: ActivityTrigger activityPauseTrigger 
07-12 20:42:58.535  1299  1299 E vendor.qti.hardware.perf@2.2-service: Unknown params
07-12 20:42:58.537  1521 11015 D CompactWindowManagerService: onOriginListAdded child: ActivityRecord{d74fe25 u0 com.pryvn.audiophile/.CrashActivity t1650}; parent: Task{8ab6df0 #1650 type=standard A=10524:com.pryvn.audiophile U=0 visible=true mode=fullscreen translucent=true sz=2}
07-12 20:42:58.537  1521 11015 D TaskExtImpl: add ActivityRecord{d74fe25 u0 com.pryvn.audiophile/.CrashActivity t1650} to mActivityRecordSum = Counter{ com.pryvn.audiophile/.CrashActivity(2) }
07-12 20:42:58.538  1521 11015 D ActivityTaskManager: getStartingWindowType: newTask=true, taskSwitch=false, processRunning=true, allowTaskSnapshot=true, activityCreated=false, snapshot=null, record:ActivityRecord{d74fe25 u0 com.pryvn.audiophile/.CrashActivity t1650}
07-12 20:42:58.540  1521 11015 D OplusStartingWindowManager: window attributes color: 0 icon null duration 0 brandImage null
07-12 20:42:58.541  1521 11015 D OplusZoomWindowRUSConfigManager: isSupportZoomModeWithPolicyLocked: target = com.pryvn.audiophile/.CrashActivity
07-12 20:42:58.541  1521 11015 D OplusZoomWindowRUSConfigManager: targetPkg = com.pryvn.audiophile
07-12 20:42:58.541  1521 11015 V OplusZoomWindowManagerService: unSupportZoom: false ,callingPid: 13326 ,sourceStack: null
07-12 20:42:58.541  1383  1383 D OplusMovieIdle: updateLayerStacks,mOmiSupport is not supoort
07-12 20:42:58.542  1383  1383 E CompositionEngine: map unknown (BT709 sRGB Full range)/(Unknown RenderIntent) to default color mode
07-12 20:42:58.547  1521  6496 D OplusAppStartupMonitor: notifyUnstableAppInfo: Bundle[{unstableTime=1783869178547, reason=crash, userId=0, safecenter=unstable, exceptionMsg=abstract method "boolean androidx.compose.ui.Modifier$Element.all(kotlin.jvm.functions.Function1)" on receiver java.lang.Class<androidx.compose.foundation.layout.InsetsPaddingModifier>, exceptionClass=java.lang.AbstractMethodError, packageName=com.pryvn.audiophile, unstable_restrict_switch=true}]
07-12 20:42:58.547 10905 20387 I Athena  : StartupManager: onUpdateUnstableRecord: unstable crash!
07-12 20:42:58.548  1521 11015 D OplusAmsUtilsFeatrue: detectExceptionsForOIDT type:0
07-12 20:42:58.552  1521 13361 I DropBoxManagerService: add tag=data_app_crash isTagEnabled=true flags=0x2
07-12 20:42:58.553 13326 13326 I Process : Sending signal. PID: 13326 SIG: 9
07-12 20:42:58.556  1521  2726 W BroadcastQueue: Background execution not allowed: receiving Intent { act=android.intent.action.DROPBOX_ENTRY_ADDED flg=0x10 (has extras) } to com.google.android.gms/.stats.service.DropBoxEntryAddedReceiver
07-12 20:42:58.557  1521 13361 D DropBoxManagerService: file :: /data/system/dropbox/data_app_crash@1783869178554.txt
07-12 20:42:58.558  1383  1383 D OplusMovieIdle: updateLayerStacks,mOmiSupport is not supoort
07-12 20:42:58.558  1521 13362 W OplusSelfProtectManager: pkg[com.oplus.crashbox] not in policy list
07-12 20:42:58.558  1383  1383 E CompositionEngine: map unknown (BT709 sRGB Full range)/(Unknown RenderIntent) to default color mode
07-12 20:42:58.571  7945 13363 I DropBoxUtil: (REDACTED) Reading dropbox entry with tag %s and timestamp %d
07-12 20:42:58.572  1383  1383 E CompositionEngine: map unknown (BT709 sRGB Full range)/(Unknown RenderIntent) to default color mode
07-12 20:42:58.574  7945 13363 I DropBoxUtil: (REDACTED) Reading dropbox entry with tag %s and timestamp %d
07-12 20:42:58.617  1279 16817 I vendor.qti.bluetooth@1.0-ibs_handler: ProcessIbsCmd: Received IBS_WAKE_IND: 0xFD
07-12 20:42:58.618  1279 16817 D vendor.qti.bluetooth@1.0-ibs_handler: SerialClockVote: vote for UART CLK ON
07-12 20:42:58.618  1279 16817 D vendor.qti.bluetooth@1.0-wake_lock: Acquire wakelock is acquired 
07-12 20:42:58.618  1279 16817 I vendor.qti.bluetooth@1.0-ibs_handler: ProcessIbsCmd: Writing IBS_WAKE_ACK
07-12 20:42:58.642  1521 10889 D DisplayManagerService: Display listener for pid 13326 died.
07-12 20:42:58.643  1521  2720 I libprocessgroup: Successfully killed process cgroup uid 10524 pid 13326 in 0ms
07-12 20:42:58.642  1521  2664 I WindowManager: WIN DEATH: Window{a556aa2 u0 com.pryvn.audiophile/com.pryvn.audiophile.CrashActivity}
07-12 20:42:58.643  3779  3779 I adbd    : Remote process closed the socket (on MSG_PEEK)
07-12 20:42:58.643  1521  2664 W InputManager-JNI: Input channel object 'a556aa2 com.pryvn.audiophile/com.pryvn.audiophile.CrashActivity (client)' was disposed without first being removed with the input manager!
07-12 20:42:58.649  1521  6322 D TheiaManager: com.android.server.wm.OplusWindowManagerService@521e951 getDeclaredField : com.android.server.wm.WindowManagerService.mRoot
07-12 20:42:58.649  1521  6322 D TheiaManager: com.android.server.wm.RootWindowContainer@e820e60 callDeclaredMethod : com.android.server.wm.RootWindowContainer.getTopFocusedDisplayContent param[] null args[]null
07-12 20:42:58.650  1521  6322 D TheiaManager: Display 0 info=DisplayInfo{"Built-in screen", displayId 0", displayGroupId 0, FLAG_SECURE, FLAG_SUPPORTS_PROTECTED_BUFFERS, FLAG_TRUSTED, real 1080 x 2400, largest app 2290 x 2242, smallest app 1080 x 924, appVsyncOff 1000000, presDeadline 16393442, mode 1, defaultMode 1, modes [{id=1, width=1080, height=2400, fps=61.000004, alternativeRefreshRates=[]}], hdrCapabilities HdrCapabilities{mSupportedHdrTypes=[2, 3, 4], mMaxLuminance=500.0, mMaxAverageLuminance=500.0, mMinLuminance=0.0}, userDisabledHdrTypes [], minimalPostProcessingSupported false, rotation 0, state ON, type INTERNAL, uniqueId "local:4630946962717273473", app 1080 x 2242, density 480 (409.432 x 409.127) dpi, layerStack 0, colorMode 0, supportedColorModes [0, 7, 9], address {port=129, model=0x40446dba0e6fed}, deviceProductInfo DeviceProductInfo{name=, manufacturerPnpId=QCM, productId=1, modelYear=null, manufactureDate=ManufactureDate{week=27, year=2006}, connectionToSinkType=0}, removeMode 0, refreshRateOverride 0.0, brightnessMinimum 0.0, brightnessMaximum 1.0, brightnessDefault 1600.0} rootTasks=[WindowedMagnification:0:31@238532939, HideDisplayCutout:32:55@144431886, Leaf:56:57@86568201, HideDisplayCutout:58:99@26778422, Leaf:100:100@36533457] getDeclaredField : com.android.server.wm.DisplayContent.mFocusedApp
07-12 20:42:58.650  1521  6322 D TheiaManager: ActivityRecord{8624a52 u0 com.pryvn.audiophile/.CrashActivity t1650 f}} callDeclaredMethod : com.android.server.wm.ActivityRecord.getPid param[] null args[]null
07-12 20:42:58.650  1521  6322 E TheiaManager: [tagL]: calling catchLog()..., focusedPid:13326 pids:[13326]
07-12 20:42:58.650  1143  1143 I Zygote  : Process 13326 exited due to signal 9 (Killed)
07-12 20:42:58.650  1521  6322 D TheiaManager: No stackTrace found in args
07-12 20:42:58.650  1521  6322 D TheiaManager: KEY:logTypeVALUE:ApplicationFGCrash
07-12 20:42:58.650  1521  6322 D TheiaManager: KEY:deadMomentVALUE:1783869178649
07-12 20:42:58.650  1521  6322 D TheiaManager: KEY:appNameVALUE:Audiophile
07-12 20:42:58.650  1521  6322 D TheiaManager: KEY:packageVersionVALUE:1.1.0
07-12 20:42:58.650  1521  6322 D TheiaManager: KEY:packageNameVALUE:com.pryvn.audiophile
07-12 20:42:58.650  1521  6322 D TheiaCrashMonitor: com.pryvn.audiophilecrash
07-12 20:42:58.650  1521  6322 I ActivityManager: Process com.pryvn.audiophile (pid 13326) has died: fg  TOP 
07-12 20:42:58.650  1521 11862 D TheiaSocketClient: TheiaSend receive content : 4298113028:ApplicationFGCrash:1783869178650
07-12 20:42:58.650  1521 11862 D TheiaSocketClient: send message success
07-12 20:42:58.650  1521  6322 W ContextImpl: Calling a method in the system process without a qualified user: android.app.ContextImpl.sendBroadcast:1175 com.android.server.am.OplusExtraActivityManagerService.setKeyLockModeNormal:51 com.android.server.am.ActivityManagerServiceExtImpl.setKeyLockModeNormal:851 com.android.server.am.ActivityManagerService.appDiedLocked:3389 com.android.server.am.ActivityManagerService$AppDeathRecipient.binderDied:1531 
07-12 20:42:58.650  1892 11981 I theia_socket: recv 4298113028:ApplicationFGCrash:1783869178650
07-12 20:42:58.650  1892 11981 I theia_socket: nowEvent is not KeyEvent
07-12 20:42:58.654  1383  1383 D OplusLayer: ~Layer() sequence=38332, name=a556aa2 com.pryvn.audiophile/com.pryvn.audiophile.CrashActivity#0 0xb4000076b909b000
07-12 20:42:58.653 11133  6863 V DeepThinker: ProcessManager: onProcessDied pid:13326, uid:10524
07-12 20:42:58.655  1521  6946 I OplusHansManager : onUidGone(), 10524 com.pryvn.audiophile exit SM
07-12 20:42:58.657  1383  1383 D OplusMovieIdle: updateLayerStacks,mOmiSupport is not supoort
07-12 20:42:58.657  1383  1383 E CompositionEngine: map unknown (BT709 sRGB Full range)/(Unknown RenderIntent) to default color mode
07-12 20:42:58.660  1279 16817 I vendor.qti.bluetooth@1.0-ibs_handler: ProcessIbsCmd: Received IBS_SLEEP_IND: 0xFE
07-12 20:42:58.660  1279 16817 D vendor.qti.bluetooth@1.0-ibs_handler: SerialClockVote: vote for UART CLK OFF
07-12 20:42:58.661  1521  6322 V OplusZoomWindowManagerService: onAnimationFinished:  r = ActivityRecord{8624a52 u0 com.pryvn.audiophile/.CrashActivity t1650 f}}
07-12 20:42:58.662  1521  6322 D TaskExtImpl: remove ActivityRecord{8624a52 u0 com.pryvn.audiophile/.CrashActivity t-1 f}} to mActivityRecordSum = Counter{ com.pryvn.audiophile/.CrashActivity(1) }
07-12 20:42:58.663  1521  6322 I OplusAccessController: enter isIgnoreAppSwitchActivity
07-12 20:42:58.663  1521  6322 I OplusAccessController: enter isIgnoreAppSwitchActivity and intent != null
07-12 20:42:58.663  1521  6322 I OplusAccessController: enter isIgnoreAppSwitchActivity and componentName != null
07-12 20:42:58.663  1521  6322 I OplusAccessController: enter isIgnoreAppSwitchActivity and packageName&activity is not Empty
07-12 20:42:58.664  1521  6322 V SensorManager: call sensorServiceCommonInterface name: setScreenShotDisable
07-12 20:42:58.664  1521  6322 D SensorService: SensorService sensorServiceCommonInterface = setScreenShotDisable
07-12 20:42:58.664  1521  6322 D SensorServiceImpl: SensorServiceExtImpl sensorServiceCommonInterface funcName= setScreenShotDisable , flag =0, status =0
07-12 20:42:58.666  1521  2705 W ActivityManager: setHasOverlayUi called on unknown pid: 13326
07-12 20:42:58.668  1521  2705 D CompatibilityChangeReporter: Compat change id reported: 135634846; UID 10524; state: DISABLED
07-12 20:42:58.668  1521  2705 D CompatibilityChangeReporter: Compat change id reported: 177438394; UID 10524; state: DISABLED
07-12 20:42:58.668  1521  2705 D CompatibilityChangeReporter: Compat change id reported: 135772972; UID 10524; state: DISABLED
07-12 20:42:58.668  1521  2705 D CompatibilityChangeReporter: Compat change id reported: 135754954; UID 10524; state: ENABLED
07-12 20:42:58.668  1521  2719 D CompatibilityChangeReporter: Compat change id reported: 143937733; UID 10524; state: ENABLED
07-12 20:42:58.675  1383  1383 D OplusMovieIdle: updateLayerStacks,mOmiSupport is not supoort
07-12 20:42:58.675  1383  1383 E CompositionEngine: map unknown (BT709 sRGB Full range)/(Unknown RenderIntent) to default color mode
07-12 20:42:58.679  1143  1143 D Zygote  : Forked child process 13364
07-12 20:42:58.680  1521  2719 E PerformanceManager: addTaskTrackPid failed.
07-12 20:42:58.680  1521  2719 E PerformanceManager: android.os.RemoteException: HwBinder Error: (-74)
07-12 20:42:58.680  1521  2719 E PerformanceManager: 	at android.os.HwRemoteBinder.transact(Native Method)
07-12 20:42:58.680  1521  2719 E PerformanceManager: 	at vendor.oplus.hardware.performance.V1_0.IPerformance$Proxy.addTaskTrackPid(IPerformance.java:2623)
07-12 20:42:58.680  1521  2719 E PerformanceManager: 	at android.os.PerformanceManager.addTaskTrackPid(PerformanceManager.java:859)
07-12 20:42:58.680  1521  2719 E PerformanceManager: 	at com.android.server.am.ProcessList.startProcess(ProcessList.java:2542)
07-12 20:42:58.680  1521  2719 E PerformanceManager: 	at com.android.server.am.ProcessList.handleProcessStart(ProcessList.java:2269)
07-12 20:42:58.680  1521  2719 E PerformanceManager: 	at com.android.server.am.ProcessList.lambda$startProcessLocked$0$ProcessList(ProcessList.java:2188)
07-12 20:42:58.680  1521  2719 E PerformanceManager: 	at com.android.server.am.ProcessList$$ExternalSyntheticLambda1.run(dex-id-9f94b5d14f8ba49c388a6efb5e01394711ca3df5:22)
07-12 20:42:58.680  1521  2719 E PerformanceManager: 	at android.os.Handler.handleCallback(Handler.java:938)
07-12 20:42:58.680  1521  2719 E PerformanceManager: 	at android.os.Handler.dispatchMessage(Handler.java:99)
07-12 20:42:58.680  1521  2719 E PerformanceManager: 	at android.os.Looper.loopOnce(Looper.java:233)
07-12 20:42:58.680  1521  2719 E PerformanceManager: 	at android.os.Looper.loop(Looper.java:344)
07-12 20:42:58.680  1521  2719 E PerformanceManager: 	at android.os.HandlerThread.run(HandlerThread.java:67)
07-12 20:42:58.680  1521  2719 E PerformanceManager: 	at com.android.server.ServiceThread.run(ServiceThread.java:44)
07-12 20:42:58.680  1521  2719 I ActivityManager: Start proc 13364:com.pryvn.audiophile/u0a524 for top-activity {com.pryvn.audiophile/com.pryvn.audiophile.CrashActivity}
07-12 20:42:58.686  1383  1383 D OplusLayer: ~Layer() sequence=38331, name=ActivityRecord{8624a52 u0 com.pryvn.audiophile/.CrashActivity#0 0xb4000076b5fc7880
07-12 20:42:58.687  1383  1383 D OplusMovieIdle: updateLayerStacks,mOmiSupport is not supoort
07-12 20:42:58.687  1383  1383 E CompositionEngine: map unknown (BT709 sRGB Full range)/(Unknown RenderIntent) to default color mode
07-12 20:42:58.690  1279 16817 I vendor.qti.bluetooth@1.0-ibs_handler: ProcessIbsCmd: Received IBS_WAKE_IND: 0xFD
07-12 20:42:58.690  1279 16817 D vendor.qti.bluetooth@1.0-ibs_handler: SerialClockVote: vote for UART CLK ON
07-12 20:42:58.690  1279 16817 I vendor.qti.bluetooth@1.0-ibs_handler: ProcessIbsCmd: Writing IBS_WAKE_ACK
07-12 20:42:58.695 13364 13364 I ryvn.audiophil: Late-enabling -Xcheck:jni
07-12 20:42:58.713 13364 13364 E ryvn.audiophil: Unknown bits set in runtime_flags: 0x40000000
07-12 20:42:58.713 13364 13364 I ryvn.audiophil: Using generational CollectorTypeCC GC.
07-12 20:42:58.716 13364 13364 D ProcessState: Binder ioctl to enable oneway spam detection failed: Invalid argument
07-12 20:42:58.716  3779  3794 I adbd    : jdwp connection from 13364
07-12 20:42:58.720  1299  8047 E ANDR-PERF-LM: StatsProvider: stats_nl_error_callback() 110: NL SOC receive error: No such process
07-12 20:42:58.720  1299  8047 E ANDR-PERF-LM: StatsProvider: sendRecvData() 267: nl_recvmsgs failed return=-12
07-12 20:42:58.720  1299  8047 E ANDR-PERF-LM: StatsProvider: getPIDStats() 119: sendRecvData returned error = -4
07-12 20:42:58.742  1279 16817 I vendor.qti.bluetooth@1.0-ibs_handler: ProcessIbsCmd: Received IBS_SLEEP_IND: 0xFE
07-12 20:42:58.742  1279 16817 D vendor.qti.bluetooth@1.0-ibs_handler: SerialClockVote: vote for UART CLK OFF
07-12 20:42:58.744 13364 13364 I OneTrace: Mark active for pid=13364? true
07-12 20:42:58.744 13364 13364 D cutils-dev: otrace_set_tracing_enabled? true
07-12 20:42:58.745 13364 13368 D cutils-dev: properties changed in otrace_seq_number_changed!
07-12 20:42:58.746  1299  1299 E vendor.qti.hardware.perf@2.2-service: Unknown params
07-12 20:42:58.746  1299  1380 E ANDR-PERF-LM: MetaMeter: handleAsync() 164: AdaptLaunch Invalid Async
07-12 20:42:58.750  1521  6322 I ActivityTaskManager: The Process com.pryvn.audiophile Already Exists in BG. So sending its PID: 13364
07-12 20:42:58.750  1299  1299 E vendor.qti.hardware.perf@2.2-service: Unknown params
07-12 20:42:58.750  1299  1380 E ANDR-PERF-LM: MetaMeter: handleAsync() 164: AdaptLaunch Invalid Async
07-12 20:42:58.751  1299  1380 W ANDR-PERF-LM: MetaMeter: handlePrimaryAsync() 116: PreKill MetaMeter. No MeterMgr Available to handle this Primary Async. !!!!
07-12 20:42:58.751  1521  6322 D OplusDexOptimizeManager: Do not in AppLaunchOptList!
07-12 20:42:58.759  1521  6322 I InputDispatcher: setFocusedApplication displayId=0 ActivityRecord{d74fe25 u0 com.pryvn.audiophile/.CrashActivity t1650}
07-12 20:42:58.759  1326  1326 E PerformanceService: Failed to open /proc/sys/kernel/sched_impt_tgid (2): No such file or directory, Linux version 4.14.180
07-12 20:42:58.761  1521  2664 I GameManagerServiceExt: re: 4, Bundle[mParcelledData.dataSize=196] .
07-12 20:42:58.761  1521  2664 W GameManagerServiceExt: unknown: 4
07-12 20:42:58.761  1323  1323 E ORMS_HAL: open /sys/devices/platform/soc/soc:oplus-omrg/oplus-omrg0/ruler_enable failed(No such file or directory)
07-12 20:42:58.762  1323  1323 E ORMS_HAL: open /sys/devices/platform/soc/soc:oplus-omrg/oplus-omrg0/ruler_enable failed(No such file or directory)
07-12 20:42:58.765  1521  2706 D CompactWindowManagerService: updateBackgroundSurface openingApp: ActivityRecord{d74fe25 u0 com.pryvn.audiophile/.CrashActivity t1650}
07-12 20:42:58.765  1521  2706 D ActivityRecordExtImpl: setting mUseTransferredAnimation to false for ActivityRecord{d74fe25 u0 com.pryvn.audiophile/.CrashActivity t1650}
07-12 20:42:58.766  1299  1379 E ANDR-PERF-OPTSHANDLER: Perflock resource /sys/class/devfreq/soc:qcom,cpubw/bw_hwmon/io_percent not supported
