07-12 20:42:54.198  1521  6946 I OplusHansManager : unfreeze uid: 10468 com.snapchat.android pids: [11289] reason: exitFF scene: LcdOn|FastFreezer
07-12 20:42:54.198  1521  6946 I OplusHansManager : unfreeze uid: 10400 com.microsoft.teams pids: [8154] reason: exitFF scene: LcdOn|FastFreezer
07-12 20:42:54.199  1521  6946 I OplusHansManager : unfreeze uid: 10492 com.instagram.android pids: [26842, 15483] reason: exitFF scene: LcdOn|FastFreezer
07-12 20:42:54.199  1521  6946 I OplusHansManager : exit FastFreezer, unfreeze uids: [10447, 10383, 10350, 10468, 10400, 10492] thaw: [], reason: exitFF
07-12 20:42:54.199 15483 15483 I Choreographer: Skipped 73 frames!  The application may be doing too much work on its main thread.
07-12 20:42:54.200  1521  6946 I OplusHansManager : notify state machine event=FF_EXIT to uids=[10524, 10381, 10383, 10400, 10447]
07-12 20:42:54.230 10905 11357 I Athena  : CommonAction: 24,875,121,4.436129,22
07-12 20:42:54.232 13229 13229 D nativeloader: Configuring clns-4 for other apk /data/app/~~x-Ji1TXCefncpZWXkTYBKQ==/com.pryvn.audiophile-451dUjQu1y8qCjA1jI3rBQ==/base.apk. target_sdk_version=35, uses_libraries=, library_path=/data/app/~~x-Ji1TXCefncpZWXkTYBKQ==/com.pryvn.audiophile-451dUjQu1y8qCjA1jI3rBQ==/lib/arm64:/data/app/~~x-Ji1TXCefncpZWXkTYBKQ==/com.pryvn.audiophile-451dUjQu1y8qCjA1jI3rBQ==/base.apk!/lib/arm64-v8a, permitted_path=/data:/mnt/expand:/data/user/0/com.pryvn.audiophile
07-12 20:42:54.233  1279 16817 I vendor.qti.bluetooth@1.0-ibs_handler: ProcessIbsCmd: Received IBS_SLEEP_IND: 0xFE
07-12 20:42:54.233  1279 16817 D vendor.qti.bluetooth@1.0-ibs_handler: SerialClockVote: vote for UART CLK OFF
07-12 20:42:54.234 13229 13229 I Quality : ActivityThread: createClassLoader delay 902 /data/app/~~x-Ji1TXCefncpZWXkTYBKQ==/com.pryvn.audiophile-451dUjQu1y8qCjA1jI3rBQ==/base.apk 13229
07-12 20:42:54.237 13229 13229 I Quality : ActivityThread: createOrUpdateClassLoaderLocked delay 906 com.pryvn.audiophile 13229
07-12 20:42:54.254 13229 13229 V GraphicsEnvironment: ANGLE Developer option for 'com.pryvn.audiophile' set to: 'default'
07-12 20:42:54.254 13229 13229 V GraphicsEnvironment: Neither updatable production driver nor prerelease driver is supported.
07-12 20:42:54.258 13229 13229 D NetworkSecurityConfig: No Network Security Config specified, using platform default
07-12 20:42:54.258 13229 13229 D NetworkSecurityConfig: No Network Security Config specified, using platform default
07-12 20:42:54.372 13229 13229 I MMKV    : Enable checkProcessMode()
07-12 20:42:54.375 13229 13229 D nativeloader: Load /data/app/~~x-Ji1TXCefncpZWXkTYBKQ==/com.pryvn.audiophile-451dUjQu1y8qCjA1jI3rBQ==/lib/arm64/libmmkv.so using class loader ns clns-4 (caller=/data/app/~~x-Ji1TXCefncpZWXkTYBKQ==/com.pryvn.audiophile-451dUjQu1y8qCjA1jI3rBQ==/base.apk!classes20.dex): ok
07-12 20:42:54.376 13229 13229 I MMKV    : current API level = 31, libc++_shared=0
07-12 20:42:54.376 13229 13229 I MMKV    : <MMKV.cpp:166::initialize> version v1.3.5, page size 4096, arch arm64-v8a
07-12 20:42:54.376 13229 13229 I MMKV    : <MMKV.cpp:177::initialize> armv8 AES instructions is supported
07-12 20:42:54.376 13229 13229 I MMKV    : <MMKV.cpp:185::initialize> armv8 CRC32 instructions is supported
07-12 20:42:54.376 13229 13229 I MMKV    : <MMKV.cpp:225::initializeMMKV> root dir: /data/user/0/com.pryvn.audiophile/files/mmkv
07-12 20:42:54.386  1279 16787 D vendor.qti.bluetooth@1.0-wake_lock: Release wakelock is released 
07-12 20:42:54.447 13229 13229 I MediaController: Init 178383c [AndroidXMedia3/1.4.0] [RMX2170L1, RMX2170, realme, 31]
07-12 20:42:54.483 13229 13229 I Quality : ActivityThread: bindApplication delay 1218 com.pryvn.audiophile 13229
07-12 20:42:54.484 13229 13243 I Quality : Blocked msg = Package name: com.pryvn.audiophile [ schedGroup: 5 schedPolicy: 0 ] process the message: { when=-1s273ms what=110 target=android.app.ActivityThread$H obj=AppBindData{appInfo=ApplicationInfo{f9bfa4b com.pryvn.audiophile}} } took 1218 ms
07-12 20:42:54.486  1323  1323 E ORMS_HAL: open /sys/devices/platform/soc/soc:oplus-omrg/oplus-omrg0/ruler_enable failed(No such file or directory)
07-12 20:42:54.488  1323  1323 E ORMS_HAL: open /sys/devices/platform/soc/soc:oplus-omrg/oplus-omrg0/ruler_enable failed(No such file or directory)
07-12 20:42:54.492  1299  1379 E ANDR-PERF-OPTSHANDLER: Perflock resource /sys/class/devfreq/soc:qcom,cpubw/bw_hwmon/io_percent not supported
07-12 20:42:54.492  1299  1379 E ANDR-PERF-RESOURCEQS: Failed to apply optimization [6, 2]
07-12 20:42:54.492  1299  1379 E ANDR-PERF-OPTSHANDLER: Perflock resource /sys/class/devfreq/soc:qcom,cpubw/bw_hwmon/sample_ms not supported
07-12 20:42:54.492  1299  1379 E ANDR-PERF-RESOURCEQS: Failed to apply optimization [6, 8]
07-12 20:42:54.492  1299  1379 E ANDR-PERF-OPTSHANDLER: Perflock resource SPECIAL_NODE - cpubw_hwmon_hyst_opt not supported
07-12 20:42:54.492  1299  1379 E ANDR-PERF-RESOURCEQS: Failed to apply optimization [6, 3]
07-12 20:42:54.492  1299  1379 E ANDR-PERF-OPTSHANDLER: Perflock resource /sys/class/devfreq/soc:qcom,cpubw/min_freq not supported
07-12 20:42:54.492  1299  1379 E ANDR-PERF-RESOURCEQS: Failed to apply optimization [6, 0]
07-12 20:42:54.492  1299  1379 E ANDR-PERF-OPTSHANDLER: Perflock resource /sys/class/devfreq/soc:qcom,cpubw/max_freq not supported
07-12 20:42:54.492  1299  1379 E ANDR-PERF-RESOURCEQS: Failed to apply optimization [6, 6]
07-12 20:42:54.496  1521 10876 W ActivityManager: setGlThreads detect 13229 13263
07-12 20:42:54.532 13229 13229 I oplus.android.OplusFrameworkFactoryImpl: Unknow feature:IOplusTextViewRTLUtilForUG
07-12 20:42:54.534  6235 14299 D Quality-PerformanceUtils: cpuAllInfo[0] = cur_cpuloading: 45
07-12 20:42:54.534  6235 14299 D Quality-PerformanceUtils: cpuAllInfo[1] = cur_cpu_ctrl: true
07-12 20:42:54.534  6235 14299 D Quality-PerformanceUtils: cpuAllInfo[2] = cur_cpu_logon: false
07-12 20:42:54.534  6235 14299 D Quality-PerformanceUtils: cpuAllInfo[3] = cur_cpu_trig: false
07-12 20:42:54.535  6235 14299 W System.err: java.lang.NoSuchMethodException: android.os.PerformanceManager.getHISchedMiniTask []
07-12 20:42:54.536  6235 14299 W System.err: 	at java.lang.Class.getMethod(Class.java:2942)
07-12 20:42:54.536  6235 14299 W System.err: 	at java.lang.Class.getMethod(Class.java:2442)
07-12 20:42:54.536  6235 14299 W System.err: 	at com.oplus.qualityprotect.e.d.d(dex-id-83ac6f6adc3d0dd98517d9b365499677885db4ab:28)
07-12 20:42:54.536  6235 14299 W System.err: 	at com.oplus.qualityprotect.e.d.k(dex-id-83ac6f6adc3d0dd98517d9b365499677885db4ab:2)
07-12 20:42:54.536  6235 14299 W System.err: 	at com.oplus.qualityprotect.b.p.a(dex-id-83ac6f6adc3d0dd98517d9b365499677885db4ab:322)
07-12 20:42:54.536  6235 14299 W System.err: 	at com.oplus.qualityprotect.b.h.c(dex-id-83ac6f6adc3d0dd98517d9b365499677885db4ab:346)
07-12 20:42:54.536  6235 14299 W System.err: 	at com.oplus.qualityprotect.b.a.a(dex-id-83ac6f6adc3d0dd98517d9b365499677885db4ab:2)
07-12 20:42:54.536  6235 14299 W System.err: 	at com.oplus.qualityprotect.a.a(dex-id-83ac6f6adc3d0dd98517d9b365499677885db4ab:19)
07-12 20:42:54.536  6235 14299 W System.err: 	at com.oplus.qualityprotect.a.a(dex-id-83ac6f6adc3d0dd98517d9b365499677885db4ab:0)
07-12 20:42:54.536  6235 14299 W System.err: 	at com.oplus.qualityprotect.b.run(dex-id-83ac6f6adc3d0dd98517d9b365499677885db4ab:109)
07-12 20:42:54.536  6235 14299 W System.err: 	at java.lang.Thread.run(Thread.java:1572)
07-12 20:42:54.558  6235 14299 W ContextImpl: Calling a method in the system process without a qualified user: android.app.ContextImpl.sendBroadcast:1190 android.content.ContextWrapper.sendBroadcast:494 com.oplus.qualityprotect.p.a:92 com.oplus.qualityprotect.b.h.c:597 com.oplus.qualityprotect.b.a.a:2 
07-12 20:42:54.559  6235 14299 I QualityProtectUtils: OneTraceJankInfoEnd
07-12 20:42:54.559  6235 14285 I Quality-SaveLog: saveSystraceIfNeeded 0, type: block, paramDes: j_id = 9435f890eba0
07-12 20:42:54.559  6235 14285 I Quality-SaveLog: jank_info_version = 3.4
07-12 20:42:54.559  6235 14285 I Quality-SaveLog: boot_time = 172262995
07-12 20:42:54.559  6235 14285 I Quality-SaveLog: boot_type = -999
07-12 20:42:54.559  6235 14285 I Quality-SaveLog: ota_version = RMX2170_11.F.24_3240_202212131616
07-12 20:42:54.559  6235 14285 I Quality-SaveLog: beta_version = false
07-12 20:42:54.559  6235 14285 I Quality-SaveLog: jank_type = block
07-12 20:42:54.559  6235 14285 I Quality-SaveLog: freeMemory = 888512
07-12 20:42:54.559  6235 14285 I Quality-SaveLog: totalMemory = 5682560
07-12 20:42:54.559  6235 14285 I Quality-SaveLog: freeStorage = 38
07-12 20:42:54.559  6235 14285 I Quality-SaveLog: totalStorage = 109
07-12 20:42:54.559  6235 14285 I Quality-SaveLog: packageName = com.pryvn.audiophile
07-12 20:42:54.559  6235 14285 I Quality-SaveLog: pid = 13229
07-12 20:42:54.559  6235 14285 I Quality-SaveLog: versionName = 1.1.0
07-12 20:42:54.559  6235 14285 I Quality-SaveLog: versionCode = 1
07-12 20:42:54.559  6235 14285 I Quality-SaveLog: cost = 1218
07-12 20:42:54.559  6235 14285 I Quality-SaveLog: hasInstalledDamageApp = false
07-12 20:42:54.559  6235 14285 I Quality-SaveLog: isEnableZoomGesture = false
07-12 20:42:54.559  6235 14285 I Quality-SaveLog: activityTop = .MainActivity
07-12 20:42:54.559  6235 14285 I Quality-SaveLog: selfTime = 69
07-12 20:42:54.559  6235 14285 I Quality-SaveLog: isTooManyThirdApp = 94
07-12 20:42:54.559  6235 14285 I Quality-SaveLog: blockStackInfo = null
07-12 20:42:54.559  6235 14285 I Quality-SaveLog: odexReason = unknown
07-12 20:42:54.559  6235 14285 I Quality-SaveLog: odexStatus = run-from-apk
07-12 20:42:54.559  6235 14285 I Quality-SaveLog: refreshRate = 61.000004
07-12 20:42:54.559  6235 14285 I Quality-SaveLog: longLatencyRecord = #######
07-12 20:42:54.559  6235 14285 I Quality-SaveLog: network_type = wifi
07-12 20:42:54.559  6235 14285 I Quality-SaveLog: network_signal = 3
07-12 20:42:54.559  6235 14285 I Quality-SaveLog: cpu_super_big_cluster_max_freq = null
07-12 20:42:54.559  6235 14285 I Quality-SaveLog: cpu_big_cluster_max_freq = 2323200
07-12 20:42:54.559  6235 14285 I Quality-SaveLog: cpu_little_cluster_max_freq = 1804800
07-12 20:42:54.559  6235 14285 I Quality-SaveLog: cpu_orignal_super_big_cluster_max_freq = null
07-12 20:42:54.559  6235 14285 I Quality-SaveLog: cpu_orignal_big_cluster_max_freq = 2323200
07-12 20:42:54.559  6235 14285 I Quality-SaveLog: cpu_orignal_little_cluster_max_freq = 804800
07-12 20:42:54.559  6235 14285 I Quality-SaveLog: orms_limit_record = [[[18382, 1631], [-1, -1], [5, 5], [-1, -1], [5, 5], [-1], [5], [-1], [5], [3], [5]], [[1631, 1603], [-1, -1], [5, 5], [-1, -1], [5, 5], [-1], [5], [-1], [5], [2], [5]], [[1603, 1316], [-1, -1], [5, 5], [-1, -1], [5, 5], [-1], [5], [-1], [5], [1], [5]], [[1316, 713], [-1, -1], [5, 5], [-1, -1], [5, 5], [-1], [5], [-1], [5], [1], [5]], [[713, 0], [-1, -1], [5, 5], [-1, -1], [5, 5], [-1], [5], [-1], [5], [1], [5]]]
07-12 20:42:54.559  6235 14285 I Quality-SaveLog: core_ctl_isolated = 
07-12 20:42:54.559  6235 14285 I Quality-SaveLog: 
07-12 20:42:54.559  6235 14285 I Quality-SaveLog: priority = -10
07-12 20:42:54.559  6235 14285 I Quality-SaveLog: cpu_loading_info = 45
07-12 20:42:54.559  6235 14285 I Quality-SaveLog: cpu_jank_info = 
07-12 20:42:54.559  6235 14285 I Quality-SaveLog: ui_cpu_info = null
07-12 20:42:54.559  6235 14285 I Quality-SaveLog: sched_min_task = null
07-12 20:42:54.559  6235 14285 I Quality-SaveLog: jank_scene = [07/12 20:42:52.970] [FZ] [10447|com.instagram.barcelona]
07-12 20:42:54.559  6235 14285 I Quality-SaveLog: [07/12 20:42:52.972] [FZ] [10468|com.snapchat.android]
07-12 20:42:54.559  6235 14285 I Quality-SaveLog: [07/12 20:42:52.973] [FZ] [10383|in.swiggy.android.instamart]
07-12 20:42:54.559  6235 14285 I Quality-SaveLog: [07/12 20:42:52.982] [FZ] [10400|com.microsoft.teams]
07-12 20:42:54.559  6235 14285 I Quality-SaveLog: [07/12 20:42:52.991] [FZ] [10492|com.instagram.android]
07-12 20:42:54.559  6235 14285 I Quality-SaveLog: [07/12 20:42:52.993] [FZ] [10350|com.whatsapp]
07-12 20:42:54.559  6235 14285 I Quality-SaveLog: [07/12 20:42:40.860] [FZ] [10314|com.nothing.smartcenter]
07-12 20:42:54.559  6235 14285 I Quality-SaveLog: [07/12 20:42:40.954] [U_FZ] [10314|com.nothing.smartcenter]
07-12 20:42:54.559  6235 14285 I Quality-SaveLog: [07/12 20:42:44.112] [FZ] [10381|com.microsoft.appmanager]
07-12 20:42:54.559  6235 14285 I Quality-SaveLog: [07/12 20:42:44.123] [FZ] [10447|com.instagram.barcelona]
07-12 20:42:54.559  6235 14285 I Quality-SaveLog: [07/12 20:42:44.128] [FZ] [10400|com.microsoft.teams]
07-12 20:42:54.559  6235 14285 I Quality-SaveLog: [07/12 20:42:44.577] [U_FZ] [10383|in.swiggy.android.instamart]
07-12 20:42:54.559  6235 14285 I Quality-SaveLog: [07/12 20:42:45.092] [U_FZ] [10381|com.microsoft.appmanager]
07-12 20:42:54.559  6235 14285 I Quality-SaveLog: [07/12 20:42:45.096] [U_FZ] [10447|com.instagram.barcelona]
07-12 20:42:54.559  6235 14285 I Quality-SaveLog: [07/12 20:42:45.102] [U_FZ] [10400|com.microsoft.teams]
07-12 20:42:54.559  6235 14285 I Quality-SaveLog: [07/12 20:42:45.239] [FZ] [10467|me.eternal.purrfect]
07-12 20:42:54.559  6235 14285 I Quality-SaveLog: [07/12 20:42:45.578] [FZ] [10282|in.amazon.mShop.android.shopping]
07-12 20:42:54.559  6235 14285 I Quality-SaveLog: [07/12 20:42:48.462] [FZ] [10349|com.wmods.wppenhacer]
07-12 20:42:54.559  6235 14285 I Quality-SaveLog: [07/12 20:42:50.967] [FZ] [10314|com.nothing.smartcenter]
07-12 20:42:54.559  6235 14285 I Quality-SaveLog: [07/12 20:42:52.960] [frontApp] [10524|com.pryvn.audiophile]
07-12 20:42:54.559  6235 14285 I Quality-SaveLog: 
07-12 20:42:54.559  6235 14285 I Quality-SaveLog: sensorTemp = 38.949
07-12 20:42:54.559  6235 14285 I Quality-SaveLog: batteryTemp = 342
07-12 20:42:54.559  6235 14285 I Quality-SaveLog: 
07-12 20:42:54.559  6235 14285 I Quality-SaveLog: batteryLevel = 93
07-12 20:42:54.559  6235 14285 I Quality-SaveLog: batteryStatus = 2
07-12 20:42:54.559  6235 14285 I Quality-SaveLog: batteryMode = false
07-12 20:42:54.559  6235 14285 I Quality-SaveLog: jank_content =  Package name: com.pryvn.audiophile [ schedGroup: 5 schedPolicy: 0 ] process the message: { when=-1s273ms what=110 target=android.app.ActivityThread$H obj=AppBindData{appInfo=ApplicationInfo{f9bfa4b com.pryvn.audiophile}} } took 1218 ms
07-12 20:42:54.559  6235 14285 I Quality-SaveLog: , fid: 9435f890eba0
07-12 20:42:54.562  6235 14285 I Quality-SaveLog: does NOT dump systrace, abort saving logs
07-12 20:42:54.584  1521  6512 I OplusHansManager : uid=10383, pkg=in.swiggy.android.instamart can transition from M to F
07-12 20:42:54.584  1521  6512 I OplusHansManager : uid=10383, pkg=in.swiggy.android.instamart F enter()
07-12 20:42:54.585  1521  6512 I OplusHansManager : freeze uid: 10383 in.swiggy.android.instamart pids: [9465] scene: LcdOn
07-12 20:42:54.591 13229 13229 I Quality : ActivityThread: activityStart delay 107 com.pryvn.audiophile 13229
07-12 20:42:54.595 13229 13229 D OplusInputMethodUtil: init DEBUG to false, update DEBUG_IME to false
07-12 20:42:54.596 13229 13229 D OplusInputMethodUtil: init DEBUG to false, update DEBUG_IME to false
07-12 20:42:54.603 13229 13229 D OplusSlideAnimOptHelper: com.pryvn.audiophile scrollEffectOpt enable = false
07-12 20:42:54.614 13229 13229 D WindowManager: Add to mViews: DecorView@76db7d0[MainActivity],pkg= com.pryvn.audiophile
07-12 20:42:54.620 13229 13263 D ExtensionsLoader: createInstance(64bit) : createExtendedFactory
07-12 20:42:54.638 13229 13263 D ExtensionsLoader: Opened libhwuiextimpl.so
07-12 20:42:54.639 13229 13229 D ExtensionsLoader: createInstance(64bit) : createExtendedFactory
07-12 20:42:54.640 13229 13229 D ExtensionsLoader: Opened libSchedAssistExtImpl.so
07-12 20:42:54.640 13229 13229 E ryvn.audiophil: ofbOpen failed with error=No such file or directory
07-12 20:42:54.640 13229 13229 E ryvn.audiophil: sysOpen failed with error=No such file or directory
07-12 20:42:54.649  1521  6067 D OplusDisplayPolicy: com.pryvn.audiophile, no change cutoutMode: 3
07-12 20:42:54.655 13229 13229 I Quality : ActivityThread: activityResume delay 61 com.pryvn.audiophile 13229
07-12 20:42:54.656  1383  1383 D OplusMovieIdle: updateLayerStacks,mOmiSupport is not supoort
07-12 20:42:54.656  1383  1383 E CompositionEngine: map unknown (BT709 sRGB Full range)/(Unknown RenderIntent) to default color mode
07-12 20:42:54.657 13229 13229 I Quality : Skipped: false 22 cost 365.05835 refreshRate 0 processName com.pryvn.audiophile
07-12 20:42:54.663 13229 13229 D nativeloader: Load libSchedAssistJni.so using system ns (caller=/system/framework/oplus-framework.jar): ok
07-12 20:42:54.663 13229 13229 D ExtensionsLoader: createInstance(64bit) : createExtendedFactory
07-12 20:42:54.663 13229 13229 D ExtensionsLoader: Opened libSchedAssistExtImpl.so
07-12 20:42:54.673  1383  1383 D OplusMovieIdle: updateLayerStacks,mOmiSupport is not supoort
07-12 20:42:54.673  1383  1383 E CompositionEngine: map unknown (BT709 sRGB Full range)/(Unknown RenderIntent) to default color mode
07-12 20:42:54.750 10905 11357 I Athena  : CommonAction: 22,862,92,8.397419,22
07-12 20:42:54.816  1294  4415 I WifiHAL : event received NL80211_CMD_VENDOR, vendor_id = 0x1374, subcmd = 0xd
07-12 20:42:54.846 13229 13229 I MMKV    : <MemoryFile.cpp:98::open> open fd[0x5b], /data/user/0/com.pryvn.audiophile/files/mmkv/yos_data_normal
07-12 20:42:54.846 13229 13229 I MMKV    : <MemoryFile.cpp:203::mmap> mmap to address [0x747cc6c000], oldPtr [0x0], [/data/user/0/com.pryvn.audiophile/files/mmkv/yos_data_normal]
07-12 20:42:54.847 13229 13229 I MMKV    : <MemoryFile.cpp:98::open> open fd[0x5d], /data/user/0/com.pryvn.audiophile/files/mmkv/yos_data_normal.crc
07-12 20:42:54.847 13229 13229 I MMKV    : <MemoryFile.cpp:203::mmap> mmap to address [0x747cc01000], oldPtr [0x0], [/data/user/0/com.pryvn.audiophile/files/mmkv/yos_data_normal.crc]
07-12 20:42:54.847 13229 13229 I MMKV    : <MemoryFile.cpp:98::open> open fd[0x5e], /data/user/0/com.pryvn.audiophile/files/mmkv/yos_data_song_list
07-12 20:42:54.847 13229 13229 I MMKV    : <MemoryFile.cpp:203::mmap> mmap to address [0x747cc00000], oldPtr [0x0], [/data/user/0/com.pryvn.audiophile/files/mmkv/yos_data_song_list]
07-12 20:42:54.848 13229 13229 I MMKV    : <MemoryFile.cpp:98::open> open fd[0x5f], /data/user/0/com.pryvn.audiophile/files/mmkv/yos_data_song_list.crc
07-12 20:42:54.848 13229 13229 I MMKV    : <MemoryFile.cpp:203::mmap> mmap to address [0x747cbff000], oldPtr [0x0], [/data/user/0/com.pryvn.audiophile/files/mmkv/yos_data_song_list.crc]
07-12 20:42:54.848 13229 13229 I MMKV    : <MemoryFile.cpp:98::open> open fd[0x60], /data/user/0/com.pryvn.audiophile/files/mmkv/yos_data_settings
07-12 20:42:54.848 13229 13229 I MMKV    : <MemoryFile.cpp:203::mmap> mmap to address [0x747cbfe000], oldPtr [0x0], [/data/user/0/com.pryvn.audiophile/files/mmkv/yos_data_settings]
07-12 20:42:54.848 13229 13229 I MMKV    : <MemoryFile.cpp:98::open> open fd[0x61], /data/user/0/com.pryvn.audiophile/files/mmkv/yos_data_settings.crc
07-12 20:42:54.848 13229 13229 I MMKV    : <MemoryFile.cpp:203::mmap> mmap to address [0x747cbfd000], oldPtr [0x0], [/data/user/0/com.pryvn.audiophile/files/mmkv/yos_data_settings.crc]
07-12 20:42:54.848 13229 13229 I MMKV    : <MemoryFile.cpp:98::open> open fd[0x62], /data/user/0/com.pryvn.audiophile/files/mmkv/yos_data_play_list
07-12 20:42:54.848 13229 13229 I MMKV    : <MemoryFile.cpp:203::mmap> mmap to address [0x747cbbf000], oldPtr [0x0], [/data/user/0/com.pryvn.audiophile/files/mmkv/yos_data_play_list]
07-12 20:42:54.849 13229 13229 I MMKV    : <MemoryFile.cpp:98::open> open fd[0x63], /data/user/0/com.pryvn.audiophile/files/mmkv/yos_data_play_list.crc
07-12 20:42:54.849 13229 13229 I MMKV    : <MemoryFile.cpp:203::mmap> mmap to address [0x747cbbe000], oldPtr [0x0], [/data/user/0/com.pryvn.audiophile/files/mmkv/yos_data_play_list.crc]
07-12 20:42:54.850 13229 13229 I MMKV    : <MMKV_IO.cpp:214::loadMetaInfoAndCheck> meta file [yos_data_settings] has flag [0]
07-12 20:42:54.850 13229 13229 I MMKV    : <MMKV_IO.cpp:84::loadFromFile> loading [yos_data_settings] with 0 actual size, file size 4096, InterProcess 0, meta info version:4
07-12 20:42:54.850 13229 13229 I MMKV    : <MMKV_IO.cpp:133::loadFromFile> loaded [yos_data_settings] with 0 key-values
07-12 20:42:54.881 13229 13229 I System.out: 重组：底层载体
07-12 20:42:54.881 13229 13229 I System.out: 重组：主载体
07-12 20:42:54.909 13229 13229 I System.out: 重组：主界面
07-12 20:42:54.942  1323  1323 E ORMS_HAL: open /sys/devices/platform/soc/soc:oplus-omrg/oplus-omrg0/ruler_enable failed(No such file or directory)
07-12 20:42:54.943  1323  1323 E ORMS_HAL: open /sys/devices/platform/soc/soc:oplus-omrg/oplus-omrg0/ruler_enable failed(No such file or directory)
07-12 20:42:54.946  1299  1379 E ANDR-PERF-OPTSHANDLER: Perflock resource /sys/class/devfreq/soc:qcom,cpubw/bw_hwmon/io_percent not supported
07-12 20:42:54.946  1299  1379 E ANDR-PERF-RESOURCEQS: Failed to apply optimization [6, 2]
07-12 20:42:54.946  1299  1379 E ANDR-PERF-OPTSHANDLER: Perflock resource /sys/class/devfreq/soc:qcom,cpubw/bw_hwmon/sample_ms not supported
07-12 20:42:54.946  1299  1379 E ANDR-PERF-RESOURCEQS: Failed to apply optimization [6, 8]
07-12 20:42:54.946  1299  1379 E ANDR-PERF-OPTSHANDLER: Perflock resource SPECIAL_NODE - cpubw_hwmon_hyst_opt not supported
07-12 20:42:54.946  1299  1379 E ANDR-PERF-RESOURCEQS: Failed to apply optimization [6, 3]
07-12 20:42:54.946  1299  1379 E ANDR-PERF-OPTSHANDLER: Perflock resource /sys/class/devfreq/soc:qcom,cpubw/min_freq not supported
07-12 20:42:54.946  1299  1379 E ANDR-PERF-RESOURCEQS: Failed to apply optimization [6, 0]
07-12 20:42:54.946  1299  1379 E ANDR-PERF-OPTSHANDLER: Perflock resource /sys/class/devfreq/soc:qcom,cpubw/max_freq not supported
07-12 20:42:54.946  1299  1379 E ANDR-PERF-RESOURCEQS: Failed to apply optimization [6, 6]
07-12 20:42:54.965  1521  3172 D Osense-DecisionMaker: notifyDelayedSceneToPolicy
07-12 20:42:54.965  1521  3172 I Osense-DecisionMaker: notifySceneToPolicy...SCENE_APP_SWITCH
07-12 20:42:54.965  1521  3172 D Osense-DecisionMaker: getCurrentSysStats, memMb: 858, freememMb: 91
07-12 20:42:54.965  1521  3172 D Osense-MemoryReaderUtils: actualSwapTotalMem: 0, actualSwapFreeMem: 0
07-12 20:42:54.965  1521  3172 D Osense-DecisionMaker: getCurrentSysStats, zramLoad: 0
07-12 20:42:54.967  1521  3172 I Osense-DecisionMaker: scene: SCENE_APP_SWITCH, excutingPolicy: clear
07-12 20:42:54.967  1521  3172 D Osense-DecisionMaker: invoke clear policy,type: force-speed
07-12 20:42:54.967  1521  3172 E AthenaService: AthenaLocalService: requestId:1453purposeMemory:1200,appcareThreshold:59,adj:-2147483648, type:force-speed
07-12 20:42:54.969  1521  6901 I AthenaService: MemoryGuardAction: 11 release memory begin, purposeMemory 1200
07-12 20:42:55.004  1521  6901 I AthenaService: MemoryGuardAction: [START] clear_type=392[11], 858MB, 1200MB, appcare=59, fast=true
07-12 20:42:55.004  1521  6901 I AthenaService: MemoryGuardAction: round:1, available memory:858
07-12 20:42:55.026  1521 13270 I DeepThinkerSDK: [APP] ClientConnection: getDeepThinkerBridge start
07-12 20:42:55.026  1521 13270 I DeepThinkerSDK: [APP] ClientConnection: getDeepThinkerBridge end
07-12 20:42:55.029  1521 13270 I DeepThinkerSDK: [APP] ClientConnection: getDeepThinkerBridge start
07-12 20:42:55.029  1521 13270 I DeepThinkerSDK: [APP] ClientConnection: getDeepThinkerBridge end
07-12 20:42:55.043  1521 13270 I DeepThinkerSDK: [APP] ClientConnection: getDeepThinkerBridge start
07-12 20:42:55.043  1521 13270 I DeepThinkerSDK: [APP] ClientConnection: getDeepThinkerBridge end
07-12 20:42:55.073  1521 13270 I DeepThinkerSDK: [APP] ClientConnection: getDeepThinkerBridge start
07-12 20:42:55.073  1521 13270 I DeepThinkerSDK: [APP] ClientConnection: getDeepThinkerBridge end
07-12 20:42:55.076  1521  6901 D AudioServiceExtImpl: oplusGetParameters() keyValuePairs:OPLUS_AUDIO_GET_FOCUS_STACKUid: 1000
07-12 20:42:55.077  1521 13270 I DeepThinkerSDK: [APP] ClientConnection: getDeepThinkerBridge start
07-12 20:42:55.077  1521 13270 I DeepThinkerSDK: [APP] ClientConnection: getDeepThinkerBridge end
07-12 20:42:55.083 13229 13229 D AndroidRuntime: Shutting down VM
--------- beginning of crash
07-12 20:42:55.084 13229 13229 E AndroidRuntime: FATAL EXCEPTION: main
07-12 20:42:55.084 13229 13229 E AndroidRuntime: Process: com.pryvn.audiophile, PID: 13229
07-12 20:42:55.084 13229 13229 E AndroidRuntime: java.lang.NoSuchMethodError: No static method layout$default(Landroidx/compose/ui/layout/MeasureScope;IILjava/util/Map;Lkotlin/jvm/functions/Function1;ILjava/lang/Object;)Landroidx/compose/ui/layout/MeasureResult; in class Landroidx/compose/ui/layout/MeasureScope; or its super classes (declaration of 'androidx.compose.ui.layout.MeasureScope' appears in /data/app/~~x-Ji1TXCefncpZWXkTYBKQ==/com.pryvn.audiophile-451dUjQu1y8qCjA1jI3rBQ==/base.apk!classes18.dex)
07-12 20:42:55.084 13229 13229 E AndroidRuntime: 	at androidx.compose.foundation.layout.BoxMeasurePolicy.measure-3p2s80s(Box.kt:133)
07-12 20:42:55.084 13229 13229 E AndroidRuntime: 	at androidx.compose.ui.node.InnerNodeCoordinator$LookaheadDelegateImpl.measure-BRTryo0(InnerNodeCoordinator.kt:83)
07-12 20:42:55.084 13229 13229 E AndroidRuntime: 	at androidx.compose.animation.SharedTransitionScopeKt$SharedTransitionScope$1$1$1.invoke-3p2s80s(SharedTransitionScope.kt:146)
07-12 20:42:55.084 13229 13229 E AndroidRuntime: 	at androidx.compose.animation.SharedTransitionScopeKt$SharedTransitionScope$1$1$1.invoke(SharedTransitionScope.kt:145)
07-12 20:42:55.084 13229 13229 E AndroidRuntime: 	at androidx.compose.ui.layout.LayoutModifierImpl.measure-3p2s80s(LayoutModifier.kt:294)
07-12 20:42:55.084 13229 13229 E AndroidRuntime: 	at androidx.compose.ui.node.LayoutModifierNodeCoordinator$LookaheadDelegateForLayoutModifierNode.measure-BRTryo0(LayoutModifierNodeCoordinator.kt:94)
07-12 20:42:55.084 13229 13229 E AndroidRuntime: 	at androidx.compose.ui.node.LayoutNodeLayoutDelegate$performLookaheadMeasure$1.invoke(LayoutNodeLayoutDelegate.kt:1802)
07-12 20:42:55.084 13229 13229 E AndroidRuntime: 	at androidx.compose.ui.node.LayoutNodeLayoutDelegate$performLookaheadMeasure$1.invoke(LayoutNodeLayoutDelegate.kt:1801)
07-12 20:42:55.084 13229 13229 E AndroidRuntime: 	at androidx.compose.runtime.snapshots.Snapshot$Companion.observe(Snapshot.kt:503)
07-12 20:42:55.084 13229 13229 E AndroidRuntime: 	at androidx.compose.runtime.snapshots.SnapshotStateObserver$ObservedScopeMap.observe(SnapshotStateObserver.kt:502)
07-12 20:42:55.084 13229 13229 E AndroidRuntime: 	at androidx.compose.runtime.snapshots.SnapshotStateObserver.observeReads(SnapshotStateObserver.kt:258)
07-12 20:42:55.084 13229 13229 E AndroidRuntime: 	at androidx.compose.ui.node.OwnerSnapshotObserver.observeReads$ui_release(OwnerSnapshotObserver.kt:133)
07-12 20:42:55.084 13229 13229 E AndroidRuntime: 	at androidx.compose.ui.node.OwnerSnapshotObserver.observeMeasureSnapshotReads$ui_release(OwnerSnapshotObserver.kt:111)
07-12 20:42:55.084 13229 13229 E AndroidRuntime: 	at androidx.compose.ui.node.OwnerSnapshotObserver.observeMeasureSnapshotReads$ui_release$default(OwnerSnapshotObserver.kt:105)
07-12 20:42:55.084 13229 13229 E AndroidRuntime: 	at androidx.compose.ui.node.LayoutNodeLayoutDelegate.performLookaheadMeasure-BRTryo0(LayoutNodeLayoutDelegate.kt:1801)
07-12 20:42:55.084 13229 13229 E AndroidRuntime: 	at androidx.compose.ui.node.LayoutNodeLayoutDelegate.access$performLookaheadMeasure-BRTryo0(LayoutNodeLayoutDelegate.kt:40)
07-12 20:42:55.084 13229 13229 E AndroidRuntime: 	at androidx.compose.ui.node.LayoutNodeLayoutDelegate$LookaheadPassDelegate.remeasure-BRTryo0(LayoutNodeLayoutDelegate.kt:1431)
07-12 20:42:55.084 13229 13229 E AndroidRuntime: 	at androidx.compose.ui.node.LayoutNodeLayoutDelegate$LookaheadPassDelegate.measure-BRTryo0(LayoutNodeLayoutDelegate.kt:1368)
07-12 20:42:55.084 13229 13229 E AndroidRuntime: 	at androidx.compose.ui.node.LayoutNodeLayoutDelegate$MeasurePassDelegate.measure-BRTryo0(LayoutNodeLayoutDelegate.kt:668)
07-12 20:42:55.084 13229 13229 E AndroidRuntime: 	at androidx.compose.foundation.layout.BoxMeasurePolicy.measure-3p2s80s(Box.kt:173)
07-12 20:42:55.084 13229 13229 E AndroidRuntime: 	at androidx.compose.ui.node.InnerNodeCoordinator.measure-BRTryo0(InnerNodeCoordinator.kt:135)
07-12 20:42:55.084 13229 13229 E AndroidRuntime: 	at androidx.compose.ui.graphics.SimpleGraphicsLayerModifier.measure-3p2s80s(GraphicsLayerModifier.kt:646)
07-12 20:42:55.084 13229 13229 E AndroidRuntime: 	at androidx.compose.ui.node.LayoutModifierNodeCoordinator.measure-BRTryo0(LayoutModifierNodeCoordinator.kt:188)
07-12 20:42:55.084 13229 13229 E AndroidRuntime: 	at androidx.compose.ui.graphics.BlockGraphicsLayerModifier.measure-3p2s80s(GraphicsLayerModifier.kt:578)
07-12 20:42:55.084 13229 13229 E AndroidRuntime: 	at androidx.compose.ui.node.LayoutModifierNodeCoordinator.measure-BRTryo0(LayoutModifierNodeCoordinator.kt:188)
07-12 20:42:55.084 13229 13229 E AndroidRuntime: 	at androidx.compose.ui.graphics.BlockGraphicsLayerModifier.measure-3p2s80s(GraphicsLayerModifier.kt:578)
07-12 20:42:55.084 13229 13229 E AndroidRuntime: 	at androidx.compose.ui.node.LayoutModifierNodeCoordinator.measure-BRTryo0(LayoutModifierNodeCoordinator.kt:188)
07-12 20:42:55.084 13229 13229 E AndroidRuntime: 	at androidx.compose.foundation.layout.FillNode.measure-3p2s80s(Size.kt:699)
07-12 20:42:55.084 13229 13229 E AndroidRuntime: 	at androidx.compose.ui.node.LayoutModifierNodeCoordinator.measure-BRTryo0(LayoutModifierNodeCoordinator.kt:188)
07-12 20:42:55.084 13229 13229 E AndroidRuntime: 	at androidx.compose.ui.node.LayoutNodeLayoutDelegate$performMeasureBlock$1.invoke(LayoutNodeLayoutDelegate.kt:316)
07-12 20:42:55.084 13229 13229 E AndroidRuntime: 	at androidx.compose.ui.node.LayoutNodeLayoutDelegate$performMeasureBlock$1.invoke(LayoutNodeLayoutDelegate.kt:315)
07-12 20:42:55.086 13229 13229 E AndroidRuntime: 	at androidx.compose.runtime.snapshots.Snapshot$Companion.observe(Snapshot.kt:503)
07-12 20:42:55.086 13229 13229 E AndroidRuntime: 	at androidx.compose.runtime.snapshots.SnapshotStateObserver$ObservedScopeMap.observe(SnapshotStateObserver.kt:502)
07-12 20:42:55.086 13229 13229 E AndroidRuntime: 	at androidx.compose.runtime.snapshots.SnapshotStateObserver.observeReads(SnapshotStateObserver.kt:258)
07-12 20:42:55.086 13229 13229 E AndroidRuntime: 	at androidx.compose.ui.node.OwnerSnapshotObserver.observeReads$ui_release(OwnerSnapshotObserver.kt:133)
07-12 20:42:55.086 13229 13229 E AndroidRuntime: 	at androidx.compose.ui.node.OwnerSnapshotObserver.observeMeasureSnapshotReads$ui_release(OwnerSnapshotObserver.kt:113)
07-12 20:42:55.086 13229 13229 E AndroidRuntime: 	at androidx.compose.ui.node.LayoutNodeLayoutDelegate.performMeasure-BRTryo0(LayoutNodeLayoutDelegate.kt:1782)
07-12 20:42:55.086 13229 13229 E AndroidRuntime: 	at androidx.compose.ui.node.LayoutNodeLayoutDelegate.access$performMeasure-BRTryo0(LayoutNodeLayoutDelegate.kt:40)
07-12 20:42:55.086 13229 13229 E AndroidRuntime: 	at androidx.compose.ui.node.LayoutNodeLayoutDelegate$MeasurePassDelegate.remeasure-BRTryo0(LayoutNodeLayoutDelegate.kt:696)
07-12 20:42:55.086 13229 13229 E AndroidRuntime: 	at androidx.compose.ui.node.LayoutNodeLayoutDelegate$MeasurePassDelegate.measure-BRTryo0(LayoutNodeLayoutDelegate.kt:672)
07-12 20:42:55.086 13229 13229 E AndroidRuntime: 	at androidx.compose.ui.layout.RootMeasurePolicy.measure-3p2s80s(RootMeasurePolicy.kt:38)
07-12 20:42:55.086 13229 13229 E AndroidRuntime: 	at androidx.compose.ui.node.InnerNodeCoordinator.measure-BRTryo0(InnerNodeCoordinator.kt:135)
07-12 20:42:55.086 13229 13229 E AndroidRuntime: 	at androidx.compose.ui.node.LayoutNodeLayoutDelegate$performMeasureBlock$1.invoke(LayoutNodeLayoutDelegate.kt:316)
07-12 20:42:55.086 13229 13229 E AndroidRuntime: 	at androidx.compose.ui.node.LayoutNodeLayoutDelegate$performMeasureBlock$1.invoke(LayoutNodeLayoutDelegate.kt:315)
07-12 20:42:55.086 13229 13229 E AndroidRuntime: 	at androidx.compose.runtime.snapshots.Snapshot$Companion.observe(Snapshot.kt:2441)
07-12 20:42:55.086 13229 13229 E AndroidRuntime: 	at androidx.compose.runtime.snapshots.SnapshotStateObserver$ObservedScopeMap.observe(SnapshotStateObserver.kt:502)
07-12 20:42:55.086 13229 13229 E AndroidRuntime: 	at androidx.compose.runtime.snapshots.SnapshotStateObserver.observeReads(SnapshotStateObserver.kt:258)
07-12 20:42:55.086 13229 13229 E AndroidRuntime: 	at androidx.compose.ui.node.OwnerSnapshotObserver.observeReads$ui_release(OwnerSnapshotObserver.kt:133)
07-12 20:42:55.086 13229 13229 E AndroidRuntime: 	at androidx.compose.ui.node.OwnerSnapshotObserver.observeMeasureSnapshotReads$ui_release(OwnerSnapshotObserver.kt:113)
07-12 20:42:55.086 13229 13229 E AndroidRuntime: 	at androidx.compose.ui.node.LayoutNodeLayoutDelegate.performMeasure-BRTryo0(LayoutNodeLayoutDelegate.kt:1782)
07-12 20:42:55.086 13229 13229 E AndroidRuntime: 	at androidx.compose.ui.node.LayoutNodeLayoutDelegate.access$performMeasure-BRTryo0(LayoutNodeLayoutDelegate.kt:40)
07-12 20:42:55.086 13229 13229 E AndroidRuntime: 	at androidx.compose.ui.node.LayoutNodeLayoutDelegate$MeasurePassDelegate.remeasure-BRTryo0(LayoutNodeLayoutDelegate.kt:696)
07-12 20:42:55.086 13229 13229 E AndroidRuntime: 	at androidx.compose.ui.node.LayoutNode.remeasure-_Sx5XlM$ui_release(LayoutNode.kt:1222)
07-12 20:42:55.086 13229 13229 E AndroidRuntime: 	at androidx.compose.ui.node.MeasureAndLayoutDelegate.doRemeasure-sdFAvZA(MeasureAndLayoutDelegate.kt:367)
07-12 20:42:55.086 13229 13229 E AndroidRuntime: 	at androidx.compose.ui.node.MeasureAndLayoutDelegate.remeasureOnly(MeasureAndLayoutDelegate.kt:622)
07-12 20:42:55.086 13229 13229 E AndroidRuntime: 	at androidx.compose.ui.node.MeasureAndLayoutDelegate.measureOnly(MeasureAndLayoutDelegate.kt:420)
07-12 20:42:55.086 13229 13229 E AndroidRuntime: 	at androidx.compose.ui.platform.AndroidComposeView.onMeasure(AndroidComposeView.android.kt:1370)
07-12 20:42:55.086 13229 13229 E AndroidRuntime: 	at android.view.View.measure(View.java:25988)
07-12 20:42:55.086 13229 13229 E AndroidRuntime: 	at androidx.compose.ui.platform.AbstractComposeView.internalOnMeasure$ui_release(ComposeView.android.kt:309)
07-12 20:42:55.086 13229 13229 E AndroidRuntime: 	at androidx.compose.ui.platform.AbstractComposeView.onMeasure(ComposeView.android.kt:296)
07-12 20:42:55.086 13229 13229 E AndroidRuntime: 	at android.view.View.measure(View.java:25988)
07-12 20:42:55.086 13229 13229 E AndroidRuntime: 	at android.view.ViewGroup.measureChildWithMargins(ViewGroup.java:7073)
07-12 20:42:55.086 13229 13229 E AndroidRuntime: 	at android.widget.FrameLayout.onMeasure(FrameLayout.java:194)
07-12 20:42:55.086 13229 13229 E AndroidRuntime: 	at android.view.View.measure(View.java:25988)
07-12 20:42:55.086 13229 13229 E AndroidRuntime: 	at android.view.ViewGroup.measureChildWithMargins(ViewGroup.java:7073)
07-12 20:42:55.086 13229 13229 E AndroidRuntime: 	at android.widget.LinearLayout.measureChildBeforeLayout(LinearLayout.java:1552)
07-12 20:42:55.086 13229 13229 E AndroidRuntime: 	at android.widget.LinearLayout.measureVertical(LinearLayout.java:842)
07-12 20:42:55.086 13229 13229 E AndroidRuntime: 	at android.widget.LinearLayout.onMeasure(LinearLayout.java:721)
07-12 20:42:55.086 13229 13229 E AndroidRuntime: 	at android.view.View.measure(View.java:25988)
07-12 20:42:55.086 13229 13229 E AndroidRuntime: 	at android.view.ViewGroup.measureChildWithMargins(ViewGroup.java:7073)
07-12 20:42:55.086 13229 13229 E AndroidRuntime: 	at android.widget.FrameLayout.onMeasure(FrameLayout.java:194)
07-12 20:42:55.086 13229 13229 E AndroidRuntime: 	at com.android.internal.policy.DecorView.onMeasure(DecorView.java:832)
07-12 20:42:55.086 13229 13229 E AndroidRuntime: 	at android.view.View.measure(View.java:25988)
07-12 20:42:55.086 13229 13229 E AndroidRuntime: 	at android.view.ViewRootImpl.performMeasure(ViewRootImpl.java:3854)
07-12 20:42:55.086 13229 13229 E AndroidRuntime: 	at android.view.ViewRootImpl.measureHierarchy(ViewRootImpl.java:2593)
07-12 20:42:55.086 13229 13229 E AndroidRuntime: 	at android.view.ViewRootImpl.performTraversals(ViewRootImpl.java:2863)
07-12 20:42:55.086 13229 13229 E AndroidRuntime: 	at android.view.ViewRootImpl.doTraversal(ViewRootImpl.java:2305)
07-12 20:42:55.086 13229 13229 E AndroidRuntime: 	at android.view.ViewRootImpl$TraversalRunnable.run(ViewRootImpl.java:9133)
07-12 20:42:55.086 13229 13229 E AndroidRuntime: 	at android.view.Choreographer$CallbackRecord.run(Choreographer.java:1232)
07-12 20:42:55.086 13229 13229 E AndroidRuntime: 	at android.view.Choreographer.doCallbacks(Choreographer.java:1029)
07-12 20:42:55.086 13229 13229 E AndroidRuntime: 	at android.view.Choreographer.doFrame(Choreographer.java:934)
07-12 20:42:55.086 13229 13229 E AndroidRuntime: 	at android.view.Choreographer$FrameDisplayEventReceiver.run(Choreographer.java:1217)
07-12 20:42:55.086 13229 13229 E AndroidRuntime: 	at android.os.Handler.handleCallback(Handler.java:938)
07-12 20:42:55.086 13229 13229 E AndroidRuntime: 	at android.os.Handler.dispatchMessage(Handler.java:99)
07-12 20:42:55.086 13229 13229 E AndroidRuntime: 	at android.os.Looper.loopOnce(Looper.java:233)
07-12 20:42:55.086 13229 13229 E AndroidRuntime: 	at android.os.Looper.loop(Looper.java:344)
07-12 20:42:55.086 13229 13229 E AndroidRuntime: 	at android.app.ActivityThread.main(ActivityThread.java:8212)
07-12 20:42:55.086 13229 13229 E AndroidRuntime: 	at java.lang.reflect.Method.invoke(Native Method)
07-12 20:42:55.086 13229 13229 E AndroidRuntime: 	at com.android.internal.os.RuntimeInit$MethodAndArgsCaller.run(RuntimeInit.java:584)
07-12 20:42:55.086 13229 13229 E AndroidRuntime: 	at com.android.internal.os.ZygoteInit.main(ZygoteInit.java:1034)
07-12 20:42:55.087 13229 13229 W System.err: java.lang.NoSuchMethodError: No static method layout$default(Landroidx/compose/ui/layout/MeasureScope;IILjava/util/Map;Lkotlin/jvm/functions/Function1;ILjava/lang/Object;)Landroidx/compose/ui/layout/MeasureResult; in class Landroidx/compose/ui/layout/MeasureScope; or its super classes (declaration of 'androidx.compose.ui.layout.MeasureScope' appears in /data/app/~~x-Ji1TXCefncpZWXkTYBKQ==/com.pryvn.audiophile-451dUjQu1y8qCjA1jI3rBQ==/base.apk!classes18.dex)
07-12 20:42:55.087 13229 13229 W System.err: 	at androidx.compose.foundation.layout.BoxMeasurePolicy.measure-3p2s80s(Box.kt:133)
07-12 20:42:55.087 13229 13229 W System.err: 	at androidx.compose.ui.node.InnerNodeCoordinator$LookaheadDelegateImpl.measure-BRTryo0(InnerNodeCoordinator.kt:83)
07-12 20:42:55.087 13229 13229 W System.err: 	at androidx.compose.animation.SharedTransitionScopeKt$SharedTransitionScope$1$1$1.invoke-3p2s80s(SharedTransitionScope.kt:146)
07-12 20:42:55.087 13229 13229 W System.err: 	at androidx.compose.animation.SharedTransitionScopeKt$SharedTransitionScope$1$1$1.invoke(SharedTransitionScope.kt:145)
07-12 20:42:55.087 13229 13229 W System.err: 	at androidx.compose.ui.layout.LayoutModifierImpl.measure-3p2s80s(LayoutModifier.kt:294)
07-12 20:42:55.087 13229 13229 W System.err: 	at androidx.compose.ui.node.LayoutModifierNodeCoordinator$LookaheadDelegateForLayoutModifierNode.measure-BRTryo0(LayoutModifierNodeCoordinator.kt:94)
07-12 20:42:55.087 13229 13229 W System.err: 	at androidx.compose.ui.node.LayoutNodeLayoutDelegate$performLookaheadMeasure$1.invoke(LayoutNodeLayoutDelegate.kt:1802)
07-12 20:42:55.087 13229 13229 W System.err: 	at androidx.compose.ui.node.LayoutNodeLayoutDelegate$performLookaheadMeasure$1.invoke(LayoutNodeLayoutDelegate.kt:1801)
07-12 20:42:55.087 13229 13229 W System.err: 	at androidx.compose.runtime.snapshots.Snapshot$Companion.observe(Snapshot.kt:503)
07-12 20:42:55.087 13229 13229 W System.err: 	at androidx.compose.runtime.snapshots.SnapshotStateObserver$ObservedScopeMap.observe(SnapshotStateObserver.kt:502)
07-12 20:42:55.087 13229 13229 W System.err: 	at androidx.compose.runtime.snapshots.SnapshotStateObserver.observeReads(SnapshotStateObserver.kt:258)
07-12 20:42:55.087 13229 13229 W System.err: 	at androidx.compose.ui.node.OwnerSnapshotObserver.observeReads$ui_release(OwnerSnapshotObserver.kt:133)
07-12 20:42:55.087 13229 13229 W System.err: 	at androidx.compose.ui.node.OwnerSnapshotObserver.observeMeasureSnapshotReads$ui_release(OwnerSnapshotObserver.kt:111)
07-12 20:42:55.087 13229 13229 W System.err: 	at androidx.compose.ui.node.OwnerSnapshotObserver.observeMeasureSnapshotReads$ui_release$default(OwnerSnapshotObserver.kt:105)
07-12 20:42:55.087 13229 13229 W System.err: 	at androidx.compose.ui.node.LayoutNodeLayoutDelegate.performLookaheadMeasure-BRTryo0(LayoutNodeLayoutDelegate.kt:1801)
07-12 20:42:55.087 13229 13229 W System.err: 	at androidx.compose.ui.node.LayoutNodeLayoutDelegate.access$performLookaheadMeasure-BRTryo0(LayoutNodeLayoutDelegate.kt:40)
07-12 20:42:55.087 13229 13229 W System.err: 	at androidx.compose.ui.node.LayoutNodeLayoutDelegate$LookaheadPassDelegate.remeasure-BRTryo0(LayoutNodeLayoutDelegate.kt:1431)
07-12 20:42:55.087 13229 13229 W System.err: 	at androidx.compose.ui.node.LayoutNodeLayoutDelegate$LookaheadPassDelegate.measure-BRTryo0(LayoutNodeLayoutDelegate.kt:1368)
07-12 20:42:55.087 13229 13229 W System.err: 	at androidx.compose.ui.node.LayoutNodeLayoutDelegate$MeasurePassDelegate.measure-BRTryo0(LayoutNodeLayoutDelegate.kt:668)
07-12 20:42:55.088 13229 13229 W System.err: 	at androidx.compose.foundation.layout.BoxMeasurePolicy.measure-3p2s80s(Box.kt:173)
07-12 20:42:55.088 13229 13229 W System.err: 	at androidx.compose.ui.node.InnerNodeCoordinator.measure-BRTryo0(InnerNodeCoordinator.kt:135)
07-12 20:42:55.088 13229 13229 W System.err: 	at androidx.compose.ui.graphics.SimpleGraphicsLayerModifier.measure-3p2s80s(GraphicsLayerModifier.kt:646)
07-12 20:42:55.088 13229 13229 W System.err: 	at androidx.compose.ui.node.LayoutModifierNodeCoordinator.measure-BRTryo0(LayoutModifierNodeCoordinator.kt:188)
07-12 20:42:55.088 13229 13229 W System.err: 	at androidx.compose.ui.graphics.BlockGraphicsLayerModifier.measure-3p2s80s(GraphicsLayerModifier.kt:578)
07-12 20:42:55.088 13229 13229 W System.err: 	at androidx.compose.ui.node.LayoutModifierNodeCoordinator.measure-BRTryo0(LayoutModifierNodeCoordinator.kt:188)
07-12 20:42:55.088 13229 13229 W System.err: 	at androidx.compose.ui.graphics.BlockGraphicsLayerModifier.measure-3p2s80s(GraphicsLayerModifier.kt:578)
07-12 20:42:55.088 13229 13229 W System.err: 	at androidx.compose.ui.node.LayoutModifierNodeCoordinator.measure-BRTryo0(LayoutModifierNodeCoordinator.kt:188)
07-12 20:42:55.088 13229 13229 W System.err: 	at androidx.compose.foundation.layout.FillNode.measure-3p2s80s(Size.kt:699)
07-12 20:42:55.088 13229 13229 W System.err: 	at androidx.compose.ui.node.LayoutModifierNodeCoordinator.measure-BRTryo0(LayoutModifierNodeCoordinator.kt:188)
07-12 20:42:55.088 13229 13229 W System.err: 	at androidx.compose.ui.node.LayoutNodeLayoutDelegate$performMeasureBlock$1.invoke(LayoutNodeLayoutDelegate.kt:316)
07-12 20:42:55.088 13229 13229 W System.err: 	at androidx.compose.ui.node.LayoutNodeLayoutDelegate$performMeasureBlock$1.invoke(LayoutNodeLayoutDelegate.kt:315)
07-12 20:42:55.088 13229 13229 W System.err: 	at androidx.compose.runtime.snapshots.Snapshot$Companion.observe(Snapshot.kt:503)
07-12 20:42:55.088 13229 13229 W System.err: 	at androidx.compose.runtime.snapshots.SnapshotStateObserver$ObservedScopeMap.observe(SnapshotStateObserver.kt:502)
07-12 20:42:55.088 13229 13229 W System.err: 	at androidx.compose.runtime.snapshots.SnapshotStateObserver.observeReads(SnapshotStateObserver.kt:258)
07-12 20:42:55.088 13229 13229 W System.err: 	at androidx.compose.ui.node.OwnerSnapshotObserver.observeReads$ui_release(OwnerSnapshotObserver.kt:133)
07-12 20:42:55.088 13229 13229 W System.err: 	at androidx.compose.ui.node.OwnerSnapshotObserver.observeMeasureSnapshotReads$ui_release(OwnerSnapshotObserver.kt:113)
07-12 20:42:55.088 13229 13229 W System.err: 	at androidx.compose.ui.node.LayoutNodeLayoutDelegate.performMeasure-BRTryo0(LayoutNodeLayoutDelegate.kt:1782)
07-12 20:42:55.088 13229 13229 W System.err: 	at androidx.compose.ui.node.LayoutNodeLayoutDelegate.access$performMeasure-BRTryo0(LayoutNodeLayoutDelegate.kt:40)
07-12 20:42:55.089 13229 13229 W System.err: 	at androidx.compose.ui.node.LayoutNodeLayoutDelegate$MeasurePassDelegate.remeasure-BRTryo0(LayoutNodeLayoutDelegate.kt:696)
07-12 20:42:55.089 13229 13229 W System.err: 	at androidx.compose.ui.node.LayoutNodeLayoutDelegate$MeasurePassDelegate.measure-BRTryo0(LayoutNodeLayoutDelegate.kt:672)
07-12 20:42:55.089 13229 13229 W System.err: 	at androidx.compose.ui.layout.RootMeasurePolicy.measure-3p2s80s(RootMeasurePolicy.kt:38)
07-12 20:42:55.089 13229 13229 W System.err: 	at androidx.compose.ui.node.InnerNodeCoordinator.measure-BRTryo0(InnerNodeCoordinator.kt:135)
07-12 20:42:55.089 13229 13229 W System.err: 	at androidx.compose.ui.node.LayoutNodeLayoutDelegate$performMeasureBlock$1.invoke(LayoutNodeLayoutDelegate.kt:316)
07-12 20:42:55.089 13229 13229 W System.err: 	at androidx.compose.ui.node.LayoutNodeLayoutDelegate$performMeasureBlock$1.invoke(LayoutNodeLayoutDelegate.kt:315)
07-12 20:42:55.089 13229 13229 W System.err: 	at androidx.compose.runtime.snapshots.Snapshot$Companion.observe(Snapshot.kt:2441)
07-12 20:42:55.089 13229 13229 W System.err: 	at androidx.compose.runtime.snapshots.SnapshotStateObserver$ObservedScopeMap.observe(SnapshotStateObserver.kt:502)
07-12 20:42:55.089 13229 13229 W System.err: 	at androidx.compose.runtime.snapshots.SnapshotStateObserver.observeReads(SnapshotStateObserver.kt:258)
07-12 20:42:55.089 13229 13229 W System.err: 	at androidx.compose.ui.node.OwnerSnapshotObserver.observeReads$ui_release(OwnerSnapshotObserver.kt:133)
07-12 20:42:55.089 13229 13229 W System.err: 	at androidx.compose.ui.node.OwnerSnapshotObserver.observeMeasureSnapshotReads$ui_release(OwnerSnapshotObserver.kt:113)
07-12 20:42:55.089 13229 13229 W System.err: 	at androidx.compose.ui.node.LayoutNodeLayoutDelegate.performMeasure-BRTryo0(LayoutNodeLayoutDelegate.kt:1782)
07-12 20:42:55.089 13229 13229 W System.err: 	at androidx.compose.ui.node.LayoutNodeLayoutDelegate.access$performMeasure-BRTryo0(LayoutNodeLayoutDelegate.kt:40)
07-12 20:42:55.089 13229 13229 W System.err: 	at androidx.compose.ui.node.LayoutNodeLayoutDelegate$MeasurePassDelegate.remeasure-BRTryo0(LayoutNodeLayoutDelegate.kt:696)
07-12 20:42:55.089 13229 13229 W System.err: 	at androidx.compose.ui.node.LayoutNode.remeasure-_Sx5XlM$ui_release(LayoutNode.kt:1222)
07-12 20:42:55.089 13229 13229 W System.err: 	at androidx.compose.ui.node.MeasureAndLayoutDelegate.doRemeasure-sdFAvZA(MeasureAndLayoutDelegate.kt:367)
07-12 20:42:55.089 13229 13229 W System.err: 	at androidx.compose.ui.node.MeasureAndLayoutDelegate.remeasureOnly(MeasureAndLayoutDelegate.kt:622)
07-12 20:42:55.089 13229 13229 W System.err: 	at androidx.compose.ui.node.MeasureAndLayoutDelegate.measureOnly(MeasureAndLayoutDelegate.kt:420)
07-12 20:42:55.089 13229 13229 W System.err: 	at androidx.compose.ui.platform.AndroidComposeView.onMeasure(AndroidComposeView.android.kt:1370)
07-12 20:42:55.089 13229 13229 W System.err: 	at android.view.View.measure(View.java:25988)
07-12 20:42:55.089 13229 13229 W System.err: 	at androidx.compose.ui.platform.AbstractComposeView.internalOnMeasure$ui_release(ComposeView.android.kt:309)
07-12 20:42:55.089 13229 13229 W System.err: 	at androidx.compose.ui.platform.AbstractComposeView.onMeasure(ComposeView.android.kt:296)
07-12 20:42:55.090 13229 13229 W System.err: 	at android.view.View.measure(View.java:25988)
07-12 20:42:55.090 13229 13229 W System.err: 	at android.view.ViewGroup.measureChildWithMargins(ViewGroup.java:7073)
07-12 20:42:55.090 13229 13229 W System.err: 	at android.widget.FrameLayout.onMeasure(FrameLayout.java:194)
07-12 20:42:55.090 13229 13229 W System.err: 	at android.view.View.measure(View.java:25988)
07-12 20:42:55.090 13229 13229 W System.err: 	at android.view.ViewGroup.measureChildWithMargins(ViewGroup.java:7073)
07-12 20:42:55.090 13229 13229 W System.err: 	at android.widget.LinearLayout.measureChildBeforeLayout(LinearLayout.java:1552)
07-12 20:42:55.090 13229 13229 W System.err: 	at android.widget.LinearLayout.measureVertical(LinearLayout.java:842)
07-12 20:42:55.090 13229 13229 W System.err: 	at android.widget.LinearLayout.onMeasure(LinearLayout.java:721)
07-12 20:42:55.090 13229 13229 W System.err: 	at android.view.View.measure(View.java:25988)
07-12 20:42:55.090 13229 13229 W System.err: 	at android.view.ViewGroup.measureChildWithMargins(ViewGroup.java:7073)
07-12 20:42:55.090 13229 13229 W System.err: 	at android.widget.FrameLayout.onMeasure(FrameLayout.java:194)
07-12 20:42:55.090 13229 13229 W System.err: 	at com.android.internal.policy.DecorView.onMeasure(DecorView.java:832)
07-12 20:42:55.090 13229 13229 W System.err: 	at android.view.View.measure(View.java:25988)
07-12 20:42:55.090  1323  1323 E ORMS_HAL: open /sys/devices/platform/soc/soc:oplus-omrg/oplus-omrg0/ruler_enable failed(No such file or directory)
07-12 20:42:55.090 13229 13229 W System.err: 	at android.view.ViewRootImpl.performMeasure(ViewRootImpl.java:3854)
07-12 20:42:55.090 13229 13229 W System.err: 	at android.view.ViewRootImpl.measureHierarchy(ViewRootImpl.java:2593)
07-12 20:42:55.090 13229 13229 W System.err: 	at android.view.ViewRootImpl.performTraversals(ViewRootImpl.java:2863)
07-12 20:42:55.090 13229 13229 W System.err: 	at android.view.ViewRootImpl.doTraversal(ViewRootImpl.java:2305)
07-12 20:42:55.090 13229 13229 W System.err: 	at android.view.ViewRootImpl$TraversalRunnable.run(ViewRootImpl.java:9133)
07-12 20:42:55.090 13229 13229 W System.err: 	at android.view.Choreographer$CallbackRecord.run(Choreographer.java:1232)
07-12 20:42:55.090 13229 13229 W System.err: 	at android.view.Choreographer.doCallbacks(Choreographer.java:1029)
