--------- beginning of main
07-12 21:57:51.989  1299  8047 E ANDR-PERF-LM: StatsProvider: stats_nl_error_callback() 110: NL SOC receive error: No such process
07-12 21:57:51.989  1299  8047 E ANDR-PERF-LM: StatsProvider: sendRecvData() 267: nl_recvmsgs failed return=-12
07-12 21:57:51.989  1299  8047 E ANDR-PERF-LM: StatsProvider: getPIDStats() 119: sendRecvData returned error = -4
07-12 21:57:51.995  9505  9505 D nativeloader: Configuring clns-4 for other apk /data/app/~~4wzBJ5uNKTsh2Qm4Jrkfng==/com.wmods.wppenhacer-So-LWC5EeflH4CzxW7g7Yg==/base.apk. target_sdk_version=34, uses_libraries=, library_path=/data/app/~~4wzBJ5uNKTsh2Qm4Jrkfng==/com.wmods.wppenhacer-So-LWC5EeflH4CzxW7g7Yg==/lib/arm64:/data/app/~~4wzBJ5uNKTsh2Qm4Jrkfng==/com.wmods.wppenhacer-So-LWC5EeflH4CzxW7g7Yg==/base.apk!/lib/arm64-v8a, permitted_path=/data:/mnt/expand:/data/user/0/com.wmods.wppenhacer
07-12 21:57:51.998  3949  4019 D NetworkController.MobileSignalController(1): onMobileStatusChanged= updateTelephony=true mobileStatus=[activityIn=false,activityOut=false,dataSim=true,carrierNetworkChangeMode=false,dataState=0,serviceState=mVoiceRegState=0(IN_SERVICE), mDataRegState=0(IN_SERVICE),signalStrength=3,telephonyDisplayInfo=TelephonyDisplayInfo {network=IWLAN, override=NONE}]
07-12 21:57:51.999  9481  9481 I MMKV    : Enable checkProcessMode()
07-12 21:57:52.000 16673 16876 D HeadsetPhoneState: Updating the signal strength change to the apps
07-12 21:57:52.001  9481  9481 D nativeloader: Load /data/app/~~op4B2NgZdQeOiWfBy-A8QA==/com.pryvn.audiophile-iyTMv5-NdndVq-PPEex55g==/lib/arm64/libmmkv.so using class loader ns clns-4 (caller=/data/app/~~op4B2NgZdQeOiWfBy-A8QA==/com.pryvn.audiophile-iyTMv5-NdndVq-PPEex55g==/base.apk!classes20.dex): ok
07-12 21:57:52.001  9481  9481 I MMKV    : current API level = 31, libc++_shared=0
07-12 21:57:52.001  9481  9481 I MMKV    : <MMKV.cpp:166::initialize> version v1.3.5, page size 4096, arch arm64-v8a
07-12 21:57:52.001  9481  9481 I MMKV    : <MMKV.cpp:177::initialize> armv8 AES instructions is supported
07-12 21:57:52.001  9481  9481 I MMKV    : <MMKV.cpp:185::initialize> armv8 CRC32 instructions is supported
07-12 21:57:52.001  9481  9481 I MMKV    : <MMKV.cpp:225::initializeMMKV> root dir: /data/user/0/com.pryvn.audiophile/files/mmkv
07-12 21:57:52.001 16673 16876 D HeadsetPhoneState: sendDeviceStateChanged. mService=1 mIsSimStateLoaded=true mSignal=4 mRoam=0 mBatteryCharge=5
07-12 21:57:52.012 16673 16876 E HeadsetStateMachine: returning mCurrentState as Connected
07-12 21:57:52.018 16673 16876 E HeadsetStateMachine: returning mCurrentState as Connected
07-12 21:57:52.039 16673 16876 D bt_btif : send_indicator_update: btif_trans_status:0 doing it in btif thread
07-12 21:57:52.039 16673 16876 D bt_btif : send_indicator_update: btif_trans_status:0 doing it in btif thread
07-12 21:57:52.039 16673 16876 D bt_btif : send_indicator_update: btif_trans_status:0 doing it in btif thread
07-12 21:57:52.039 16673 16876 D bt_btif : send_indicator_update: btif_trans_status:0 doing it in btif thread
07-12 21:57:52.039 16673 16876 D bt_btif : send_indicator_update: btif_trans_status:0 doing it in btif thread
07-12 21:57:52.039 16673 16876 D bt_btif : send_indicator_update: btif_trans_status:0 doing it in btif thread
07-12 21:57:52.039 16673 16876 D bt_btif : send_indicator_update: btif_trans_status:0 doing it in btif thread
07-12 21:57:52.039 16673 16876 D bt_btif : send_indicator_update: btif_trans_status:0 doing it in btif thread
07-12 21:57:52.043 16673 16695 D bt_btif : btif_ag_result: switched to btif context
07-12 21:57:52.049 16673 16695 D bt_btif : btif_ag_result: switched to btif context
07-12 21:57:52.049 16673 16695 D bt_btif : btif_ag_result: switched to btif context
07-12 21:57:52.049 16673 16695 D bt_btif : btif_ag_result: switched to btif context
07-12 21:57:52.049 16673 16695 D bt_btif : btif_ag_result: switched to btif context
07-12 21:57:52.049 16673 16695 D bt_btif : btif_ag_result: switched to btif context
07-12 21:57:52.049 16673 16834 D bt_btif : bta_ag_api_result: p_scb 0x4dc529a8 
07-12 21:57:52.049 16673 16695 D bt_btif : btif_ag_result: switched to btif context
07-12 21:57:52.049 16673 16695 D bt_btif : btif_ag_result: switched to btif context
07-12 21:57:52.050 16673 16834 D bt_btif : bta_ag_hfp_result : res = 5
07-12 21:57:52.050 16673 16834 D bt_btif : bta_ag_api_result: p_scb 0x4dc529a8 
07-12 21:57:52.050 16673 16834 D bt_btif : bta_ag_hfp_result : res = 5
07-12 21:57:52.050 16673 16834 D bt_btif : bta_ag_api_result: p_scb 0x4dc529a8 
07-12 21:57:52.050 16673 16834 D bt_btif : bta_ag_hfp_result : res = 5
07-12 21:57:52.051 16673 16834 W bt_btif : get_active_profile: APM is not enabled, returning HFP as active profile 2 
07-12 21:57:52.059 16673 16834 D bt_btif : bta_ag_send_ind: p_scb->call_ind 0, p_scb->callsetup_ind 0, p_scb->callheld_ind 0
07-12 21:57:52.060 16673 16834 D bt_btif : bta_ag_api_result: p_scb 0x4dc529a8 
07-12 21:57:52.060 16673 16834 D bt_btif : bta_ag_hfp_result : res = 5
07-12 21:57:52.060 16673 16834 D bt_btif : bta_ag_api_result: p_scb 0x4dc525c8 
07-12 21:57:52.060 16673 16834 D bt_btif : bta_ag_hfp_result : res = 5
07-12 21:57:52.060 16673 16834 D bt_btif : bta_ag_api_result: p_scb 0x4dc525c8 
07-12 21:57:52.060 16673 16834 D bt_btif : bta_ag_hfp_result : res = 5
07-12 21:57:52.060 16673 16834 D bt_btif : bta_ag_api_result: p_scb 0x4dc525c8 
07-12 21:57:52.060 16673 16834 D bt_btif : bta_ag_hfp_result : res = 5
07-12 21:57:52.060 16673 16834 W bt_btif : get_active_profile: APM is not enabled, returning HFP as active profile 2 
07-12 21:57:52.060 16673 16834 D bt_btif : bta_ag_send_ind: p_scb->call_ind 0, p_scb->callsetup_ind 0, p_scb->callheld_ind 0
07-12 21:57:52.060 16673 16834 D bt_btif : bta_ag_api_result: p_scb 0x4dc525c8 
07-12 21:57:52.060 16673 16834 D bt_btif : bta_ag_hfp_result : res = 5
07-12 21:57:52.065  9481  9481 I MediaController: Init 178383c [AndroidXMedia3/1.4.0] [RMX2170L1, RMX2170, realme, 31]
07-12 21:57:52.086  1299  8046 E ANDR-PERF-LM: StatsProvider: stats_nl_error_callback() 110: NL SOC receive error: No such process
07-12 21:57:52.086  1299  8046 E ANDR-PERF-LM: StatsProvider: sendRecvData() 267: nl_recvmsgs failed return=-12
07-12 21:57:52.086  1299  8046 E ANDR-PERF-LM: StatsProvider: getPIDStats() 119: sendRecvData returned error = -4
07-12 21:57:52.088  1521  6512 I OplusHansManager : uid=10467, pkg=me.eternal.purrfect can transition from M to F
07-12 21:57:52.089  1521  6512 I OplusHansManager : uid=10467, pkg=me.eternal.purrfect F enter()
07-12 21:57:52.091  1521  6512 I OplusHansManager : freeze uid: 10467 me.eternal.purrfect pids: [7750] scene: LcdOn
07-12 21:57:52.092 11876 11887 D IHansComunication: HansComunication::addUid-- 10467
07-12 21:57:52.092 11876 11887 D IHansComunication: HANS sendMessageToKernel: threadId = 533636209840, netLinkSetup = 1, type = PKG, targetUid = 10467, pkgCmd = ADD_ONE_UID
--------- beginning of system
07-12 21:57:52.099  9481  9481 I Quality : ActivityThread: bindApplication delay 1055 com.pryvn.audiophile 9481
07-12 21:57:52.099  1279  1279 D vendor.qti.bluetooth@1.0-ibs_handler: SerialClockVote: vote for UART CLK ON
07-12 21:57:52.099  1279  1279 D vendor.qti.bluetooth@1.0-wake_lock: Acquire wakelock is acquired 
07-12 21:57:52.099  1279  1279 I vendor.qti.bluetooth@1.0-ibs_handler: DeviceWakeUp: Writing IBS_WAKE_IND
07-12 21:57:52.099  9481  9532 I Quality : Blocked msg = Package name: com.pryvn.audiophile [ schedGroup: 5 schedPolicy: 0 ] process the message: { when=-1s66ms what=110 target=android.app.ActivityThread$H obj=AppBindData{appInfo=ApplicationInfo{f9bfa4b com.pryvn.audiophile}} } took 1055 ms
07-12 21:57:52.102  1279 16817 I vendor.qti.bluetooth@1.0-ibs_handler: ProcessIbsCmd: Received IBS_WAKE_ACK: 0xFC
07-12 21:57:52.103  1323  1323 E ORMS_HAL: open /sys/devices/platform/soc/soc:oplus-omrg/oplus-omrg0/ruler_enable failed(No such file or directory)
07-12 21:57:52.107  1299  1379 E ANDR-PERF-OPTSHANDLER: Perflock resource /sys/class/devfreq/soc:qcom,cpubw/bw_hwmon/io_percent not supported
07-12 21:57:52.108  1299  1379 E ANDR-PERF-RESOURCEQS: Failed to apply optimization [6, 2]
07-12 21:57:52.108  1299  1379 E ANDR-PERF-OPTSHANDLER: Perflock resource /sys/class/devfreq/soc:qcom,cpubw/bw_hwmon/sample_ms not supported
07-12 21:57:52.108  1299  1379 E ANDR-PERF-RESOURCEQS: Failed to apply optimization [6, 8]
07-12 21:57:52.108  1299  1379 E ANDR-PERF-OPTSHANDLER: Perflock resource SPECIAL_NODE - cpubw_hwmon_hyst_opt not supported
07-12 21:57:52.108  1299  1379 E ANDR-PERF-RESOURCEQS: Failed to apply optimization [6, 3]
07-12 21:57:52.108  1299  1379 E ANDR-PERF-OPTSHANDLER: Perflock resource /sys/class/devfreq/soc:qcom,cpubw/min_freq not supported
07-12 21:57:52.108  1299  1379 E ANDR-PERF-RESOURCEQS: Failed to apply optimization [6, 0]
07-12 21:57:52.108  1299  1379 E ANDR-PERF-OPTSHANDLER: Perflock resource /sys/class/devfreq/soc:qcom,cpubw/max_freq not supported
07-12 21:57:52.108  1299  1379 E ANDR-PERF-RESOURCEQS: Failed to apply optimization [6, 6]
07-12 21:57:52.110  1279 16817 I vendor.qti.bluetooth@1.0-ibs_handler: ProcessIbsCmd: Received IBS_WAKE_IND: 0xFD
07-12 21:57:52.110  1279 16817 I vendor.qti.bluetooth@1.0-ibs_handler: ProcessIbsCmd: Writing IBS_WAKE_ACK
07-12 21:57:52.118  1521 10731 W ActivityManager: setGlThreads detect 9481 9534
07-12 21:57:52.142  3949  4019 D SystemUi--: getDebugState, e = android.provider.Settings$SettingNotFoundException: systemui_internal_debug
07-12 21:57:52.144  9481  9481 I oplus.android.OplusFrameworkFactoryImpl: Unknow feature:IOplusTextViewRTLUtilForUG
07-12 21:57:52.152  1279 16817 I vendor.qti.bluetooth@1.0-ibs_handler: ProcessIbsCmd: Received IBS_SLEEP_IND: 0xFE
07-12 21:57:52.154  6235 14299 D Quality-PerformanceUtils: cpuAllInfo[0] = cur_cpuloading: 75
07-12 21:57:52.154  6235 14299 D Quality-PerformanceUtils: cpuAllInfo[1] = cur_cpu_ctrl: true
07-12 21:57:52.154  6235 14299 D Quality-PerformanceUtils: cpuAllInfo[2] = cur_cpu_logon: false
07-12 21:57:52.154  6235 14299 D Quality-PerformanceUtils: cpuAllInfo[3] = cur_cpu_trig: false
07-12 21:57:52.155  6235 14299 W System.err: java.lang.NoSuchMethodException: android.os.PerformanceManager.getHISchedMiniTask []
07-12 21:57:52.155  6235 14299 W System.err: 	at java.lang.Class.getMethod(Class.java:2942)
07-12 21:57:52.155  6235 14299 W System.err: 	at java.lang.Class.getMethod(Class.java:2442)
07-12 21:57:52.155  6235 14299 W System.err: 	at com.oplus.qualityprotect.e.d.d(dex-id-83ac6f6adc3d0dd98517d9b365499677885db4ab:28)
07-12 21:57:52.155  6235 14299 W System.err: 	at com.oplus.qualityprotect.e.d.k(dex-id-83ac6f6adc3d0dd98517d9b365499677885db4ab:2)
07-12 21:57:52.155  6235 14299 W System.err: 	at com.oplus.qualityprotect.b.p.a(dex-id-83ac6f6adc3d0dd98517d9b365499677885db4ab:322)
07-12 21:57:52.155  6235 14299 W System.err: 	at com.oplus.qualityprotect.b.h.c(dex-id-83ac6f6adc3d0dd98517d9b365499677885db4ab:346)
07-12 21:57:52.155  6235 14299 W System.err: 	at com.oplus.qualityprotect.b.a.a(dex-id-83ac6f6adc3d0dd98517d9b365499677885db4ab:2)
07-12 21:57:52.155  6235 14299 W System.err: 	at com.oplus.qualityprotect.a.a(dex-id-83ac6f6adc3d0dd98517d9b365499677885db4ab:19)
07-12 21:57:52.155  6235 14299 W System.err: 	at com.oplus.qualityprotect.a.a(dex-id-83ac6f6adc3d0dd98517d9b365499677885db4ab:0)
07-12 21:57:52.155  6235 14299 W System.err: 	at com.oplus.qualityprotect.b.run(dex-id-83ac6f6adc3d0dd98517d9b365499677885db4ab:109)
07-12 21:57:52.155  6235 14299 W System.err: 	at java.lang.Thread.run(Thread.java:1572)
07-12 21:57:52.162  7945  5968 I NearbyMediums: Found Fast Ble Advertisements :
07-12 21:57:52.162  7945  5968 I NearbyMediums: BleAdvertisement { version=2, socketVersion=2, isFast=true, serviceIdHash=null, data=[ 0x23 0x36 0x39 0x42 0x5a 0x11 0x16 0x63 0x8d 0x07 0xe1 0xa3 0xae 0x79 0xbe 0x16 0x5b 0xd7 0x0d 0xc6 0xe1 0xb1 0x9c ], deviceToken=[ 0x0d 0xfc ], rxAdvertisement=null } : 9 times.
07-12 21:57:52.162  7945  5968 I NearbyMediums: Total 9 fast advertisements from 1 unique advertisers.
07-12 21:57:52.162  7945  5968 I NearbyMediums: Current Tracked Scanning Clients are : {NearbyConnections.EnvironmentMonitor, NearbySharing}
07-12 21:57:52.173  6235 14299 W ContextImpl: Calling a method in the system process without a qualified user: android.app.ContextImpl.sendBroadcast:1190 android.content.ContextWrapper.sendBroadcast:494 com.oplus.qualityprotect.p.a:92 com.oplus.qualityprotect.b.h.c:597 com.oplus.qualityprotect.b.a.a:2 
07-12 21:57:52.174  6235 14299 I QualityProtectUtils: OneTraceJankInfoEnd
07-12 21:57:52.175  6235 14285 I Quality-SaveLog: saveSystraceIfNeeded 0, type: block, paramDes: j_id = ede55e38dee7
07-12 21:57:52.175  6235 14285 I Quality-SaveLog: jank_info_version = 3.4
07-12 21:57:52.175  6235 14285 I Quality-SaveLog: boot_time = 176760615
07-12 21:57:52.175  6235 14285 I Quality-SaveLog: boot_type = -999
07-12 21:57:52.175  6235 14285 I Quality-SaveLog: ota_version = RMX2170_11.F.24_3240_202212131616
07-12 21:57:52.175  6235 14285 I Quality-SaveLog: beta_version = false
07-12 21:57:52.175  6235 14285 I Quality-SaveLog: jank_type = block
07-12 21:57:52.175  6235 14285 I Quality-SaveLog: freeMemory = 1447244
07-12 21:57:52.175  6235 14285 I Quality-SaveLog: totalMemory = 5682560
07-12 21:57:52.175  6235 14285 I Quality-SaveLog: freeStorage = 38
07-12 21:57:52.175  6235 14285 I Quality-SaveLog: totalStorage = 109
07-12 21:57:52.175  6235 14285 I Quality-SaveLog: packageName = com.pryvn.audiophile
07-12 21:57:52.175  6235 14285 I Quality-SaveLog: pid = 9481
07-12 21:57:52.175  6235 14285 I Quality-SaveLog: versionName = 1.1.0
07-12 21:57:52.175  6235 14285 I Quality-SaveLog: versionCode = 1
07-12 21:57:52.175  6235 14285 I Quality-SaveLog: cost = 1055
07-12 21:57:52.175  6235 14285 I Quality-SaveLog: hasInstalledDamageApp = false
07-12 21:57:52.175  6235 14285 I Quality-SaveLog: isEnableZoomGesture = false
07-12 21:57:52.175  6235 14285 I Quality-SaveLog: activityTop = .CrashActivity
07-12 21:57:52.175  6235 14285 I Quality-SaveLog: selfTime = 66
07-12 21:57:52.175  6235 14285 I Quality-SaveLog: isTooManyThirdApp = 94
07-12 21:57:52.175  6235 14285 I Quality-SaveLog: blockStackInfo = null
07-12 21:57:52.175  6235 14285 I Quality-SaveLog: odexReason = unknown
07-12 21:57:52.175  6235 14285 I Quality-SaveLog: odexStatus = run-from-apk
07-12 21:57:52.175  6235 14285 I Quality-SaveLog: refreshRate = 61.000004
07-12 21:57:52.175  6235 14285 I Quality-SaveLog: longLatencyRecord = #######
07-12 21:57:52.175  6235 14285 I Quality-SaveLog: network_type = wifi
07-12 21:57:52.175  6235 14285 I Quality-SaveLog: network_signal = 3
07-12 21:57:52.175  6235 14285 I Quality-SaveLog: cpu_super_big_cluster_max_freq = null
07-12 21:57:52.175  6235 14285 I Quality-SaveLog: cpu_big_cluster_max_freq = 2323200
07-12 21:57:52.175  6235 14285 I Quality-SaveLog: cpu_little_cluster_max_freq = 1804800
07-12 21:57:52.175  6235 14285 I Quality-SaveLog: cpu_orignal_super_big_cluster_max_freq = null
07-12 21:57:52.175  6235 14285 I Quality-SaveLog: cpu_orignal_big_cluster_max_freq = 2323200
07-12 21:57:52.175  6235 14285 I Quality-SaveLog: cpu_orignal_little_cluster_max_freq = 804800
07-12 21:57:52.175  6235 14285 I Quality-SaveLog: orms_limit_record = [[[4535, 3447], [-1, -1], [5, 5], [-1, -1], [5, 5], [-1], [5], [-1], [5], [1], [5]], [[3447, 3080], [-1, -1], [5, 5], [-1, -1], [5, 5], [-1], [5], [-1], [5], [2], [5]], [[3080, 2771], [-1, -1], [5, 5], [-1, -1], [5, 5], [-1], [5], [-1], [5], [2], [5]], [[2771, 1735], [-1, -1], [5, 5], [-1, -1], [5, 5], [-1], [5], [-1], [5], [1], [5]], [[1735, 1131], [-1, -1], [5, 5], [-1, -1], [5, 5], [-1], [5], [-1], [5], [2], [5]], [[1131, 1129], [-1, -1], [5, 5], [-1, -1], [5, 5], [-1], [5], [-1], [5], [2], [5]], [[1129, 63], [-1, -1], [5, 5], [-1, -1], [5, 5], [-1], [5], [-1], [5], [1], [5]], [[63, 0], [-1, -1], [5, 5], [-1, -1], [5, 5], [-1], [5], [-1], [5], [2], [5]]]
07-12 21:57:52.175  6235 14285 I Quality-SaveLog: core_ctl_isolated = 
07-12 21:57:52.175  6235 14285 I Quality-SaveLog: 
07-12 21:57:52.175  6235 14285 I Quality-SaveLog: priority = -10
07-12 21:57:52.175  6235 14285 I Quality-SaveLog: cpu_loading_info = 75
07-12 21:57:52.175  6235 14285 I Quality-SaveLog: cpu_jank_info = 
07-12 21:57:52.175  6235 14285 I Quality-SaveLog: ui_cpu_info = null
07-12 21:57:52.175  6235 14285 I Quality-SaveLog: sched_min_task = null
07-12 21:57:52.175  6235 14285 I Quality-SaveLog: jank_scene = [07/12 21:57:47.043] [FZ] [10282|in.amazon.mShop.android.shopping]
07-12 21:57:52.175  6235 14285 I Quality-SaveLog: [07/12 21:57:47.645] [U_FZ] [10282|in.amazon.mShop.android.shopping]
07-12 21:57:52.175  6235 14285 I Quality-SaveLog: [07/12 21:57:49.228] [U_FZ] [10383|in.swiggy.android.instamart]
07-12 21:57:52.175  6235 14285 I Quality-SaveLog: [07/12 21:57:49.461] [FZ] [10381|com.microsoft.appmanager]
07-12 21:57:52.175  6235 14285 I Quality-SaveLog: [07/12 21:57:49.465] [FZ] [10437|pl.lambada.songsync]
07-12 21:57:52.175  6235 14285 I Quality-SaveLog: [07/12 21:57:49.470] [FZ] [10447|com.instagram.barcelona]
07-12 21:57:52.175  6235 14285 I Quality-SaveLog: [07/12 21:57:49.496] [U_FZ] [10381|com.microsoft.appmanager]
07-12 21:57:52.175  6235 14285 I Quality-SaveLog: [07/12 21:57:52.091] [FZ] [10467|me.eternal.purrfect]
07-12 21:57:52.175  6235 14285 I Quality-SaveLog: [07/12 21:57:36.291] [U_FZ] [10437|pl.lambada.songsync]
07-12 21:57:52.175  6235 14285 I Quality-SaveLog: [07/12 21:57:36.323] [U_FZ] [10282|in.amazon.mShop.android.shopping]
07-12 21:57:52.175  6235 14285 I Quality-SaveLog: [07/12 21:57:39.250] [FZ] [10381|com.microsoft.appmanager]
07-12 21:57:52.175  6235 14285 I Quality-SaveLog: [07/12 21:57:39.255] [FZ] [10437|pl.lambada.songsync]
07-12 21:57:52.175  6235 14285 I Quality-SaveLog: [07/12 21:57:39.259] [FZ] [10447|com.instagram.barcelona]
07-12 21:57:52.175  6235 14285 I Quality-SaveLog: [07/12 21:57:39.455] [U_FZ] [10381|com.microsoft.appmanager]
07-12 21:57:52.175  6235 14285 I Quality-SaveLog: [07/12 21:57:39.457] [force freeze] [10381|com.microsoft.appmanager]
07-12 21:57:52.175  6235 14285 I Quality-SaveLog: [07/12 21:57:39.459] [U_FZ] [10437|pl.lambada.songsync]
07-12 21:57:52.175  6235 14285 I Quality-SaveLog: [07/12 21:57:39.461] [U_FZ] [10447|com.instagram.barcelona]
07-12 21:57:52.175  6235 14285 I Quality-SaveLog: [07/12 21:57:41.074] [FZ] [10467|me.eternal.purrfect]
07-12 21:57:52.175  6235 14285 I Quality-SaveLog: [07/12 21:57:42.086] [U_FZ] [10467|me.eternal.purrfect]
07-12 21:57:52.175  6235 14285 I Quality-SaveLog: [07/12 21:57:44.932] [FZ] [10383|in.swiggy.android.instamart]
07-12 21:57:52.175  6235 14285 I Quality-SaveLog: 
07-12 21:57:52.175  6235 14285 I Quality-SaveLog: sensorTemp = 41.865
07-12 21:57:52.175  6235 14285 I Quality-SaveLog: batteryTemp = 380
07-12 21:57:52.175  6235 14285 I Quality-SaveLog: 
07-12 21:57:52.175  6235 14285 I Quality-SaveLog: batteryLevel = 100
07-12 21:57:52.175  6235 14285 I Quality-SaveLog: batteryStatus = 5
07-12 21:57:52.175  6235 14285 I Quality-SaveLog: batteryMode = false
07-12 21:57:52.175  6235 14285 I Quality-SaveLog: jank_content =  Package name: com.pryvn.audiophile [ schedGroup: 5 schedPolicy: 0 ] process the message: { when=-1s66ms what=110 target=android.app.ActivityThread$H obj=AppBindData{appInfo=ApplicationInfo{f9bfa4b com.pryvn.audiophile}} } took 1055 ms
07-12 21:57:52.175  6235 14285 I Quality-SaveLog: , fid: ede55e38dee7
07-12 21:57:52.175  6235 14285 I Quality-SaveLog: does NOT dump systrace, abort saving logs
07-12 21:57:52.213  9505  9505 I Vector  : New modules detected, hook preferences
07-12 21:57:52.235  9481  9481 I Quality : ActivityThread: activityStart delay 135 com.pryvn.audiophile 9481
07-12 21:57:52.241  9481  9481 D OplusInputMethodUtil: init DEBUG to false, update DEBUG_IME to false
07-12 21:57:52.241  9481  9481 D OplusInputMethodUtil: init DEBUG to false, update DEBUG_IME to false
07-12 21:57:52.246  9481  9481 D OplusSlideAnimOptHelper: com.pryvn.audiophile scrollEffectOpt enable = false
07-12 21:57:52.252  9481  9481 D WindowManager: Add to mViews: DecorView@47a6a0b[CrashActivity],pkg= com.pryvn.audiophile
07-12 21:57:52.256  9481  9534 D ExtensionsLoader: createInstance(64bit) : createExtendedFactory
07-12 21:57:52.257  9505  9505 V GraphicsEnvironment: ANGLE Developer option for 'com.wmods.wppenhacer' set to: 'default'
07-12 21:57:52.258  9505  9505 V GraphicsEnvironment: Neither updatable production driver nor prerelease driver is supported.
07-12 21:57:52.260  9481  9534 D ExtensionsLoader: Opened libhwuiextimpl.so
07-12 21:57:52.261  9481  9481 D ExtensionsLoader: createInstance(64bit) : createExtendedFactory
07-12 21:57:52.262  9481  9481 D ExtensionsLoader: Opened libSchedAssistExtImpl.so
07-12 21:57:52.262  9481  9481 E ryvn.audiophil: ofbOpen failed with error=No such file or directory
07-12 21:57:52.262  9481  9481 E ryvn.audiophil: sysOpen failed with error=No such file or directory
07-12 21:57:52.264  9505  9505 D NetworkSecurityConfig: No Network Security Config specified, using platform default
07-12 21:57:52.267  9505  9505 D NetworkSecurityConfig: No Network Security Config specified, using platform default
07-12 21:57:52.268  1521 11017 D OplusDisplayPolicy: com.pryvn.audiophile, no change cutoutMode: 3
07-12 21:57:52.274  9481  9481 I Quality : Skipped: false 19 cost 313.07385 refreshRate 0 processName com.pryvn.audiophile
07-12 21:57:52.276  9481  9481 D nativeloader: Load libSchedAssistJni.so using system ns (caller=/system/framework/oplus-framework.jar): ok
07-12 21:57:52.276  9481  9481 D ExtensionsLoader: createInstance(64bit) : createExtendedFactory
07-12 21:57:52.276  9481  9481 D ExtensionsLoader: Opened libSchedAssistExtImpl.so
07-12 21:57:52.277  1383  1383 D OplusMovieIdle: updateLayerStacks,mOmiSupport is not supoort
07-12 21:57:52.277  1383  1383 E CompositionEngine: map unknown (BT709 sRGB Full range)/(Unknown RenderIntent) to default color mode
07-12 21:57:52.290  1299  8047 E ANDR-PERF-LM: StatsProvider: stats_nl_error_callback() 110: NL SOC receive error: No such process
07-12 21:57:52.290  1299  8047 E ANDR-PERF-LM: StatsProvider: sendRecvData() 267: nl_recvmsgs failed return=-12
07-12 21:57:52.290  1299  8047 E ANDR-PERF-LM: StatsProvider: getPIDStats() 119: sendRecvData returned error = -4
07-12 21:57:52.293  1383  1383 D OplusMovieIdle: updateLayerStacks,mOmiSupport is not supoort
07-12 21:57:52.293  1383  1383 E CompositionEngine: map unknown (BT709 sRGB Full range)/(Unknown RenderIntent) to default color mode
07-12 21:57:52.327  1313  1313 D vendor.oplus.hardware.charger@1.0-service: wireless adapter power -1
07-12 21:57:52.335  6235 11762 E Battery : ChargeProtectionUtils: First Alarm is Sat Jul 11 15:50:00 GMT+05:30 2026, nowRtc  = Sun Jul 12 21:57:52 GMT+05:30 2026, too close , ignore it.
07-12 21:57:52.337  1521  2726 I OplusHansManager : unfreeze uid: 10447 com.instagram.barcelona pids: [4251] reason: Broadcast scene: LcdOn
07-12 21:57:52.341  1521  6512 I OplusHansManager : uid=10447, pkg=com.instagram.barcelona, transition from Frozen to Middle, reason=Broadcast
07-12 21:57:52.341  1521  6512 I OplusHansManager : uid=10447, pkg=com.instagram.barcelona F exit(), reason=Broadcast
07-12 21:57:52.342  1521  6946 D OplusProxyWakeLock: remove uid: 10447 wiht all pids from wakelockUidInfo list
07-12 21:57:52.376  9505  9505 W System.err: java.lang.NoClassDefFoundError: Failed resolution of: Lde/robv/android/xposed/XposedHelpers;
07-12 21:57:52.377  9505  9505 W System.err: 	at com.wmods.wppenhacer.App.onCreate(App.kt:44)
07-12 21:57:52.377  9505  9505 W System.err: 	at android.app.Instrumentation.callApplicationOnCreate(Instrumentation.java:1226)
07-12 21:57:52.377  9505  9505 W System.err: 	at android.app.ActivityThread.handleBindApplication(ActivityThread.java:7046)
07-12 21:57:52.378  9505  9505 W System.err: 	at android.app.ActivityThread.access$1800(ActivityThread.java:254)
07-12 21:57:52.378  9505  9505 W System.err: 	at android.app.ActivityThread$H.handleMessage(ActivityThread.java:2184)
07-12 21:57:52.378  9505  9505 W System.err: 	at android.os.Handler.dispatchMessage(Handler.java:106)
07-12 21:57:52.378  9505  9505 W System.err: 	at android.os.Looper.loopOnce(Looper.java:233)
07-12 21:57:52.378  9505  9505 W System.err: 	at android.os.Looper.loop(Looper.java:344)
07-12 21:57:52.379  9505  9505 W System.err: 	at android.app.ActivityThread.main(ActivityThread.java:8212)
07-12 21:57:52.379  9505  9505 W System.err: 	at java.lang.reflect.Method.invoke(Native Method)
07-12 21:57:52.379  9505  9505 W System.err: 	at com.android.internal.os.RuntimeInit$MethodAndArgsCaller.run(RuntimeInit.java:584)
07-12 21:57:52.379  9505  9505 W System.err: 	at com.android.internal.os.ZygoteInit.main(ZygoteInit.java:1034)
07-12 21:57:52.381  9505  9505 W System.err: Caused by: java.lang.ClassNotFoundException: de.robv.android.xposed.XposedHelpers
07-12 21:57:52.381  9505  9505 W System.err: 	... 12 more
07-12 21:57:52.386  1299  8046 E ANDR-PERF-LM: StatsProvider: stats_nl_error_callback() 110: NL SOC receive error: No such process
07-12 21:57:52.386  1299  8046 E ANDR-PERF-LM: StatsProvider: sendRecvData() 267: nl_recvmsgs failed return=-12
07-12 21:57:52.386  1299  8046 E ANDR-PERF-LM: StatsProvider: getPIDStats() 119: sendRecvData returned error = -4
07-12 21:57:52.471  9481  9481 D AndroidRuntime: Shutting down VM
--------- beginning of crash
07-12 21:57:52.474  9481  9481 E AndroidRuntime: FATAL EXCEPTION: main
07-12 21:57:52.474  9481  9481 E AndroidRuntime: Process: com.pryvn.audiophile, PID: 9481
07-12 21:57:52.474  9481  9481 E AndroidRuntime: java.lang.AbstractMethodError: abstract method "boolean androidx.compose.ui.Modifier$Element.all(kotlin.jvm.functions.Function1)" on receiver java.lang.Class<androidx.compose.foundation.layout.InsetsPaddingModifier>
07-12 21:57:52.474  9481  9481 E AndroidRuntime: 	at androidx.compose.ui.ComposedModifierKt.materializeImpl(ComposedModifier.kt:264)
07-12 21:57:52.474  9481  9481 E AndroidRuntime: 	at androidx.compose.ui.ComposedModifierKt.access$materializeImpl(ComposedModifier.kt:1)
07-12 21:57:52.474  9481  9481 E AndroidRuntime: 	at androidx.compose.ui.ComposedModifierKt$materializeImpl$result$1.invoke(ComposedModifier.kt:282)
07-12 21:57:52.474  9481  9481 E AndroidRuntime: 	at androidx.compose.ui.ComposedModifierKt$materializeImpl$result$1.invoke(ComposedModifier.kt:276)
07-12 21:57:52.474  9481  9481 E AndroidRuntime: 	at androidx.compose.ui.Modifier$Element$-CC.$default$foldIn(Modifier.kt:124)
07-12 21:57:52.474  9481  9481 E AndroidRuntime: 	at androidx.compose.ui.ComposedModifier.foldIn(ComposedModifier.kt:0)
07-12 21:57:52.474  9481  9481 E AndroidRuntime: 	at androidx.compose.ui.CombinedModifier.foldIn(Modifier.kt:394)
07-12 21:57:52.474  9481  9481 E AndroidRuntime: 	at androidx.compose.ui.ComposedModifierKt.materializeImpl(ComposedModifier.kt:276)
07-12 21:57:52.474  9481  9481 E AndroidRuntime: 	at androidx.compose.ui.ComposedModifierKt.materializeModifier(ComposedModifier.kt:257)
07-12 21:57:52.474  9481  9481 E AndroidRuntime: 	at com.pryvn.audiophile.CrashActivity.CrashUI(CrashActivity.kt:306)
07-12 21:57:52.474  9481  9481 E AndroidRuntime: 	at com.pryvn.audiophile.CrashActivity$onCreate$1$1.invoke(CrashActivity.kt:78)
07-12 21:57:52.474  9481  9481 E AndroidRuntime: 	at com.pryvn.audiophile.CrashActivity$onCreate$1$1.invoke(CrashActivity.kt:77)
07-12 21:57:52.474  9481  9481 E AndroidRuntime: 	at androidx.compose.runtime.internal.ComposableLambdaImpl.invoke(ComposableLambda.jvm.kt:109)
07-12 21:57:52.474  9481  9481 E AndroidRuntime: 	at androidx.compose.runtime.internal.ComposableLambdaImpl.invoke(ComposableLambda.jvm.kt:35)
07-12 21:57:52.474  9481  9481 E AndroidRuntime: 	at androidx.compose.material3.SurfaceKt$Surface$1.invoke(Surface.kt:126)
07-12 21:57:52.474  9481  9481 E AndroidRuntime: 	at androidx.compose.material3.SurfaceKt$Surface$1.invoke(Surface.kt:108)
07-12 21:57:52.474  9481  9481 E AndroidRuntime: 	at androidx.compose.runtime.internal.ComposableLambdaImpl.invoke(ComposableLambda.jvm.kt:109)
07-12 21:57:52.474  9481  9481 E AndroidRuntime: 	at androidx.compose.runtime.internal.ComposableLambdaImpl.invoke(ComposableLambda.jvm.kt:35)
07-12 21:57:52.474  9481  9481 E AndroidRuntime: 	at androidx.compose.runtime.CompositionLocalKt.CompositionLocalProvider(CompositionLocal.kt:380)
07-12 21:57:52.474  9481  9481 E AndroidRuntime: 	at androidx.compose.material3.SurfaceKt.Surface-T9BRK9s(Surface.kt:105)
07-12 21:57:52.474  9481  9481 E AndroidRuntime: 	at com.pryvn.audiophile.CrashActivity$onCreate$1.invoke(CrashActivity.kt:73)
07-12 21:57:52.474  9481  9481 E AndroidRuntime: 	at com.pryvn.audiophile.CrashActivity$onCreate$1.invoke(CrashActivity.kt:71)
07-12 21:57:52.474  9481  9481 E AndroidRuntime: 	at androidx.compose.runtime.internal.ComposableLambdaImpl.invoke(ComposableLambda.jvm.kt:109)
07-12 21:57:52.474  9481  9481 E AndroidRuntime: 	at androidx.compose.runtime.internal.ComposableLambdaImpl.invoke(ComposableLambda.jvm.kt:35)
07-12 21:57:52.474  9481  9481 E AndroidRuntime: 	at androidx.compose.ui.platform.ComposeView.Content(ComposeView.android.kt:441)
07-12 21:57:52.474  9481  9481 E AndroidRuntime: 	at androidx.compose.ui.platform.AbstractComposeView$ensureCompositionCreated$1.invoke(ComposeView.android.kt:259)
07-12 21:57:52.474  9481  9481 E AndroidRuntime: 	at androidx.compose.ui.platform.AbstractComposeView$ensureCompositionCreated$1.invoke(ComposeView.android.kt:258)
07-12 21:57:52.474  9481  9481 E AndroidRuntime: 	at androidx.compose.runtime.internal.ComposableLambdaImpl.invoke(ComposableLambda.jvm.kt:109)
07-12 21:57:52.474  9481  9481 E AndroidRuntime: 	at androidx.compose.runtime.internal.ComposableLambdaImpl.invoke(ComposableLambda.jvm.kt:35)
07-12 21:57:52.474  9481  9481 E AndroidRuntime: 	at androidx.compose.runtime.CompositionLocalKt.CompositionLocalProvider(CompositionLocal.kt:380)
07-12 21:57:52.474  9481  9481 E AndroidRuntime: 	at androidx.compose.ui.platform.CompositionLocalsKt.ProvideCommonCompositionLocals(CompositionLocals.kt:216)
07-12 21:57:52.474  9481  9481 E AndroidRuntime: 	at androidx.compose.ui.platform.AndroidCompositionLocals_androidKt$ProvideAndroidCompositionLocals$3.invoke(AndroidCompositionLocals.android.kt:132)
07-12 21:57:52.474  9481  9481 E AndroidRuntime: 	at androidx.compose.ui.platform.AndroidCompositionLocals_androidKt$ProvideAndroidCompositionLocals$3.invoke(AndroidCompositionLocals.android.kt:131)
07-12 21:57:52.474  9481  9481 E AndroidRuntime: 	at androidx.compose.runtime.internal.ComposableLambdaImpl.invoke(ComposableLambda.jvm.kt:109)
07-12 21:57:52.474  9481  9481 E AndroidRuntime: 	at androidx.compose.runtime.internal.ComposableLambdaImpl.invoke(ComposableLambda.jvm.kt:35)
07-12 21:57:52.474  9481  9481 E AndroidRuntime: 	at androidx.compose.runtime.CompositionLocalKt.CompositionLocalProvider(CompositionLocal.kt:380)
07-12 21:57:52.474  9481  9481 E AndroidRuntime: 	at androidx.compose.ui.platform.AndroidCompositionLocals_androidKt.ProvideAndroidCompositionLocals(AndroidCompositionLocals.android.kt:121)
07-12 21:57:52.474  9481  9481 E AndroidRuntime: 	at androidx.compose.ui.platform.WrappedComposition$setContent$1$1$3.invoke(Wrapper.android.kt:155)
07-12 21:57:52.474  9481  9481 E AndroidRuntime: 	at androidx.compose.ui.platform.WrappedComposition$setContent$1$1$3.invoke(Wrapper.android.kt:154)
07-12 21:57:52.476  9481  9481 E AndroidRuntime: 	at androidx.compose.runtime.internal.ComposableLambdaImpl.invoke(ComposableLambda.jvm.kt:109)
07-12 21:57:52.476  9481  9481 E AndroidRuntime: 	at androidx.compose.runtime.internal.ComposableLambdaImpl.invoke(ComposableLambda.jvm.kt:35)
07-12 21:57:52.476  9481  9481 E AndroidRuntime: 	at androidx.compose.runtime.CompositionLocalKt.CompositionLocalProvider(CompositionLocal.kt:401)
07-12 21:57:52.476  9481  9481 E AndroidRuntime: 	at androidx.compose.ui.platform.WrappedComposition$setContent$1$1.invoke(Wrapper.android.kt:154)
07-12 21:57:52.476  9481  9481 E AndroidRuntime: 	at androidx.compose.ui.platform.WrappedComposition$setContent$1$1.invoke(Wrapper.android.kt:133)
07-12 21:57:52.476  9481  9481 E AndroidRuntime: 	at androidx.compose.runtime.internal.ComposableLambdaImpl.invoke(ComposableLambda.jvm.kt:109)
07-12 21:57:52.476  9481  9481 E AndroidRuntime: 	at androidx.compose.runtime.internal.ComposableLambdaImpl.invoke(ComposableLambda.jvm.kt:35)
07-12 21:57:52.476  9481  9481 E AndroidRuntime: 	at androidx.compose.runtime.ActualJvm_jvmKt.invokeComposable(ActualJvm.jvm.kt:97)
07-12 21:57:52.476  9481  9481 E AndroidRuntime: 	at androidx.compose.runtime.ComposerImpl.doCompose(Composer.kt:3595)
07-12 21:57:52.476  9481  9481 E AndroidRuntime: 	at androidx.compose.runtime.ComposerImpl.composeContent$runtime_release(Composer.kt:3522)
07-12 21:57:52.476  9481  9481 E AndroidRuntime: 	at androidx.compose.runtime.CompositionImpl.composeContent(Composition.kt:743)
07-12 21:57:52.476  9481  9481 E AndroidRuntime: 	at androidx.compose.runtime.Recomposer.composeInitial$runtime_release(Recomposer.kt:1122)
07-12 21:57:52.476  9481  9481 E AndroidRuntime: 	at androidx.compose.runtime.CompositionImpl.composeInitial(Composition.kt:649)
07-12 21:57:52.476  9481  9481 E AndroidRuntime: 	at androidx.compose.runtime.CompositionImpl.setContent(Composition.kt:635)
07-12 21:57:52.476  9481  9481 E AndroidRuntime: 	at androidx.compose.ui.platform.WrappedComposition$setContent$1.invoke(Wrapper.android.kt:133)
07-12 21:57:52.476  9481  9481 E AndroidRuntime: 	at androidx.compose.ui.platform.WrappedComposition$setContent$1.invoke(Wrapper.android.kt:124)
07-12 21:57:52.476  9481  9481 E AndroidRuntime: 	at androidx.compose.ui.platform.AndroidComposeView.setOnViewTreeOwnersAvailable(AndroidComposeView.android.kt:1626)
07-12 21:57:52.476  9481  9481 E AndroidRuntime: 	at androidx.compose.ui.platform.WrappedComposition.setContent(Wrapper.android.kt:124)
07-12 21:57:52.476  9481  9481 E AndroidRuntime: 	at androidx.compose.ui.platform.WrappedComposition.onStateChanged(Wrapper.android.kt:180)
07-12 21:57:52.476  9481  9481 E AndroidRuntime: 	at androidx.lifecycle.LifecycleRegistry$ObserverWithState.dispatchEvent(LifecycleRegistry.jvm.kt:320)
07-12 21:57:52.476  9481  9481 E AndroidRuntime: 	at androidx.lifecycle.LifecycleRegistry.addObserver(LifecycleRegistry.jvm.kt:198)
07-12 21:57:52.476  9481  9481 E AndroidRuntime: 	at androidx.compose.ui.platform.WrappedComposition$setContent$1.invoke(Wrapper.android.kt:131)
07-12 21:57:52.476  9481  9481 E AndroidRuntime: 	at androidx.compose.ui.platform.WrappedComposition$setContent$1.invoke(Wrapper.android.kt:124)
07-12 21:57:52.476  9481  9481 E AndroidRuntime: 	at androidx.compose.ui.platform.AndroidComposeView.onAttachedToWindow(AndroidComposeView.android.kt:1707)
07-12 21:57:52.476  9481  9481 E AndroidRuntime: 	at android.view.View.dispatchAttachedToWindow(View.java:20900)
07-12 21:57:52.476  9481  9481 E AndroidRuntime: 	at android.view.ViewGroup.dispatchAttachedToWindow(ViewGroup.java:3539)
07-12 21:57:52.476  9481  9481 E AndroidRuntime: 	at android.view.ViewGroup.dispatchAttachedToWindow(ViewGroup.java:3546)
07-12 21:57:52.476  9481  9481 E AndroidRuntime: 	at android.view.ViewGroup.dispatchAttachedToWindow(ViewGroup.java:3546)
07-12 21:57:52.476  9481  9481 E AndroidRuntime: 	at android.view.ViewGroup.dispatchAttachedToWindow(ViewGroup.java:3546)
07-12 21:57:52.476  9481  9481 E AndroidRuntime: 	at android.view.ViewGroup.dispatchAttachedToWindow(ViewGroup.java:3546)
07-12 21:57:52.476  9481  9481 E AndroidRuntime: 	at android.view.ViewRootImpl.performTraversals(ViewRootImpl.java:2799)
07-12 21:57:52.476  9481  9481 E AndroidRuntime: 	at android.view.ViewRootImpl.doTraversal(ViewRootImpl.java:2305)
07-12 21:57:52.476  9481  9481 E AndroidRuntime: 	at android.view.ViewRootImpl$TraversalRunnable.run(ViewRootImpl.java:9133)
07-12 21:57:52.476  9481  9481 E AndroidRuntime: 	at android.view.Choreographer$CallbackRecord.run(Choreographer.java:1232)
07-12 21:57:52.476  9481  9481 E AndroidRuntime: 	at android.view.Choreographer.doCallbacks(Choreographer.java:1029)
07-12 21:57:52.476  9481  9481 E AndroidRuntime: 	at android.view.Choreographer.doFrame(Choreographer.java:934)
07-12 21:57:52.476  9481  9481 E AndroidRuntime: 	at android.view.Choreographer$FrameDisplayEventReceiver.run(Choreographer.java:1217)
07-12 21:57:52.476  9481  9481 E AndroidRuntime: 	at android.os.Handler.handleCallback(Handler.java:938)
07-12 21:57:52.476  9481  9481 E AndroidRuntime: 	at android.os.Handler.dispatchMessage(Handler.java:99)
07-12 21:57:52.476  9481  9481 E AndroidRuntime: 	at android.os.Looper.loopOnce(Looper.java:233)
07-12 21:57:52.476  9481  9481 E AndroidRuntime: 	at android.os.Looper.loop(Looper.java:344)
07-12 21:57:52.476  9481  9481 E AndroidRuntime: 	at android.app.ActivityThread.main(ActivityThread.java:8212)
07-12 21:57:52.476  9481  9481 E AndroidRuntime: 	at java.lang.reflect.Method.invoke(Native Method)
07-12 21:57:52.476  9481  9481 E AndroidRuntime: 	at com.android.internal.os.RuntimeInit$MethodAndArgsCaller.run(RuntimeInit.java:584)
07-12 21:57:52.476  9481  9481 E AndroidRuntime: 	at com.android.internal.os.ZygoteInit.main(ZygoteInit.java:1034)
07-12 21:57:52.476  9481  9481 W System.err: java.lang.AbstractMethodError: abstract method "boolean androidx.compose.ui.Modifier$Element.all(kotlin.jvm.functions.Function1)" on receiver java.lang.Class<androidx.compose.foundation.layout.InsetsPaddingModifier>
07-12 21:57:52.476  9481  9481 W System.err: 	at androidx.compose.ui.ComposedModifierKt.materializeImpl(ComposedModifier.kt:264)
07-12 21:57:52.476  9481  9481 W System.err: 	at androidx.compose.ui.ComposedModifierKt.access$materializeImpl(ComposedModifier.kt:1)
07-12 21:57:52.476  9481  9481 W System.err: 	at androidx.compose.ui.ComposedModifierKt$materializeImpl$result$1.invoke(ComposedModifier.kt:282)
07-12 21:57:52.476  9481  9481 W System.err: 	at androidx.compose.ui.ComposedModifierKt$materializeImpl$result$1.invoke(ComposedModifier.kt:276)
07-12 21:57:52.476  9481  9481 W System.err: 	at androidx.compose.ui.Modifier$Element$-CC.$default$foldIn(Modifier.kt:124)
07-12 21:57:52.476  9481  9481 W System.err: 	at androidx.compose.ui.ComposedModifier.foldIn(ComposedModifier.kt:0)
07-12 21:57:52.476  9481  9481 W System.err: 	at androidx.compose.ui.CombinedModifier.foldIn(Modifier.kt:394)
07-12 21:57:52.476  9481  9481 W System.err: 	at androidx.compose.ui.ComposedModifierKt.materializeImpl(ComposedModifier.kt:276)
07-12 21:57:52.476  9481  9481 W System.err: 	at androidx.compose.ui.ComposedModifierKt.materializeModifier(ComposedModifier.kt:257)
07-12 21:57:52.476  9481  9481 W System.err: 	at com.pryvn.audiophile.CrashActivity.CrashUI(CrashActivity.kt:306)
07-12 21:57:52.476  9481  9481 W System.err: 	at com.pryvn.audiophile.CrashActivity$onCreate$1$1.invoke(CrashActivity.kt:78)
07-12 21:57:52.476  9481  9481 W System.err: 	at com.pryvn.audiophile.CrashActivity$onCreate$1$1.invoke(CrashActivity.kt:77)
07-12 21:57:52.477  9481  9481 W System.err: 	at androidx.compose.runtime.internal.ComposableLambdaImpl.invoke(ComposableLambda.jvm.kt:109)
07-12 21:57:52.477  9481  9481 W System.err: 	at androidx.compose.runtime.internal.ComposableLambdaImpl.invoke(ComposableLambda.jvm.kt:35)
07-12 21:57:52.477  9481  9481 W System.err: 	at androidx.compose.material3.SurfaceKt$Surface$1.invoke(Surface.kt:126)
07-12 21:57:52.477  9481  9481 W System.err: 	at androidx.compose.material3.SurfaceKt$Surface$1.invoke(Surface.kt:108)
07-12 21:57:52.477  9481  9481 W System.err: 	at androidx.compose.runtime.internal.ComposableLambdaImpl.invoke(ComposableLambda.jvm.kt:109)
07-12 21:57:52.477  9481  9481 W System.err: 	at androidx.compose.runtime.internal.ComposableLambdaImpl.invoke(ComposableLambda.jvm.kt:35)
07-12 21:57:52.477  9481  9481 W System.err: 	at androidx.compose.runtime.CompositionLocalKt.CompositionLocalProvider(CompositionLocal.kt:380)
07-12 21:57:52.477  9481  9481 W System.err: 	at androidx.compose.material3.SurfaceKt.Surface-T9BRK9s(Surface.kt:105)
07-12 21:57:52.477  9481  9481 W System.err: 	at com.pryvn.audiophile.CrashActivity$onCreate$1.invoke(CrashActivity.kt:73)
07-12 21:57:52.477  9481  9481 W System.err: 	at com.pryvn.audiophile.CrashActivity$onCreate$1.invoke(CrashActivity.kt:71)
07-12 21:57:52.477  9481  9481 W System.err: 	at androidx.compose.runtime.internal.ComposableLambdaImpl.invoke(ComposableLambda.jvm.kt:109)
07-12 21:57:52.477  9481  9481 W System.err: 	at androidx.compose.runtime.internal.ComposableLambdaImpl.invoke(ComposableLambda.jvm.kt:35)
07-12 21:57:52.477  9481  9481 W System.err: 	at androidx.compose.ui.platform.ComposeView.Content(ComposeView.android.kt:441)
07-12 21:57:52.477  9481  9481 W System.err: 	at androidx.compose.ui.platform.AbstractComposeView$ensureCompositionCreated$1.invoke(ComposeView.android.kt:259)
07-12 21:57:52.477  9481  9481 W System.err: 	at androidx.compose.ui.platform.AbstractComposeView$ensureCompositionCreated$1.invoke(ComposeView.android.kt:258)
07-12 21:57:52.477  9481  9481 W System.err: 	at androidx.compose.runtime.internal.ComposableLambdaImpl.invoke(ComposableLambda.jvm.kt:109)
07-12 21:57:52.477  9481  9481 W System.err: 	at androidx.compose.runtime.internal.ComposableLambdaImpl.invoke(ComposableLambda.jvm.kt:35)
07-12 21:57:52.477  9481  9481 W System.err: 	at androidx.compose.runtime.CompositionLocalKt.CompositionLocalProvider(CompositionLocal.kt:380)
07-12 21:57:52.477  9481  9481 W System.err: 	at androidx.compose.ui.platform.CompositionLocalsKt.ProvideCommonCompositionLocals(CompositionLocals.kt:216)
07-12 21:57:52.478  9481  9481 W System.err: 	at androidx.compose.ui.platform.AndroidCompositionLocals_androidKt$ProvideAndroidCompositionLocals$3.invoke(AndroidCompositionLocals.android.kt:132)
07-12 21:57:52.478  9481  9481 W System.err: 	at androidx.compose.ui.platform.AndroidCompositionLocals_androidKt$ProvideAndroidCompositionLocals$3.invoke(AndroidCompositionLocals.android.kt:131)
07-12 21:57:52.478  9481  9481 W System.err: 	at androidx.compose.runtime.internal.ComposableLambdaImpl.invoke(ComposableLambda.jvm.kt:109)
07-12 21:57:52.478  9481  9481 W System.err: 	at androidx.compose.runtime.internal.ComposableLambdaImpl.invoke(ComposableLambda.jvm.kt:35)
07-12 21:57:52.478  9481  9481 W System.err: 	at androidx.compose.runtime.CompositionLocalKt.CompositionLocalProvider(CompositionLocal.kt:380)
07-12 21:57:52.478  9481  9481 W System.err: 	at androidx.compose.ui.platform.AndroidCompositionLocals_androidKt.ProvideAndroidCompositionLocals(AndroidCompositionLocals.android.kt:121)
07-12 21:57:52.478  9481  9481 W System.err: 	at androidx.compose.ui.platform.WrappedComposition$setContent$1$1$3.invoke(Wrapper.android.kt:155)
07-12 21:57:52.478  9481  9481 W System.err: 	at androidx.compose.ui.platform.WrappedComposition$setContent$1$1$3.invoke(Wrapper.android.kt:154)
07-12 21:57:52.478  9481  9481 W System.err: 	at androidx.compose.runtime.internal.ComposableLambdaImpl.invoke(ComposableLambda.jvm.kt:109)
07-12 21:57:52.478  9481  9481 W System.err: 	at androidx.compose.runtime.internal.ComposableLambdaImpl.invoke(ComposableLambda.jvm.kt:35)
07-12 21:57:52.478  9481  9481 W System.err: 	at androidx.compose.runtime.CompositionLocalKt.CompositionLocalProvider(CompositionLocal.kt:401)
07-12 21:57:52.478  9481  9481 W System.err: 	at androidx.compose.ui.platform.WrappedComposition$setContent$1$1.invoke(Wrapper.android.kt:154)
07-12 21:57:52.478  9481  9481 W System.err: 	at androidx.compose.ui.platform.WrappedComposition$setContent$1$1.invoke(Wrapper.android.kt:133)
07-12 21:57:52.478  9481  9481 W System.err: 	at androidx.compose.runtime.internal.ComposableLambdaImpl.invoke(ComposableLambda.jvm.kt:109)
07-12 21:57:52.478  9481  9481 W System.err: 	at androidx.compose.runtime.internal.ComposableLambdaImpl.invoke(ComposableLambda.jvm.kt:35)
07-12 21:57:52.478  9481  9481 W System.err: 	at androidx.compose.runtime.ActualJvm_jvmKt.invokeComposable(ActualJvm.jvm.kt:97)
07-12 21:57:52.478  9481  9481 W System.err: 	at androidx.compose.runtime.ComposerImpl.doCompose(Composer.kt:3595)
07-12 21:57:52.478  9481  9481 W System.err: 	at androidx.compose.runtime.ComposerImpl.composeContent$runtime_release(Composer.kt:3522)
07-12 21:57:52.478  9481  9481 W System.err: 	at androidx.compose.runtime.CompositionImpl.composeContent(Composition.kt:743)
07-12 21:57:52.478  9481  9481 W System.err: 	at androidx.compose.runtime.Recomposer.composeInitial$runtime_release(Recomposer.kt:1122)
07-12 21:57:52.479  9481  9481 W System.err: 	at androidx.compose.runtime.CompositionImpl.composeInitial(Composition.kt:649)
07-12 21:57:52.479  9481  9481 W System.err: 	at androidx.compose.runtime.CompositionImpl.setContent(Composition.kt:635)
07-12 21:57:52.479  9481  9481 W System.err: 	at androidx.compose.ui.platform.WrappedComposition$setContent$1.invoke(Wrapper.android.kt:133)
07-12 21:57:52.479  9481  9481 W System.err: 	at androidx.compose.ui.platform.WrappedComposition$setContent$1.invoke(Wrapper.android.kt:124)
07-12 21:57:52.479  9481  9481 W System.err: 	at androidx.compose.ui.platform.AndroidComposeView.setOnViewTreeOwnersAvailable(AndroidComposeView.android.kt:1626)
07-12 21:57:52.479  9481  9481 W System.err: 	at androidx.compose.ui.platform.WrappedComposition.setContent(Wrapper.android.kt:124)
07-12 21:57:52.479  9481  9481 W System.err: 	at androidx.compose.ui.platform.WrappedComposition.onStateChanged(Wrapper.android.kt:180)
07-12 21:57:52.479  9481  9481 W System.err: 	at androidx.lifecycle.LifecycleRegistry$ObserverWithState.dispatchEvent(LifecycleRegistry.jvm.kt:320)
07-12 21:57:52.479  9481  9481 W System.err: 	at androidx.lifecycle.LifecycleRegistry.addObserver(LifecycleRegistry.jvm.kt:198)
07-12 21:57:52.479  9481  9481 W System.err: 	at androidx.compose.ui.platform.WrappedComposition$setContent$1.invoke(Wrapper.android.kt:131)
07-12 21:57:52.479  9481  9481 W System.err: 	at androidx.compose.ui.platform.WrappedComposition$setContent$1.invoke(Wrapper.android.kt:124)
07-12 21:57:52.479  9481  9481 W System.err: 	at androidx.compose.ui.platform.AndroidComposeView.onAttachedToWindow(AndroidComposeView.android.kt:1707)
07-12 21:57:52.479  9481  9481 W System.err: 	at android.view.View.dispatchAttachedToWindow(View.java:20900)
07-12 21:57:52.479  9481  9481 W System.err: 	at android.view.ViewGroup.dispatchAttachedToWindow(ViewGroup.java:3539)
07-12 21:57:52.479  9481  9481 W System.err: 	at android.view.ViewGroup.dispatchAttachedToWindow(ViewGroup.java:3546)
07-12 21:57:52.479  9481  9481 W System.err: 	at android.view.ViewGroup.dispatchAttachedToWindow(ViewGroup.java:3546)
07-12 21:57:52.479  9481  9481 W System.err: 	at android.view.ViewGroup.dispatchAttachedToWindow(ViewGroup.java:3546)
07-12 21:57:52.479  9481  9481 W System.err: 	at android.view.ViewGroup.dispatchAttachedToWindow(ViewGroup.java:3546)
07-12 21:57:52.479  9481  9481 W System.err: 	at android.view.ViewRootImpl.performTraversals(ViewRootImpl.java:2799)
07-12 21:57:52.479  9481  9481 W System.err: 	at android.view.ViewRootImpl.doTraversal(ViewRootImpl.java:2305)
07-12 21:57:52.479  9481  9481 W System.err: 	at android.view.ViewRootImpl$TraversalRunnable.run(ViewRootImpl.java:9133)
07-12 21:57:52.480  9481  9481 W System.err: 	at android.view.Choreographer$CallbackRecord.run(Choreographer.java:1232)
07-12 21:57:52.480  9481  9481 W System.err: 	at android.view.Choreographer.doCallbacks(Choreographer.java:1029)
07-12 21:57:52.480  9481  9481 W System.err: 	at android.view.Choreographer.doFrame(Choreographer.java:934)
07-12 21:57:52.480  9481  9481 W System.err: 	at android.view.Choreographer$FrameDisplayEventReceiver.run(Choreographer.java:1217)
07-12 21:57:52.480  9481  9481 W System.err: 	at android.os.Handler.handleCallback(Handler.java:938)
07-12 21:57:52.480  9481  9481 W System.err: 	at android.os.Handler.dispatchMessage(Handler.java:99)
07-12 21:57:52.480  9481  9481 W System.err: 	at android.os.Looper.loopOnce(Looper.java:233)
07-12 21:57:52.480  9481  9481 W System.err: 	at android.os.Looper.loop(Looper.java:344)
07-12 21:57:52.480  9481  9481 W System.err: 	at android.app.ActivityThread.main(ActivityThread.java:8212)
07-12 21:57:52.480  9481  9481 W System.err: 	at java.lang.reflect.Method.invoke(Native Method)
07-12 21:57:52.480  9481  9481 W System.err: 	at com.android.internal.os.RuntimeInit$MethodAndArgsCaller.run(RuntimeInit.java:584)
07-12 21:57:52.480  9481  9481 W System.err: 	at com.android.internal.os.ZygoteInit.main(ZygoteInit.java:1034)
07-12 21:57:52.487  1521 11017 I ActivityTaskManager: START u0 {flg=0x10008000 cmp=com.pryvn.audiophile/.CrashActivity (has extras) mCallingUid=10526} from uid 10526
07-12 21:57:52.488  1323  1323 E ORMS_HAL: open /sys/devices/platform/soc/soc:oplus-omrg/oplus-omrg0/ruler_enable failed(No such file or directory)
07-12 21:57:52.489  1299  1299 E vendor.qti.hardware.perf@2.2-service: Unknown params
07-12 21:57:52.489  1323  1323 E ORMS_HAL: open /sys/devices/platform/soc/soc:oplus-omrg/oplus-omrg0/ruler_enable failed(No such file or directory)
07-12 21:57:52.490  1299  1299 E vendor.qti.hardware.perf@2.2-service: Unknown params
07-12 21:57:52.490  1299  1299 E vendor.qti.hardware.perf@2.2-service: Unknown params
07-12 21:57:52.491  1299  1380 E ANDR-PERF-LM: MetaMeter: handleAsync() 164: AdaptLaunch Invalid Async
07-12 21:57:52.491  1299  1380 E ANDR-PERF-LM: MetaMeter: handleAsync() 164: AdaptLaunch Invalid Async
07-12 21:57:52.491  1299  1299 E vendor.qti.hardware.perf@2.2-service: Unknown params
07-12 21:57:52.491  1299  8050 E ANDR-PERF-LM: ThreadHelper: thread_callback() 145: More than one pending updates!!! This should not happen. MeterMgr should avoid this case.
07-12 21:57:52.492  1299  1380 E ANDR-PERF-LM: MetaMeter: handleAsync() 164: AdaptLaunch Invalid Async
