07-12 20:43:00.216 13364 13364 E AndroidRuntime: 	at android.view.ViewRootImpl.performTraversals(ViewRootImpl.java:2799)
07-12 20:43:00.216 13364 13364 E AndroidRuntime: 	at android.view.ViewRootImpl.doTraversal(ViewRootImpl.java:2305)
07-12 20:43:00.216 13364 13364 E AndroidRuntime: 	at android.view.ViewRootImpl$TraversalRunnable.run(ViewRootImpl.java:9133)
07-12 20:43:00.216 13364 13364 E AndroidRuntime: 	at android.view.Choreographer$CallbackRecord.run(Choreographer.java:1232)
07-12 20:43:00.216 13364 13364 E AndroidRuntime: 	at android.view.Choreographer.doCallbacks(Choreographer.java:1029)
07-12 20:43:00.216 13364 13364 E AndroidRuntime: 	at android.view.Choreographer.doFrame(Choreographer.java:934)
07-12 20:43:00.216 13364 13364 E AndroidRuntime: 	at android.view.Choreographer$FrameDisplayEventReceiver.run(Choreographer.java:1217)
07-12 20:43:00.216 13364 13364 E AndroidRuntime: 	at android.os.Handler.handleCallback(Handler.java:938)
07-12 20:43:00.216 13364 13364 E AndroidRuntime: 	at android.os.Handler.dispatchMessage(Handler.java:99)
07-12 20:43:00.216 13364 13364 E AndroidRuntime: 	at android.os.Looper.loopOnce(Looper.java:233)
07-12 20:43:00.216 13364 13364 E AndroidRuntime: 	at android.os.Looper.loop(Looper.java:344)
07-12 20:43:00.216 13364 13364 E AndroidRuntime: 	at android.app.ActivityThread.main(ActivityThread.java:8212)
07-12 20:43:00.216 13364 13364 E AndroidRuntime: 	at java.lang.reflect.Method.invoke(Native Method)
07-12 20:43:00.216 13364 13364 E AndroidRuntime: 	at com.android.internal.os.RuntimeInit$MethodAndArgsCaller.run(RuntimeInit.java:584)
07-12 20:43:00.216 13364 13364 E AndroidRuntime: 	at com.android.internal.os.ZygoteInit.main(ZygoteInit.java:1034)
07-12 20:43:00.216 13364 13364 W System.err: java.lang.AbstractMethodError: abstract method "boolean androidx.compose.ui.Modifier$Element.all(kotlin.jvm.functions.Function1)" on receiver java.lang.Class<androidx.compose.foundation.layout.InsetsPaddingModifier>
07-12 20:43:00.216 13364 13364 W System.err: 	at androidx.compose.ui.ComposedModifierKt.materializeImpl(ComposedModifier.kt:264)
07-12 20:43:00.216 13364 13364 W System.err: 	at androidx.compose.ui.ComposedModifierKt.access$materializeImpl(ComposedModifier.kt:1)
07-12 20:43:00.216 13364 13364 W System.err: 	at androidx.compose.ui.ComposedModifierKt$materializeImpl$result$1.invoke(ComposedModifier.kt:282)
07-12 20:43:00.217 13364 13364 W System.err: 	at androidx.compose.ui.ComposedModifierKt$materializeImpl$result$1.invoke(ComposedModifier.kt:276)
07-12 20:43:00.217 13364 13364 W System.err: 	at androidx.compose.ui.Modifier$Element$-CC.$default$foldIn(Modifier.kt:124)
07-12 20:43:00.217 13364 13364 W System.err: 	at androidx.compose.ui.ComposedModifier.foldIn(ComposedModifier.kt:0)
07-12 20:43:00.217 13364 13364 W System.err: 	at androidx.compose.ui.CombinedModifier.foldIn(Modifier.kt:394)
07-12 20:43:00.217 13364 13364 W System.err: 	at androidx.compose.ui.ComposedModifierKt.materializeImpl(ComposedModifier.kt:276)
07-12 20:43:00.217 13364 13364 W System.err: 	at androidx.compose.ui.ComposedModifierKt.materializeModifier(ComposedModifier.kt:257)
07-12 20:43:00.217 13364 13364 W System.err: 	at com.pryvn.audiophile.CrashActivity.CrashUI(CrashActivity.kt:306)
07-12 20:43:00.217 13364 13364 W System.err: 	at com.pryvn.audiophile.CrashActivity$onCreate$1$1.invoke(CrashActivity.kt:78)
07-12 20:43:00.217 13364 13364 W System.err: 	at com.pryvn.audiophile.CrashActivity$onCreate$1$1.invoke(CrashActivity.kt:77)
07-12 20:43:00.217 13364 13364 W System.err: 	at androidx.compose.runtime.internal.ComposableLambdaImpl.invoke(ComposableLambda.jvm.kt:109)
07-12 20:43:00.217 13364 13364 W System.err: 	at androidx.compose.runtime.internal.ComposableLambdaImpl.invoke(ComposableLambda.jvm.kt:35)
07-12 20:43:00.217 13364 13364 W System.err: 	at androidx.compose.material3.SurfaceKt$Surface$1.invoke(Surface.kt:126)
07-12 20:43:00.217 13364 13364 W System.err: 	at androidx.compose.material3.SurfaceKt$Surface$1.invoke(Surface.kt:108)
07-12 20:43:00.217 13364 13364 W System.err: 	at androidx.compose.runtime.internal.ComposableLambdaImpl.invoke(ComposableLambda.jvm.kt:109)
07-12 20:43:00.217 13364 13364 W System.err: 	at androidx.compose.runtime.internal.ComposableLambdaImpl.invoke(ComposableLambda.jvm.kt:35)
07-12 20:43:00.217 13364 13364 W System.err: 	at androidx.compose.runtime.CompositionLocalKt.CompositionLocalProvider(CompositionLocal.kt:380)
07-12 20:43:00.217 13364 13364 W System.err: 	at androidx.compose.material3.SurfaceKt.Surface-T9BRK9s(Surface.kt:105)
07-12 20:43:00.217 13364 13364 W System.err: 	at com.pryvn.audiophile.CrashActivity$onCreate$1.invoke(CrashActivity.kt:73)
07-12 20:43:00.217 13364 13364 W System.err: 	at com.pryvn.audiophile.CrashActivity$onCreate$1.invoke(CrashActivity.kt:71)
07-12 20:43:00.217 13364 13364 W System.err: 	at androidx.compose.runtime.internal.ComposableLambdaImpl.invoke(ComposableLambda.jvm.kt:109)
07-12 20:43:00.218 13364 13364 W System.err: 	at androidx.compose.runtime.internal.ComposableLambdaImpl.invoke(ComposableLambda.jvm.kt:35)
07-12 20:43:00.218 13364 13364 W System.err: 	at androidx.compose.ui.platform.ComposeView.Content(ComposeView.android.kt:441)
07-12 20:43:00.218 13364 13364 W System.err: 	at androidx.compose.ui.platform.AbstractComposeView$ensureCompositionCreated$1.invoke(ComposeView.android.kt:259)
07-12 20:43:00.218 13364 13364 W System.err: 	at androidx.compose.ui.platform.AbstractComposeView$ensureCompositionCreated$1.invoke(ComposeView.android.kt:258)
07-12 20:43:00.218 13364 13364 W System.err: 	at androidx.compose.runtime.internal.ComposableLambdaImpl.invoke(ComposableLambda.jvm.kt:109)
07-12 20:43:00.218 13364 13364 W System.err: 	at androidx.compose.runtime.internal.ComposableLambdaImpl.invoke(ComposableLambda.jvm.kt:35)
07-12 20:43:00.218 13364 13364 W System.err: 	at androidx.compose.runtime.CompositionLocalKt.CompositionLocalProvider(CompositionLocal.kt:380)
07-12 20:43:00.218 13364 13364 W System.err: 	at androidx.compose.ui.platform.CompositionLocalsKt.ProvideCommonCompositionLocals(CompositionLocals.kt:216)
07-12 20:43:00.218 13364 13364 W System.err: 	at androidx.compose.ui.platform.AndroidCompositionLocals_androidKt$ProvideAndroidCompositionLocals$3.invoke(AndroidCompositionLocals.android.kt:132)
07-12 20:43:00.218 13364 13364 W System.err: 	at androidx.compose.ui.platform.AndroidCompositionLocals_androidKt$ProvideAndroidCompositionLocals$3.invoke(AndroidCompositionLocals.android.kt:131)
07-12 20:43:00.218 13364 13364 W System.err: 	at androidx.compose.runtime.internal.ComposableLambdaImpl.invoke(ComposableLambda.jvm.kt:109)
07-12 20:43:00.218 13364 13364 W System.err: 	at androidx.compose.runtime.internal.ComposableLambdaImpl.invoke(ComposableLambda.jvm.kt:35)
07-12 20:43:00.218 13364 13364 W System.err: 	at androidx.compose.runtime.CompositionLocalKt.CompositionLocalProvider(CompositionLocal.kt:380)
07-12 20:43:00.218 13364 13364 W System.err: 	at androidx.compose.ui.platform.AndroidCompositionLocals_androidKt.ProvideAndroidCompositionLocals(AndroidCompositionLocals.android.kt:121)
07-12 20:43:00.218 13364 13364 W System.err: 	at androidx.compose.ui.platform.WrappedComposition$setContent$1$1$3.invoke(Wrapper.android.kt:155)
07-12 20:43:00.218 13364 13364 W System.err: 	at androidx.compose.ui.platform.WrappedComposition$setContent$1$1$3.invoke(Wrapper.android.kt:154)
07-12 20:43:00.218 13364 13364 W System.err: 	at androidx.compose.runtime.internal.ComposableLambdaImpl.invoke(ComposableLambda.jvm.kt:109)
07-12 20:43:00.219 13364 13364 W System.err: 	at androidx.compose.runtime.internal.ComposableLambdaImpl.invoke(ComposableLambda.jvm.kt:35)
07-12 20:43:00.219 13364 13364 W System.err: 	at androidx.compose.runtime.CompositionLocalKt.CompositionLocalProvider(CompositionLocal.kt:401)
07-12 20:43:00.219 13364 13364 W System.err: 	at androidx.compose.ui.platform.WrappedComposition$setContent$1$1.invoke(Wrapper.android.kt:154)
07-12 20:43:00.219 13364 13364 W System.err: 	at androidx.compose.ui.platform.WrappedComposition$setContent$1$1.invoke(Wrapper.android.kt:133)
07-12 20:43:00.219 13364 13364 W System.err: 	at androidx.compose.runtime.internal.ComposableLambdaImpl.invoke(ComposableLambda.jvm.kt:109)
07-12 20:43:00.219 13364 13364 W System.err: 	at androidx.compose.runtime.internal.ComposableLambdaImpl.invoke(ComposableLambda.jvm.kt:35)
07-12 20:43:00.219 13364 13364 W System.err: 	at androidx.compose.runtime.ActualJvm_jvmKt.invokeComposable(ActualJvm.jvm.kt:97)
07-12 20:43:00.219 13364 13364 W System.err: 	at androidx.compose.runtime.ComposerImpl.doCompose(Composer.kt:3595)
07-12 20:43:00.219 13364 13364 W System.err: 	at androidx.compose.runtime.ComposerImpl.composeContent$runtime_release(Composer.kt:3522)
07-12 20:43:00.219 13364 13364 W System.err: 	at androidx.compose.runtime.CompositionImpl.composeContent(Composition.kt:743)
07-12 20:43:00.219 13364 13364 W System.err: 	at androidx.compose.runtime.Recomposer.composeInitial$runtime_release(Recomposer.kt:1122)
07-12 20:43:00.219 13364 13364 W System.err: 	at androidx.compose.runtime.CompositionImpl.composeInitial(Composition.kt:649)
07-12 20:43:00.219 13364 13364 W System.err: 	at androidx.compose.runtime.CompositionImpl.setContent(Composition.kt:635)
07-12 20:43:00.219 13364 13364 W System.err: 	at androidx.compose.ui.platform.WrappedComposition$setContent$1.invoke(Wrapper.android.kt:133)
07-12 20:43:00.219 13364 13364 W System.err: 	at androidx.compose.ui.platform.WrappedComposition$setContent$1.invoke(Wrapper.android.kt:124)
07-12 20:43:00.219 13364 13364 W System.err: 	at androidx.compose.ui.platform.AndroidComposeView.setOnViewTreeOwnersAvailable(AndroidComposeView.android.kt:1626)
07-12 20:43:00.219 13364 13364 W System.err: 	at androidx.compose.ui.platform.WrappedComposition.setContent(Wrapper.android.kt:124)
07-12 20:43:00.219 13364 13364 W System.err: 	at androidx.compose.ui.platform.WrappedComposition.onStateChanged(Wrapper.android.kt:180)
07-12 20:43:00.219 13364 13364 W System.err: 	at androidx.lifecycle.LifecycleRegistry$ObserverWithState.dispatchEvent(LifecycleRegistry.jvm.kt:320)
07-12 20:43:00.220 13364 13364 W System.err: 	at androidx.lifecycle.LifecycleRegistry.addObserver(LifecycleRegistry.jvm.kt:198)
07-12 20:43:00.220 13364 13364 W System.err: 	at androidx.compose.ui.platform.WrappedComposition$setContent$1.invoke(Wrapper.android.kt:131)
07-12 20:43:00.220 13364 13364 W System.err: 	at androidx.compose.ui.platform.WrappedComposition$setContent$1.invoke(Wrapper.android.kt:124)
07-12 20:43:00.220 13364 13364 W System.err: 	at androidx.compose.ui.platform.AndroidComposeView.onAttachedToWindow(AndroidComposeView.android.kt:1707)
07-12 20:43:00.220 13364 13364 W System.err: 	at android.view.View.dispatchAttachedToWindow(View.java:20900)
07-12 20:43:00.220 13364 13364 W System.err: 	at android.view.ViewGroup.dispatchAttachedToWindow(ViewGroup.java:3539)
07-12 20:43:00.220 13364 13364 W System.err: 	at android.view.ViewGroup.dispatchAttachedToWindow(ViewGroup.java:3546)
07-12 20:43:00.220 13364 13364 W System.err: 	at android.view.ViewGroup.dispatchAttachedToWindow(ViewGroup.java:3546)
07-12 20:43:00.220 13364 13364 W System.err: 	at android.view.ViewGroup.dispatchAttachedToWindow(ViewGroup.java:3546)
07-12 20:43:00.220 13364 13364 W System.err: 	at android.view.ViewGroup.dispatchAttachedToWindow(ViewGroup.java:3546)
07-12 20:43:00.220 13364 13364 W System.err: 	at android.view.ViewRootImpl.performTraversals(ViewRootImpl.java:2799)
07-12 20:43:00.220 13364 13364 W System.err: 	at android.view.ViewRootImpl.doTraversal(ViewRootImpl.java:2305)
07-12 20:43:00.220 13364 13364 W System.err: 	at android.view.ViewRootImpl$TraversalRunnable.run(ViewRootImpl.java:9133)
07-12 20:43:00.220 13364 13364 W System.err: 	at android.view.Choreographer$CallbackRecord.run(Choreographer.java:1232)
07-12 20:43:00.220 13364 13364 W System.err: 	at android.view.Choreographer.doCallbacks(Choreographer.java:1029)
07-12 20:43:00.220 13364 13364 W System.err: 	at android.view.Choreographer.doFrame(Choreographer.java:934)
07-12 20:43:00.220 13364 13364 W System.err: 	at android.view.Choreographer$FrameDisplayEventReceiver.run(Choreographer.java:1217)
07-12 20:43:00.220 13364 13364 W System.err: 	at android.os.Handler.handleCallback(Handler.java:938)
07-12 20:43:00.220 13364 13364 W System.err: 	at android.os.Handler.dispatchMessage(Handler.java:99)
07-12 20:43:00.220 13364 13364 W System.err: 	at android.os.Looper.loopOnce(Looper.java:233)
07-12 20:43:00.220 13364 13364 W System.err: 	at android.os.Looper.loop(Looper.java:344)
07-12 20:43:00.221 13364 13364 W System.err: 	at android.app.ActivityThread.main(ActivityThread.java:8212)
07-12 20:43:00.221 13364 13364 W System.err: 	at java.lang.reflect.Method.invoke(Native Method)
07-12 20:43:00.221 13364 13364 W System.err: 	at com.android.internal.os.RuntimeInit$MethodAndArgsCaller.run(RuntimeInit.java:584)
07-12 20:43:00.221 13364 13364 W System.err: 	at com.android.internal.os.ZygoteInit.main(ZygoteInit.java:1034)
07-12 20:43:00.223  1299  8047 E ANDR-PERF-LM: StatsProvider: stats_nl_error_callback() 110: NL SOC receive error: No such process
07-12 20:43:00.223  1299  8047 E ANDR-PERF-LM: StatsProvider: sendRecvData() 267: nl_recvmsgs failed return=-12
07-12 20:43:00.223  1299  8047 E ANDR-PERF-LM: StatsProvider: getPIDStats() 119: sendRecvData returned error = -4
07-12 20:43:00.228  1521  6063 I ActivityTaskManager: START u0 {flg=0x10008000 cmp=com.pryvn.audiophile/.CrashActivity (has extras) mCallingUid=10524} from uid 10524
07-12 20:43:00.229  1323  1323 E ORMS_HAL: open /sys/devices/platform/soc/soc:oplus-omrg/oplus-omrg0/ruler_enable failed(No such file or directory)
07-12 20:43:00.229  1323  1323 E ORMS_HAL: open /sys/devices/platform/soc/soc:oplus-omrg/oplus-omrg0/ruler_enable failed(No such file or directory)
07-12 20:43:00.232  1299  1299 E vendor.qti.hardware.perf@2.2-service: Unknown params
07-12 20:43:00.232  1299  1379 E ANDR-PERF-OPTSHANDLER: Perflock resource /sys/class/devfreq/soc:qcom,cpubw/bw_hwmon/io_percent not supported
07-12 20:43:00.232  1299  1379 E ANDR-PERF-RESOURCEQS: Failed to apply optimization [6, 2]
07-12 20:43:00.232  1299  1379 E ANDR-PERF-OPTSHANDLER: Perflock resource /sys/class/devfreq/soc:qcom,cpubw/bw_hwmon/sample_ms not supported
07-12 20:43:00.232  1299  1379 E ANDR-PERF-RESOURCEQS: Failed to apply optimization [6, 8]
07-12 20:43:00.232  1299  1379 E ANDR-PERF-OPTSHANDLER: Perflock resource SPECIAL_NODE - cpubw_hwmon_hyst_opt not supported
07-12 20:43:00.232  1299  1379 E ANDR-PERF-RESOURCEQS: Failed to apply optimization [6, 3]
07-12 20:43:00.232  1299  1379 E ANDR-PERF-OPTSHANDLER: Perflock resource /sys/class/devfreq/soc:qcom,cpubw/min_freq not supported
07-12 20:43:00.232  1299  1379 E ANDR-PERF-RESOURCEQS: Failed to apply optimization [6, 0]
07-12 20:43:00.232  1299  1379 E ANDR-PERF-OPTSHANDLER: Perflock resource /sys/class/devfreq/soc:qcom,cpubw/max_freq not supported
07-12 20:43:00.232  1299  1379 E ANDR-PERF-RESOURCEQS: Failed to apply optimization [6, 6]
07-12 20:43:00.234  1299  1299 E vendor.qti.hardware.perf@2.2-service: Unknown params
07-12 20:43:00.234  1299  8050 E ANDR-PERF-LM: ThreadHelper: thread_callback() 145: More than one pending updates!!! This should not happen. MeterMgr should avoid this case.
07-12 20:43:00.234  1299  1380 E ANDR-PERF-LM: MetaMeter: handleAsync() 164: AdaptLaunch Invalid Async
07-12 20:43:00.234  1299  1299 E vendor.qti.hardware.perf@2.2-service: Unknown params
07-12 20:43:00.235  1299  1380 E ANDR-PERF-LM: MetaMeter: handleAsync() 164: AdaptLaunch Invalid Async
07-12 20:43:00.235  1299  1299 E vendor.qti.hardware.perf@2.2-service: Unknown params
07-12 20:43:00.235  1299  1380 E ANDR-PERF-LM: MetaMeter: handleAsync() 164: AdaptLaunch Invalid Async
07-12 20:43:00.236   606   606 I hwservicemanager: getTransport: Cannot find entry vendor.qti.hardware.iop@2.0::IIop/default in either framework or device VINTF manifest.
07-12 20:43:00.236  1521  6063 D OplusZoomWindowRUSConfigManager: isSupportZoomModeWithPolicyLocked: target = com.pryvn.audiophile/.CrashActivity
07-12 20:43:00.236  1521  6063 D OplusZoomWindowRUSConfigManager: targetPkg = com.pryvn.audiophile
07-12 20:43:00.236  1521  6063 V OplusZoomWindowManagerService: unSupportZoom: false ,callingPid: 13364 ,sourceStack: null
07-12 20:43:00.239  1521  6063 D ActivityTrigger: ActivityTrigger activityPauseTrigger 
07-12 20:43:00.241  1299  1299 E vendor.qti.hardware.perf@2.2-service: Unknown params
07-12 20:43:00.244  1521  6063 D CompactWindowManagerService: onOriginListAdded child: ActivityRecord{84cf8c8 u0 com.pryvn.audiophile/.CrashActivity t1650}; parent: Task{8ab6df0 #1650 type=standard A=10524:com.pryvn.audiophile U=0 visible=true mode=fullscreen translucent=true sz=2}
07-12 20:43:00.244  1521  6063 D TaskExtImpl: add ActivityRecord{84cf8c8 u0 com.pryvn.audiophile/.CrashActivity t1650} to mActivityRecordSum = Counter{ com.pryvn.audiophile/.CrashActivity(2) }
07-12 20:43:00.246  1521  6063 D ActivityTaskManager: getStartingWindowType: newTask=true, taskSwitch=false, processRunning=true, allowTaskSnapshot=true, activityCreated=false, snapshot=null, record:ActivityRecord{84cf8c8 u0 com.pryvn.audiophile/.CrashActivity t1650}
07-12 20:43:00.248  1521  6063 D OplusStartingWindowManager: window attributes color: 0 icon null duration 0 brandImage null
07-12 20:43:00.249  1521  6063 D OplusZoomWindowRUSConfigManager: isSupportZoomModeWithPolicyLocked: target = com.pryvn.audiophile/.CrashActivity
07-12 20:43:00.249  1521  6063 D OplusZoomWindowRUSConfigManager: targetPkg = com.pryvn.audiophile
07-12 20:43:00.249  1521  6063 V OplusZoomWindowManagerService: unSupportZoom: false ,callingPid: 13364 ,sourceStack: null
07-12 20:43:00.259  1521  6496 D OplusAppStartupMonitor: notifyUnstableAppInfo: Bundle[{unstableTime=1783869180259, reason=crash, userId=0, safecenter=unstable, exceptionMsg=abstract method "boolean androidx.compose.ui.Modifier$Element.all(kotlin.jvm.functions.Function1)" on receiver java.lang.Class<androidx.compose.foundation.layout.InsetsPaddingModifier>, exceptionClass=java.lang.AbstractMethodError, packageName=com.pryvn.audiophile, unstable_restrict_switch=true}]
07-12 20:43:00.260 10905 20387 I Athena  : StartupManager: onUpdateUnstableRecord: unstable crash!
07-12 20:43:00.263  1521  6063 D OplusAmsUtilsFeatrue: detectExceptionsForOIDT type:0
07-12 20:43:00.263  1383  1383 D OplusMovieIdle: updateLayerStacks,mOmiSupport is not supoort
07-12 20:43:00.263  1383  1383 E CompositionEngine: map unknown (BT709 sRGB Full range)/(Unknown RenderIntent) to default color mode
07-12 20:43:00.267  1521  1521 W ActivityManager: type=1400 audit(0.0:113995): avc: denied { getpgid } for scontext=u:r:system_server:s0 tcontext=u:r:app_zygote:s0:c512,c768 tclass=process permissive=0
07-12 20:43:00.270  1521  2718 E libprocessgroup: getpgid(12387) failed: Permission denied
07-12 20:43:00.267  1521  1521 W ActivityManager: type=1400 audit(0.0:113996): avc: denied { getpgid } for scontext=u:r:system_server:s0 tcontext=u:r:app_zygote:s0:c512,c768 tclass=process permissive=0
07-12 20:43:00.271  1521  1521 W ActivityManager: type=1400 audit(0.0:113997): avc: denied { getpgid } for scontext=u:r:system_server:s0 tcontext=u:r:app_zygote:s0:c512,c768 tclass=process permissive=0
07-12 20:43:00.276  1521  2718 E libprocessgroup: getpgid(12387) failed: Permission denied
07-12 20:43:00.271  1521  1521 W ActivityManager: type=1400 audit(0.0:113998): avc: denied { getpgid } for scontext=u:r:system_server:s0 tcontext=u:r:app_zygote:s0:c512,c768 tclass=process permissive=0
07-12 20:43:00.277  1383  1383 E CompositionEngine: map unknown (BT709 sRGB Full range)/(Unknown RenderIntent) to default color mode
07-12 20:43:00.281  1521 13407 I DropBoxManagerService: add tag=data_app_crash isTagEnabled=true flags=0x2
07-12 20:43:00.282  1521  2718 E libprocessgroup: getpgid(12387) failed: Permission denied
07-12 20:43:00.284  1521 13408 W OplusSelfProtectManager: pkg[com.oplus.crashbox] not in policy list
07-12 20:43:00.286  1521 13407 D DropBoxManagerService: file :: /data/system/dropbox/data_app_crash@1783869180282.txt
07-12 20:43:00.289  1521  2718 E libprocessgroup: getpgid(12387) failed: Permission denied
07-12 20:43:00.295  1521  2718 E libprocessgroup: getpgid(12387) failed: Permission denied
07-12 20:43:00.307 13364 13364 I Process : Sending signal. PID: 13364 SIG: 9
07-12 20:43:00.308  1521  2726 W BroadcastQueue: Background execution not allowed: receiving Intent { act=android.intent.action.DROPBOX_ENTRY_ADDED flg=0x10 (has extras) } to com.google.android.gms/.stats.service.DropBoxEntryAddedReceiver
07-12 20:43:00.332  7945 13409 I DropBoxUtil: (REDACTED) Reading dropbox entry with tag %s and timestamp %d
07-12 20:43:00.336  7945 13409 I DropBoxUtil: (REDACTED) Reading dropbox entry with tag %s and timestamp %d
07-12 20:43:00.358  1383  1383 E CompositionEngine: map unknown (BT709 sRGB Full range)/(Unknown RenderIntent) to default color mode
07-12 20:43:00.360  1521 10731 D DisplayManagerService: Display listener for pid 13364 died.
07-12 20:43:00.360  3779  3779 I adbd    : Remote process closed the socket (on MSG_PEEK)
07-12 20:43:00.361  1521 11020 I WindowManager: WIN DEATH: Window{2ae5d6 u0 com.pryvn.audiophile/com.pryvn.audiophile.CrashActivity}
07-12 20:43:00.361  1521 11020 W InputManager-JNI: Input channel object '2ae5d6 com.pryvn.audiophile/com.pryvn.audiophile.CrashActivity (client)' was disposed without first being removed with the input manager!
07-12 20:43:00.361  1521  2720 I libprocessgroup: Successfully killed process cgroup uid 10524 pid 13364 in 0ms
07-12 20:43:00.365  1521 11015 D TheiaManager: com.android.server.wm.OplusWindowManagerService@521e951 getDeclaredField : com.android.server.wm.WindowManagerService.mRoot
07-12 20:43:00.365  1521 11015 D TheiaManager: com.android.server.wm.RootWindowContainer@e820e60 callDeclaredMethod : com.android.server.wm.RootWindowContainer.getTopFocusedDisplayContent param[] null args[]null
07-12 20:43:00.365  1521 11015 D TheiaManager: Display 0 info=DisplayInfo{"Built-in screen", displayId 0", displayGroupId 0, FLAG_SECURE, FLAG_SUPPORTS_PROTECTED_BUFFERS, FLAG_TRUSTED, real 1080 x 2400, largest app 2290 x 2242, smallest app 1080 x 924, appVsyncOff 1000000, presDeadline 16393442, mode 1, defaultMode 1, modes [{id=1, width=1080, height=2400, fps=61.000004, alternativeRefreshRates=[]}], hdrCapabilities HdrCapabilities{mSupportedHdrTypes=[2, 3, 4], mMaxLuminance=500.0, mMaxAverageLuminance=500.0, mMinLuminance=0.0}, userDisabledHdrTypes [], minimalPostProcessingSupported false, rotation 0, state ON, type INTERNAL, uniqueId "local:4630946962717273473", app 1080 x 2242, density 480 (409.432 x 409.127) dpi, layerStack 0, colorMode 0, supportedColorModes [0, 7, 9], address {port=129, model=0x40446dba0e6fed}, deviceProductInfo DeviceProductInfo{name=, manufacturerPnpId=QCM, productId=1, modelYear=null, manufactureDate=ManufactureDate{week=27, year=2006}, connectionToSinkType=0}, removeMode 0, refreshRateOverride 0.0, brightnessMinimum 0.0, brightnessMaximum 1.0, brightnessDefault 1600.0} rootTasks=[WindowedMagnification:0:31@238532939, HideDisplayCutout:32:55@144431886, Leaf:56:57@86568201, HideDisplayCutout:58:99@26778422, Leaf:100:100@36533457] getDeclaredField : com.android.server.wm.DisplayContent.mFocusedApp
07-12 20:43:00.365  1521 11015 D TheiaManager: ActivityRecord{d74fe25 u0 com.pryvn.audiophile/.CrashActivity t1650 f}} callDeclaredMethod : com.android.server.wm.ActivityRecord.getPid param[] null args[]null
07-12 20:43:00.366  1143  1143 I Zygote  : Process 13364 exited due to signal 9 (Killed)
07-12 20:43:00.366  1521 11015 E TheiaManager: [tagL]: calling catchLog()..., focusedPid:13364 pids:[13364]
07-12 20:43:00.366  1521 11015 D TheiaManager: No stackTrace found in args
07-12 20:43:00.366  1521 11015 D TheiaManager: KEY:logTypeVALUE:ApplicationFGCrash
07-12 20:43:00.366  1521 11015 D TheiaManager: KEY:deadMomentVALUE:1783869180365
07-12 20:43:00.366  1521 11015 D TheiaManager: KEY:appNameVALUE:Audiophile
07-12 20:43:00.366  1521 11015 D TheiaManager: KEY:packageVersionVALUE:1.1.0
07-12 20:43:00.366  1521 11015 D TheiaManager: KEY:packageNameVALUE:com.pryvn.audiophile
07-12 20:43:00.366  1521 11015 D TheiaCrashMonitor: com.pryvn.audiophilecrash
07-12 20:43:00.366  1521 11015 I ActivityManager: Process com.pryvn.audiophile (pid 13364) has died: fg  TOP 
07-12 20:43:00.366  1521 11862 D TheiaSocketClient: TheiaSend receive content : 4298113028:ApplicationFGCrash:1783869180366
07-12 20:43:00.366  1521 11015 W ContextImpl: Calling a method in the system process without a qualified user: android.app.ContextImpl.sendBroadcast:1175 com.android.server.am.OplusExtraActivityManagerService.setKeyLockModeNormal:51 com.android.server.am.ActivityManagerServiceExtImpl.setKeyLockModeNormal:851 com.android.server.am.ActivityManagerService.appDiedLocked:3389 com.android.server.am.ActivityManagerService$AppDeathRecipient.binderDied:1531 
07-12 20:43:00.366  1521 11862 D TheiaSocketClient: send message success
07-12 20:43:00.367  1892 11981 I theia_socket: recv 4298113028:ApplicationFGCrash:1783869180366
07-12 20:43:00.367  1892 11981 I theia_socket: nowEvent is not KeyEvent
07-12 20:43:00.370 11133  6863 V DeepThinker: ProcessManager: onProcessDied pid:13364, uid:10524
07-12 20:43:00.371  1521  6946 I OplusHansManager : onUidGone(), 10524 com.pryvn.audiophile exit SM
07-12 20:43:00.375  1383  1383 D OplusLayer: ~Layer() sequence=38334, name=2ae5d6 com.pryvn.audiophile/com.pryvn.audiophile.CrashActivity#0 0xb4000076b6023b00
07-12 20:43:00.376  1521 11015 V OplusZoomWindowManagerService: onAnimationFinished:  r = ActivityRecord{d74fe25 u0 com.pryvn.audiophile/.CrashActivity t1650 f}}
07-12 20:43:00.377  1521 11015 D TaskExtImpl: remove ActivityRecord{d74fe25 u0 com.pryvn.audiophile/.CrashActivity t-1 f}} to mActivityRecordSum = Counter{ com.pryvn.audiophile/.CrashActivity(1) }
07-12 20:43:00.378  1383  1383 D OplusMovieIdle: updateLayerStacks,mOmiSupport is not supoort
07-12 20:43:00.378  1383  1383 E CompositionEngine: map unknown (BT709 sRGB Full range)/(Unknown RenderIntent) to default color mode
07-12 20:43:00.379  1521 11015 I OplusAccessController: enter isIgnoreAppSwitchActivity
07-12 20:43:00.379  1521 11015 I OplusAccessController: enter isIgnoreAppSwitchActivity and intent != null
07-12 20:43:00.379  1521 11015 I OplusAccessController: enter isIgnoreAppSwitchActivity and componentName != null
07-12 20:43:00.379  1521 11015 I OplusAccessController: enter isIgnoreAppSwitchActivity and packageName&activity is not Empty
07-12 20:43:00.380  1521 11015 V SensorManager: call sensorServiceCommonInterface name: setScreenShotDisable
07-12 20:43:00.380  1521 11015 D SensorService: SensorService sensorServiceCommonInterface = setScreenShotDisable
07-12 20:43:00.380  1521 11015 D SensorServiceImpl: SensorServiceExtImpl sensorServiceCommonInterface funcName= setScreenShotDisable , flag =0, status =0
07-12 20:43:00.390 16334 16334 I ONet:Application: (ActivityThread.java:6620)onTrimMemory
07-12 20:43:00.392  1383  1383 D OplusLayer: ~Layer() sequence=38333, name=ActivityRecord{d74fe25 u0 com.pryvn.audiophile/.CrashActivity#0 0xb4000076b5f3ae80
07-12 20:43:00.392 17304 17304 I GoogleTTSServiceImpl: Cache enabled: true
07-12 20:43:00.392 10857 10857 I yAF.TPLog.FrameworkService: onTrimMemory(5): clearing caches...
07-12 20:43:00.392 10857 10857 V e       : ClearCache[5] : Cache Size BEFORE = 0
07-12 20:43:00.392 10857 10857 W e       : ClearCache : Current cache size is lesser than the threshold of 1048576
07-12 20:43:00.392 17304 17304 I LocalSynthesizer: #onTrimMemory
07-12 20:43:00.394  1383  1383 D OplusMovieIdle: updateLayerStacks,mOmiSupport is not supoort
07-12 20:43:00.395 10978 10978 D ApplicationAspect: aspect:onTrimMemory
07-12 20:43:00.395  1383  1383 E CompositionEngine: map unknown (BT709 sRGB Full range)/(Unknown RenderIntent) to default color mode
07-12 20:43:00.395 10978 10978 E _Arouter: invoke error:com.oplus.theme.OplusThemeApplication.onTrimMemory [int]
07-12 20:43:00.395 10978 10978 E _Arouter: invoke error:com.oplus.uxdesign.uxcolor.UxColorApplication.onTrimMemory [int]
07-12 20:43:00.395 10978 10978 E _Arouter: invoke error:com.oplus.uxdesign.language.LanguageApplication.onTrimMemory [int]
07-12 20:43:00.395 10978 10978 E _Arouter: invoke error:com.oplus.uxdesign.personal.PersonalApplication.onTrimMemory [int]
07-12 20:43:00.395 10978 10978 E _Arouter: invoke error:com.oplus.uxdesign.icon.IconStyleApplication.onTrimMemory [int]
07-12 20:43:00.398 10705 10705 D ProcessKill: level:40
07-12 20:43:00.398 10705 10705 D ProcessKill: onTrimMemory
07-12 20:43:00.398  4177  4177 I Finsky  : [2] Memory trim requested to level 40
07-12 20:43:00.398  4177  4177 I Finsky  : [2] Flushing in-memory image cache
07-12 20:43:00.399  1521  2705 W ActivityManager: setHasOverlayUi called on unknown pid: 13364
07-12 20:43:00.407 10517 10517 I AppBase : AppBase.onTrimMemory():280 onTrimMemory(): 5
07-12 20:43:00.408  1521  2705 D CompatibilityChangeReporter: Compat change id reported: 135634846; UID 10524; state: DISABLED
07-12 20:43:00.408  1521  2705 D CompatibilityChangeReporter: Compat change id reported: 177438394; UID 10524; state: DISABLED
07-12 20:43:00.408  1521  2705 D CompatibilityChangeReporter: Compat change id reported: 135772972; UID 10524; state: DISABLED
07-12 20:43:00.408  1521  2705 D CompatibilityChangeReporter: Compat change id reported: 135754954; UID 10524; state: ENABLED
07-12 20:43:00.409  1521  2719 D CompatibilityChangeReporter: Compat change id reported: 143937733; UID 10524; state: ENABLED
07-12 20:43:00.410 10517 10517 I KeyboardDefCache: MemoryFileCache$1.onTrimMemory():124 clearMemory() for trim memory: 5
07-12 20:43:00.410 10517 10517 I KeyboardDefCache: MemoryFileCache.clearMemory():408 evictAll()
07-12 20:43:00.411 10517 10517 I GoogleInputMethodService: GoogleInputMethodService.onTrimMemory():3021 onTrimMemory(): 5
07-12 20:43:00.418  1143  1143 D Zygote  : Forked child process 13410
07-12 20:43:00.419  1521  2719 E PerformanceManager: addTaskTrackPid failed.
07-12 20:43:00.419  1521  2719 E PerformanceManager: android.os.RemoteException: HwBinder Error: (-74)
07-12 20:43:00.419  1521  2719 E PerformanceManager: 	at android.os.HwRemoteBinder.transact(Native Method)
07-12 20:43:00.419  1521  2719 E PerformanceManager: 	at vendor.oplus.hardware.performance.V1_0.IPerformance$Proxy.addTaskTrackPid(IPerformance.java:2623)
07-12 20:43:00.419  1521  2719 E PerformanceManager: 	at android.os.PerformanceManager.addTaskTrackPid(PerformanceManager.java:859)
07-12 20:43:00.419  1521  2719 E PerformanceManager: 	at com.android.server.am.ProcessList.startProcess(ProcessList.java:2542)
07-12 20:43:00.419  1521  2719 E PerformanceManager: 	at com.android.server.am.ProcessList.handleProcessStart(ProcessList.java:2269)
07-12 20:43:00.419  1521  2719 E PerformanceManager: 	at com.android.server.am.ProcessList.lambda$startProcessLocked$0$ProcessList(ProcessList.java:2188)
07-12 20:43:00.419  1521  2719 E PerformanceManager: 	at com.android.server.am.ProcessList$$ExternalSyntheticLambda1.run(dex-id-9f94b5d14f8ba49c388a6efb5e01394711ca3df5:22)
07-12 20:43:00.419  1521  2719 E PerformanceManager: 	at android.os.Handler.handleCallback(Handler.java:938)
07-12 20:43:00.419  1521  2719 E PerformanceManager: 	at android.os.Handler.dispatchMessage(Handler.java:99)
07-12 20:43:00.419  1521  2719 E PerformanceManager: 	at android.os.Looper.loopOnce(Looper.java:233)
07-12 20:43:00.419  1521  2719 E PerformanceManager: 	at android.os.Looper.loop(Looper.java:344)
07-12 20:43:00.419  1521  2719 E PerformanceManager: 	at android.os.HandlerThread.run(HandlerThread.java:67)
07-12 20:43:00.419  1521  2719 E PerformanceManager: 	at com.android.server.ServiceThread.run(ServiceThread.java:44)
07-12 20:43:00.419  1521  2719 I ActivityManager: Start proc 13410:com.pryvn.audiophile/u0a524 for top-activity {com.pryvn.audiophile/com.pryvn.audiophile.CrashActivity}
07-12 20:43:00.429  1299  8046 E ANDR-PERF-LM: StatsProvider: stats_nl_error_callback() 110: NL SOC receive error: No such process
07-12 20:43:00.430  1299  8046 E ANDR-PERF-LM: StatsProvider: sendRecvData() 267: nl_recvmsgs failed return=-12
07-12 20:43:00.430  1299  8046 E ANDR-PERF-LM: StatsProvider: getPIDStats() 119: sendRecvData returned error = -4
07-12 20:43:00.438 13410 13410 I ryvn.audiophil: Late-enabling -Xcheck:jni
07-12 20:43:00.457 13410 13410 E ryvn.audiophil: Unknown bits set in runtime_flags: 0x40000000
07-12 20:43:00.457 13410 13410 I ryvn.audiophil: Using generational CollectorTypeCC GC.
07-12 20:43:00.459  1323  1323 E ORMS_HAL: open /sys/devices/platform/soc/soc:oplus-omrg/oplus-omrg0/ruler_enable failed(No such file or directory)
07-12 20:43:00.459  1323  1323 E ORMS_HAL: open /sys/devices/platform/soc/soc:oplus-omrg/oplus-omrg0/ruler_enable failed(No such file or directory)
07-12 20:43:00.462  1299  1379 E ANDR-PERF-OPTSHANDLER: Perflock resource /sys/class/devfreq/soc:qcom,cpubw/bw_hwmon/io_percent not supported
07-12 20:43:00.462  1299  1379 E ANDR-PERF-RESOURCEQS: Failed to apply optimization [6, 2]
07-12 20:43:00.462  1299  1379 E ANDR-PERF-OPTSHANDLER: Perflock resource /sys/class/devfreq/soc:qcom,cpubw/bw_hwmon/sample_ms not supported
07-12 20:43:00.462  1299  1379 E ANDR-PERF-RESOURCEQS: Failed to apply optimization [6, 8]
07-12 20:43:00.462  1299  1379 E ANDR-PERF-OPTSHANDLER: Perflock resource SPECIAL_NODE - cpubw_hwmon_hyst_opt not supported
07-12 20:43:00.462  1299  1379 E ANDR-PERF-RESOURCEQS: Failed to apply optimization [6, 3]
07-12 20:43:00.462  1299  1379 E ANDR-PERF-OPTSHANDLER: Perflock resource /sys/class/devfreq/soc:qcom,cpubw/min_freq not supported
07-12 20:43:00.462  1299  1379 E ANDR-PERF-RESOURCEQS: Failed to apply optimization [6, 0]
07-12 20:43:00.463  1299  1379 E ANDR-PERF-OPTSHANDLER: Perflock resource /sys/class/devfreq/soc:qcom,cpubw/max_freq not supported
07-12 20:43:00.463  1299  1379 E ANDR-PERF-RESOURCEQS: Failed to apply optimization [6, 6]
07-12 20:43:00.468  3779  3794 I adbd    : jdwp connection from 13410
07-12 20:43:00.468 13410 13410 D ProcessState: Binder ioctl to enable oneway spam detection failed: Invalid argument
07-12 20:43:00.496 13410 13410 I OneTrace: Mark active for pid=13410? true
07-12 20:43:00.496 13410 13410 D cutils-dev: otrace_set_tracing_enabled? true
07-12 20:43:00.496 13410 13417 D cutils-dev: properties changed in otrace_seq_number_changed!
07-12 20:43:00.500  1299  1299 E vendor.qti.hardware.perf@2.2-service: Unknown params
07-12 20:43:00.501  1299  1380 E ANDR-PERF-LM: MetaMeter: handleAsync() 164: AdaptLaunch Invalid Async
07-12 20:43:00.506  1521 11015 I ActivityTaskManager: The Process com.pryvn.audiophile Already Exists in BG. So sending its PID: 13410
07-12 20:43:00.507  1299  1299 E vendor.qti.hardware.perf@2.2-service: Unknown params
07-12 20:43:00.507  1299  1380 E ANDR-PERF-LM: MetaMeter: handleAsync() 164: AdaptLaunch Invalid Async
07-12 20:43:00.508  1299  1380 W ANDR-PERF-LM: MetaMeter: handlePrimaryAsync() 116: PreKill MetaMeter. No MeterMgr Available to handle this Primary Async. !!!!
07-12 20:43:00.508  1521 11015 D OplusDexOptimizeManager: Do not in AppLaunchOptList!
07-12 20:43:00.508   730   730 I tombstoned: received crash request for pid 1521
07-12 20:43:00.512  1521 11015 I InputDispatcher: setFocusedApplication displayId=0 ActivityRecord{84cf8c8 u0 com.pryvn.audiophile/.CrashActivity t1650}
07-12 20:43:00.512  1326  1326 E PerformanceService: Failed to open /proc/sys/kernel/sched_impt_tgid (2): No such file or directory, Linux version 4.14.180
07-12 20:43:00.514  1323  1323 E ORMS_HAL: open /sys/devices/platform/soc/soc:oplus-omrg/oplus-omrg0/ruler_enable failed(No such file or directory)
07-12 20:43:00.514  1323  1323 E ORMS_HAL: open /sys/devices/platform/soc/soc:oplus-omrg/oplus-omrg0/ruler_enable failed(No such file or directory)
07-12 20:43:00.516  1521  2706 D CompactWindowManagerService: updateBackgroundSurface openingApp: ActivityRecord{84cf8c8 u0 com.pryvn.audiophile/.CrashActivity t1650}
07-12 20:43:00.516  1521  2706 D ActivityRecordExtImpl: setting mUseTransferredAnimation to false for ActivityRecord{84cf8c8 u0 com.pryvn.audiophile/.CrashActivity t1650}
07-12 20:43:00.517  1521  2706 I OplusAppSwitchManagerService:  handleAppVisible , r = ActivityRecord{84cf8c8 u0 com.pryvn.audiophile/.CrashActivity t1650}
07-12 20:43:00.517  1299  1379 E ANDR-PERF-OPTSHANDLER: Perflock resource /sys/class/devfreq/soc:qcom,cpubw/bw_hwmon/io_percent not supported
07-12 20:43:00.517  1299  1379 E ANDR-PERF-RESOURCEQS: Failed to apply optimization [6, 2]
07-12 20:43:00.518  1299  1379 E ANDR-PERF-OPTSHANDLER: Perflock resource /sys/class/devfreq/soc:qcom,cpubw/bw_hwmon/sample_ms not supported
07-12 20:43:00.518  1299  1379 E ANDR-PERF-RESOURCEQS: Failed to apply optimization [6, 8]
07-12 20:43:00.518  1299  1379 E ANDR-PERF-OPTSHANDLER: Perflock resource SPECIAL_NODE - cpubw_hwmon_hyst_opt not supported
07-12 20:43:00.518  1299  1379 E ANDR-PERF-RESOURCEQS: Failed to apply optimization [6, 3]
07-12 20:43:00.518  1299  1379 E ANDR-PERF-OPTSHANDLER: Perflock resource /sys/class/devfreq/soc:qcom,cpubw/min_freq not supported
07-12 20:43:00.518  1299  1379 E ANDR-PERF-RESOURCEQS: Failed to apply optimization [6, 0]
07-12 20:43:00.518  1299  1379 E ANDR-PERF-OPTSHANDLER: Perflock resource /sys/class/devfreq/soc:qcom,cpubw/max_freq not supported
07-12 20:43:00.518  1299  1379 E ANDR-PERF-RESOURCEQS: Failed to apply optimization [6, 6]
07-12 20:43:00.521  1521  2510 I system_server: Wrote stack traces to tombstoned
07-12 20:43:00.521   730   730 E tombstoned: Traces for pid 1521 written to: trace_05
07-12 20:43:00.523  1299  8047 E ANDR-PERF-LM: StatsProvider: stats_nl_error_callback() 110: NL SOC receive error: No such process
07-12 20:43:00.523  1299  8047 E ANDR-PERF-LM: StatsProvider: sendRecvData() 267: nl_recvmsgs failed return=-12
07-12 20:43:00.523  1299  8047 E ANDR-PERF-LM: StatsProvider: getPIDStats() 119: sendRecvData returned error = -4
07-12 20:43:00.525  1383  1383 D OplusMovieIdle: updateLayerStacks,mOmiSupport is not supoort
07-12 20:43:00.526  1383  1383 E CompositionEngine: map unknown (BT709 sRGB Full range)/(Unknown RenderIntent) to default color mode
07-12 20:43:00.528  7635  7659 D OplusAtlas.OplusAtlasEventDispatch: setEvent:atlas_event_on_foreground_activities_changed info:pid:13410,uid:10524,hasForegroundActivities:1
07-12 20:43:00.528 11133  6863 V DeepThinker: ProcessManager: onForegroundActivitiesChanged pid:13410, uid:10524, foregroundActivities:true
07-12 20:43:00.528  7635 10648 D OplusAtlas.OplusAudioScene: callback success event:atlas_event_on_foreground_activities_changed eventInfo:pid:13410,uid:10524,hasForegroundActivities:1
07-12 20:43:00.528  7635 10663 D OplusAtlas.OplusMessageHandler: handleMessage: Msg { when=0 what=2 obj=com.oplus.atlas.OplusAtlasEvent@4f8a6a9 target=com.oplus.atlas.OplusMessageHandler$MyHandler }
07-12 20:43:00.534 13410 13410 D CompatibilityChangeReporter: Compat change id reported: 171979766; UID 10524; state: ENABLED
07-12 20:43:00.534 13410 13410 I oplus.android.OplusFrameworkFactoryImpl: get feature:IOplusAutoResolutionFeature
07-12 20:43:00.535 13410 13410 I oplus.android.OplusFrameworkFactoryImpl: getOplusAutoResolutionFeature
07-12 20:43:00.535 13410 13410 D CompactWindowAppManager: initCompactApplicationInfo 
07-12 20:43:00.544  1279 16817 I vendor.qti.bluetooth@1.0-ibs_handler: ProcessIbsCmd: Received IBS_WAKE_IND: 0xFD
07-12 20:43:00.544  1279 16817 D vendor.qti.bluetooth@1.0-ibs_handler: SerialClockVote: vote for UART CLK ON
07-12 20:43:00.544  1279 16817 D vendor.qti.bluetooth@1.0-wake_lock: Acquire wakelock is acquired 
07-12 20:43:00.544  1279 16817 I vendor.qti.bluetooth@1.0-ibs_handler: ProcessIbsCmd: Writing IBS_WAKE_ACK
07-12 20:43:00.577 13410 13410 I OplusFeatureCache: Milliseconds spent on init(): 30
07-12 20:43:00.580 13410 13410 D LoadedApk: mApplicationInfo overrideDisplayId:null
07-12 20:43:00.599  1279 16817 I vendor.qti.bluetooth@1.0-ibs_handler: ProcessIbsCmd: Received IBS_SLEEP_IND: 0xFE
07-12 20:43:00.599  1279 16817 D vendor.qti.bluetooth@1.0-ibs_handler: SerialClockVote: vote for UART CLK OFF
07-12 20:43:00.730  1299  8046 E ANDR-PERF-LM: StatsProvider: stats_nl_error_callback() 110: NL SOC receive error: No such process
07-12 20:43:00.730  1299  8046 E ANDR-PERF-LM: StatsProvider: sendRecvData() 267: nl_recvmsgs failed return=-12
07-12 20:43:00.730  1299  8046 E ANDR-PERF-LM: StatsProvider: getPIDStats() 119: sendRecvData returned error = -4
07-12 20:43:00.741  1521  2705 W ActivityTaskManager: Activity top resumed state loss timeout for ActivityRecord{d74fe25 u0 com.pryvn.audiophile/.CrashActivity t-1 f}}
07-12 20:43:00.741  1521  2705 I OplusAppSwitchManager: notifyAppSwitch the same packageName!
07-12 20:43:00.749  1279 16787 D vendor.qti.bluetooth@1.0-wake_lock: Release wakelock is released 
07-12 20:43:00.824  1299  8047 E ANDR-PERF-LM: StatsProvider: stats_nl_error_callback() 110: NL SOC receive error: No such process
07-12 20:43:00.824  1299  8047 E ANDR-PERF-LM: StatsProvider: sendRecvData() 267: nl_recvmsgs failed return=-12
07-12 20:43:00.824  1294  4415 I WifiHAL : event received NL80211_CMD_VENDOR, vendor_id = 0x1374, subcmd = 0xd
07-12 20:43:00.824  1299  8047 E ANDR-PERF-LM: StatsProvider: getPIDStats() 119: sendRecvData returned error = -4
07-12 20:43:01.031  1299  8046 E ANDR-PERF-LM: StatsProvider: stats_nl_error_callback() 110: NL SOC receive error: No such process
07-12 20:43:01.031  1299  8046 E ANDR-PERF-LM: StatsProvider: sendRecvData() 267: nl_recvmsgs failed return=-12
07-12 20:43:01.031  1299  8046 E ANDR-PERF-LM: StatsProvider: getPIDStats() 119: sendRecvData returned error = -4
07-12 20:43:01.116  1323  1323 E ORMS_HAL: open /sys/devices/platform/soc/soc:oplus-omrg/oplus-omrg0/ruler_enable failed(No such file or directory)
07-12 20:43:01.118  1299  1379 E ANDR-PERF-OPTSHANDLER: Perflock resource /sys/class/devfreq/soc:qcom,cpubw/bw_hwmon/io_percent not supported
07-12 20:43:01.118  1299  1379 E ANDR-PERF-RESOURCEQS: Failed to apply optimization [6, 2]
07-12 20:43:01.118  1299  1379 E ANDR-PERF-OPTSHANDLER: Perflock resource /sys/class/devfreq/soc:qcom,cpubw/bw_hwmon/sample_ms not supported
07-12 20:43:01.118  1299  1379 E ANDR-PERF-RESOURCEQS: Failed to apply optimization [6, 8]
07-12 20:43:01.118  1299  1379 E ANDR-PERF-OPTSHANDLER: Perflock resource SPECIAL_NODE - cpubw_hwmon_hyst_opt not supported
07-12 20:43:01.118  1299  1379 E ANDR-PERF-RESOURCEQS: Failed to apply optimization [6, 3]
07-12 20:43:01.118  1299  1379 E ANDR-PERF-OPTSHANDLER: Perflock resource /sys/class/devfreq/soc:qcom,cpubw/min_freq not supported
07-12 20:43:01.118  1299  1379 E ANDR-PERF-RESOURCEQS: Failed to apply optimization [6, 0]
07-12 20:43:01.118  1299  1379 E ANDR-PERF-OPTSHANDLER: Perflock resource /sys/class/devfreq/soc:qcom,cpubw/max_freq not supported
07-12 20:43:01.118  1299  1379 E ANDR-PERF-RESOURCEQS: Failed to apply optimization [6, 6]
07-12 20:43:01.124  1299  8047 E ANDR-PERF-LM: StatsProvider: stats_nl_error_callback() 110: NL SOC receive error: No such process
07-12 20:43:01.124  1299  8047 E ANDR-PERF-LM: StatsProvider: sendRecvData() 267: nl_recvmsgs failed return=-12
07-12 20:43:01.125  1299  8047 E ANDR-PERF-LM: StatsProvider: getPIDStats() 119: sendRecvData returned error = -4
07-12 20:43:01.201  1313  1313 D vendor.oplus.hardware.charger@1.0-service: wireless adapter power -1
07-12 20:43:01.212 10705 10705 D CompatibilityChangeReporter: Compat change id reported: 150939131; UID 10314; state: ENABLED
07-12 20:43:01.213  6134  6329 D AudioManagerExtImpl: getStreamVolume packageName=com.instagram.barcelona, index=0, streamType=3
07-12 20:43:01.213  6235 11030 D BatteryStatsManager: battery level change
07-12 20:43:01.213  6235 11030 E Battery : BatteryCardUtil: widgetCodes = null !
07-12 20:43:01.214  6235 11762 E Battery : ChargeProtectionUtils: First Alarm is Sat Jul 11 15:50:00 GMT+05:30 2026, nowRtc  = Sun Jul 12 20:43:01 GMT+05:30 2026, too close , ignore it.
07-12 20:43:01.216  7635  7659 D OplusAtlasService: getAttributeByAppName module:oplus-getStreamMaxVolume packageName:com.instagram.barcelona
07-12 20:43:01.218  7635  7659 D OplusAtlasService: getAttributeByAppName module:oplus-getStreamMaxVolume packageName:moe.rukamori.archivetune
07-12 20:43:01.220  6134  6329 D AudioManagerExtImpl: getStreamVolume packageName=com.instagram.barcelona, index=0, streamType=3
07-12 20:43:01.220  8894  8894 D AudioManagerExtImpl: getStreamVolume packageName=moe.rukamori.archivetune, index=0, streamType=3
07-12 20:43:01.220  7635  7659 D OplusAtlasService: getAttributeByAppName module:oplus-getStreamMaxVolume packageName:com.instagram.barcelona
07-12 20:43:01.221  7635  7659 D OplusAtlasService: getAttributeByAppName module:oplus-getStreamMaxVolume packageName:moe.rukamori.archivetune
07-12 20:43:01.223  8894  8894 D AudioManagerExtImpl: getStreamVolume packageName=moe.rukamori.archivetune, index=0, streamType=3
07-12 20:43:01.224  7635  7659 D OplusAtlasService: getAttributeByAppName module:oplus-getStreamMaxVolume packageName:moe.rukamori.archivetune
07-12 20:43:01.229  8894  8894 D AudioManagerExtImpl: getStreamVolume packageName=moe.rukamori.archivetune, index=0, streamType=3
07-12 20:43:01.231  7635  7659 D OplusAtlasService: getAttributeByAppName module:oplus-getStreamMaxVolume packageName:moe.rukamori.archivetune
07-12 20:43:01.233  8894  8894 D AudioManagerExtImpl: getStreamVolume packageName=moe.rukamori.archivetune, index=0, streamType=3
07-12 20:43:01.244  1383  1383 E CompositionEngine: map unknown (BT709 sRGB Full range)/(Unknown RenderIntent) to default color mode
07-12 20:43:01.325  1383  1383 E CompositionEngine: map unknown (BT709 sRGB Full range)/(Unknown RenderIntent) to default color mode
07-12 20:43:01.331  1299  8046 E ANDR-PERF-LM: StatsProvider: stats_nl_error_callback() 110: NL SOC receive error: No such process
07-12 20:43:01.331  1299  8046 E ANDR-PERF-LM: StatsProvider: sendRecvData() 267: nl_recvmsgs failed return=-12
07-12 20:43:01.331  1299  8046 E ANDR-PERF-LM: StatsProvider: getPIDStats() 119: sendRecvData returned error = -4
07-12 20:43:01.383 13410 13410 D nativeloader: Configuring clns-4 for other apk /data/app/~~x-Ji1TXCefncpZWXkTYBKQ==/com.pryvn.audiophile-451dUjQu1y8qCjA1jI3rBQ==/base.apk. target_sdk_version=35, uses_libraries=, library_path=/data/app/~~x-Ji1TXCefncpZWXkTYBKQ==/com.pryvn.audiophile-451dUjQu1y8qCjA1jI3rBQ==/lib/arm64:/data/app/~~x-Ji1TXCefncpZWXkTYBKQ==/com.pryvn.audiophile-451dUjQu1y8qCjA1jI3rBQ==/base.apk!/lib/arm64-v8a, permitted_path=/data:/mnt/expand:/data/user/0/com.pryvn.audiophile
07-12 20:43:01.384 13410 13410 I Quality : ActivityThread: createClassLoader delay 803 /data/app/~~x-Ji1TXCefncpZWXkTYBKQ==/com.pryvn.audiophile-451dUjQu1y8qCjA1jI3rBQ==/base.apk 13410
07-12 20:43:01.386 13410 13410 I Quality : ActivityThread: createOrUpdateClassLoaderLocked delay 806 com.pryvn.audiophile 13410
07-12 20:43:01.395 13410 13410 V GraphicsEnvironment: ANGLE Developer option for 'com.pryvn.audiophile' set to: 'default'
07-12 20:43:01.395 13410 13410 V GraphicsEnvironment: Neither updatable production driver nor prerelease driver is supported.
07-12 20:43:01.397 13410 13410 D NetworkSecurityConfig: No Network Security Config specified, using platform default
07-12 20:43:01.398 13410 13410 D NetworkSecurityConfig: No Network Security Config specified, using platform default
07-12 20:43:01.425  1299  8047 E ANDR-PERF-LM: StatsProvider: stats_nl_error_callback() 110: NL SOC receive error: No such process
07-12 20:43:01.425  1299  8047 E ANDR-PERF-LM: StatsProvider: sendRecvData() 267: nl_recvmsgs failed return=-12
07-12 20:43:01.425  1299  8047 E ANDR-PERF-LM: StatsProvider: getPIDStats() 119: sendRecvData returned error = -4
07-12 20:43:01.452 13410 13410 I MMKV    : Enable checkProcessMode()
07-12 20:43:01.453 13410 13410 D nativeloader: Load /data/app/~~x-Ji1TXCefncpZWXkTYBKQ==/com.pryvn.audiophile-451dUjQu1y8qCjA1jI3rBQ==/lib/arm64/libmmkv.so using class loader ns clns-4 (caller=/data/app/~~x-Ji1TXCefncpZWXkTYBKQ==/com.pryvn.audiophile-451dUjQu1y8qCjA1jI3rBQ==/base.apk!classes20.dex): ok
07-12 20:43:01.453 13410 13410 I MMKV    : current API level = 31, libc++_shared=0
07-12 20:43:01.453 13410 13410 I MMKV    : <MMKV.cpp:166::initialize> version v1.3.5, page size 4096, arch arm64-v8a
07-12 20:43:01.453 13410 13410 I MMKV    : <MMKV.cpp:177::initialize> armv8 AES instructions is supported
07-12 20:43:01.453 13410 13410 I MMKV    : <MMKV.cpp:185::initialize> armv8 CRC32 instructions is supported
07-12 20:43:01.453 13410 13410 I MMKV    : <MMKV.cpp:225::initializeMMKV> root dir: /data/user/0/com.pryvn.audiophile/files/mmkv
07-12 20:43:01.515 13410 13410 I MediaController: Init 178383c [AndroidXMedia3/1.4.0] [RMX2170L1, RMX2170, realme, 31]
07-12 20:43:01.539  3949  4019 D NetworkController.MobileSignalController(1): onMobileStatusChanged= updateTelephony=true mobileStatus=[activityIn=false,activityOut=false,dataSim=true,carrierNetworkChangeMode=false,dataState=0,serviceState=mVoiceRegState=0(IN_SERVICE), mDataRegState=0(IN_SERVICE),signalStrength=3,telephonyDisplayInfo=TelephonyDisplayInfo {network=IWLAN, override=NONE}]
07-12 20:43:01.547 13410 13410 I Quality : ActivityThread: bindApplication delay 1014 com.pryvn.audiophile 13410
07-12 20:43:01.548 13410 13423 I Quality : Blocked msg = Package name: com.pryvn.audiophile [ schedGroup: 5 schedPolicy: 0 ] process the message: { when=-1s37ms what=110 target=android.app.ActivityThread$H obj=AppBindData{appInfo=ApplicationInfo{f9bfa4b com.pryvn.audiophile}} } took 1014 ms
07-12 20:43:01.551  1323  1323 E ORMS_HAL: open /sys/devices/platform/soc/soc:oplus-omrg/oplus-omrg0/ruler_enable failed(No such file or directory)
