07-12 20:42:55.090 13229 13229 W System.err: 	at android.view.Choreographer.doFrame(Choreographer.java:934)
07-12 20:42:55.090 13229 13229 W System.err: 	at android.view.Choreographer$FrameDisplayEventReceiver.run(Choreographer.java:1217)
07-12 20:42:55.090 13229 13229 W System.err: 	at android.os.Handler.handleCallback(Handler.java:938)
07-12 20:42:55.090 13229 13229 W System.err: 	at android.os.Handler.dispatchMessage(Handler.java:99)
07-12 20:42:55.090 13229 13229 W System.err: 	at android.os.Looper.loopOnce(Looper.java:233)
07-12 20:42:55.090 13229 13229 W System.err: 	at android.os.Looper.loop(Looper.java:344)
07-12 20:42:55.090 13229 13229 W System.err: 	at android.app.ActivityThread.main(ActivityThread.java:8212)
07-12 20:42:55.091 13229 13229 W System.err: 	at java.lang.reflect.Method.invoke(Native Method)
07-12 20:42:55.091 13229 13229 W System.err: 	at com.android.internal.os.RuntimeInit$MethodAndArgsCaller.run(RuntimeInit.java:584)
07-12 20:42:55.091 13229 13229 W System.err: 	at com.android.internal.os.ZygoteInit.main(ZygoteInit.java:1034)
07-12 20:42:55.093  1299  1379 E ANDR-PERF-OPTSHANDLER: Perflock resource /sys/class/devfreq/soc:qcom,cpubw/bw_hwmon/io_percent not supported
07-12 20:42:55.093  1299  1379 E ANDR-PERF-RESOURCEQS: Failed to apply optimization [6, 2]
07-12 20:42:55.093  1299  1379 E ANDR-PERF-OPTSHANDLER: Perflock resource /sys/class/devfreq/soc:qcom,cpubw/bw_hwmon/sample_ms not supported
07-12 20:42:55.093  1299  1379 E ANDR-PERF-RESOURCEQS: Failed to apply optimization [6, 8]
07-12 20:42:55.093  1299  1379 E ANDR-PERF-OPTSHANDLER: Perflock resource SPECIAL_NODE - cpubw_hwmon_hyst_opt not supported
07-12 20:42:55.093  1299  1379 E ANDR-PERF-RESOURCEQS: Failed to apply optimization [6, 3]
07-12 20:42:55.093  1299  1379 E ANDR-PERF-OPTSHANDLER: Perflock resource /sys/class/devfreq/soc:qcom,cpubw/min_freq not supported
07-12 20:42:55.093  1299  1379 E ANDR-PERF-RESOURCEQS: Failed to apply optimization [6, 0]
07-12 20:42:55.093  1299  1379 E ANDR-PERF-OPTSHANDLER: Perflock resource /sys/class/devfreq/soc:qcom,cpubw/max_freq not supported
07-12 20:42:55.093  1299  1379 E ANDR-PERF-RESOURCEQS: Failed to apply optimization [6, 6]
07-12 20:42:55.097  1521  6512 I OplusHansManager : uid=10381, pkg=com.microsoft.appmanager can transition from M to F
07-12 20:42:55.097  1521  6512 I OplusHansManager : uid=10381, pkg=com.microsoft.appmanager F enter()
07-12 20:42:55.101  1521  6063 I ActivityTaskManager: START u0 {flg=0x10008000 cmp=com.pryvn.audiophile/.CrashActivity (has extras) mCallingUid=10524} from uid 10524
07-12 20:42:55.101  1521  6512 I OplusHansManager : freeze uid: 10381 com.microsoft.appmanager pids: [21531, 21910] scene: LcdOn
07-12 20:42:55.101  1323  1323 E ORMS_HAL: open /sys/devices/platform/soc/soc:oplus-omrg/oplus-omrg0/ruler_enable failed(No such file or directory)
07-12 20:42:55.103 11876 11887 D IHansComunication: HansComunication::addUid-- 10381
07-12 20:42:55.103 11876 11887 D IHansComunication: HANS sendMessageToKernel: threadId = 533636209840, netLinkSetup = 1, type = PKG, targetUid = 10381, pkgCmd = ADD_ONE_UID
07-12 20:42:55.104  1521  6512 I OplusHansManager : uid=10447, pkg=com.instagram.barcelona can transition from M to F
07-12 20:42:55.104  1521  6512 I OplusHansManager : uid=10447, pkg=com.instagram.barcelona F enter()
07-12 20:42:55.105  1299  1379 E ANDR-PERF-OPTSHANDLER: Perflock resource /sys/class/devfreq/soc:qcom,cpubw/bw_hwmon/io_percent not supported
07-12 20:42:55.105  1299  1379 E ANDR-PERF-RESOURCEQS: Failed to apply optimization [6, 2]
07-12 20:42:55.105  1299  1379 E ANDR-PERF-OPTSHANDLER: Perflock resource /sys/class/devfreq/soc:qcom,cpubw/bw_hwmon/sample_ms not supported
07-12 20:42:55.105  1299  1379 E ANDR-PERF-RESOURCEQS: Failed to apply optimization [6, 8]
07-12 20:42:55.105  1299  1379 E ANDR-PERF-OPTSHANDLER: Perflock resource SPECIAL_NODE - cpubw_hwmon_hyst_opt not supported
07-12 20:42:55.105  1299  1379 E ANDR-PERF-RESOURCEQS: Failed to apply optimization [6, 3]
07-12 20:42:55.105  1299  1379 E ANDR-PERF-OPTSHANDLER: Perflock resource /sys/class/devfreq/soc:qcom,cpubw/min_freq not supported
07-12 20:42:55.105  1299  1379 E ANDR-PERF-RESOURCEQS: Failed to apply optimization [6, 0]
07-12 20:42:55.106  1299  1379 E ANDR-PERF-OPTSHANDLER: Perflock resource /sys/class/devfreq/soc:qcom,cpubw/max_freq not supported
07-12 20:42:55.106  1299  1379 E ANDR-PERF-RESOURCEQS: Failed to apply optimization [6, 6]
07-12 20:42:55.106  1521 13270 I DeepThinkerSDK: [APP] ClientConnection: getDeepThinkerBridge start
07-12 20:42:55.106  1521 13270 I DeepThinkerSDK: [APP] ClientConnection: getDeepThinkerBridge end
07-12 20:42:55.108  1521  6512 I OplusHansManager : freeze uid: 10447 com.instagram.barcelona pids: [6134] scene: LcdOn
07-12 20:42:55.110  1299  1299 E vendor.qti.hardware.perf@2.2-service: Unknown params
07-12 20:42:55.111  1299  1299 E vendor.qti.hardware.perf@2.2-service: Unknown params
07-12 20:42:55.112  1299  8050 E ANDR-PERF-LM: ThreadHelper: thread_callback() 145: More than one pending updates!!! This should not happen. MeterMgr should avoid this case.
07-12 20:42:55.112  1299  1299 E vendor.qti.hardware.perf@2.2-service: Unknown params
07-12 20:42:55.112  1299  1380 E ANDR-PERF-LM: MetaMeter: handleAsync() 164: AdaptLaunch Invalid Async
07-12 20:42:55.112  1299  1299 E vendor.qti.hardware.perf@2.2-service: Unknown params
07-12 20:42:55.113  1299  1380 E ANDR-PERF-LM: MetaMeter: handleAsync() 164: AdaptLaunch Invalid Async
07-12 20:42:55.113  1299  1380 E ANDR-PERF-LM: MetaMeter: handleAsync() 164: AdaptLaunch Invalid Async
07-12 20:42:55.113   606   606 I hwservicemanager: getTransport: Cannot find entry vendor.qti.hardware.iop@2.0::IIop/default in either framework or device VINTF manifest.
07-12 20:42:55.115  1521  6512 I OplusHansManager : uid=10400, pkg=com.microsoft.teams can transition from M to F
07-12 20:42:55.115  1521  6512 I OplusHansManager : uid=10400, pkg=com.microsoft.teams F enter()
07-12 20:42:55.116  1521  6512 I OplusHansManager : freeze uid: 10400 com.microsoft.teams pids: [8154] scene: LcdOn
07-12 20:42:55.120  1521  6063 D OplusZoomWindowRUSConfigManager: isSupportZoomModeWithPolicyLocked: target = com.pryvn.audiophile/.CrashActivity
07-12 20:42:55.120  1521  6063 D OplusZoomWindowRUSConfigManager: targetPkg = com.pryvn.audiophile
07-12 20:42:55.120  1521  6063 V OplusZoomWindowManagerService: unSupportZoom: false ,callingPid: 13229 ,sourceStack: null
07-12 20:42:55.122  1521  6063 D ActivityTrigger: ActivityTrigger activityPauseTrigger 
07-12 20:42:55.124  1299  1299 E vendor.qti.hardware.perf@2.2-service: Unknown params
07-12 20:42:55.128  1521  6063 D CompactWindowManagerService: onOriginListAdded child: ActivityRecord{8f5e97e u0 com.pryvn.audiophile/.CrashActivity t1650}; parent: Task{8ab6df0 #1650 type=standard A=10524:com.pryvn.audiophile U=0 visible=true mode=fullscreen translucent=true sz=2}
07-12 20:42:55.128  1521  6063 D TaskExtImpl: add ActivityRecord{8f5e97e u0 com.pryvn.audiophile/.CrashActivity t1650} to mActivityRecordSum = Counter{ com.pryvn.audiophile/.MainActivity(1) com.pryvn.audiophile/.CrashActivity(1) }
07-12 20:42:55.129  1521  6063 D ActivityTaskManager: getStartingWindowType: newTask=true, taskSwitch=false, processRunning=true, allowTaskSnapshot=true, activityCreated=false, snapshot=null, record:ActivityRecord{8f5e97e u0 com.pryvn.audiophile/.CrashActivity t1650}
07-12 20:42:55.131  1383  1383 D OplusMovieIdle: updateLayerStacks,mOmiSupport is not supoort
07-12 20:42:55.132  1383  1383 E CompositionEngine: map unknown (BT709 sRGB Full range)/(Unknown RenderIntent) to default color mode
07-12 20:42:55.139  1521  6063 D OplusStartingWindowManager: window attributes color: 0 icon null duration 0 brandImage null
07-12 20:42:55.140  1521  6063 D OplusZoomWindowRUSConfigManager: isSupportZoomModeWithPolicyLocked: target = com.pryvn.audiophile/.CrashActivity
07-12 20:42:55.140  1521  6063 D OplusZoomWindowRUSConfigManager: targetPkg = com.pryvn.audiophile
07-12 20:42:55.140  1521  6063 V OplusZoomWindowManagerService: unSupportZoom: false ,callingPid: 13229 ,sourceStack: null
07-12 20:42:55.148  1521  6901 D OplusAppListInterceptManager: shouldFilterTask
07-12 20:42:55.148  1521  6901 D OplusAppListInterceptManager: shouldFilterTask::packageName = com.pryvn.audiophile
07-12 20:42:55.148  1521  6901 D OplusAppListInterceptManager: shouldFilterTask
07-12 20:42:55.148  1521  6901 D OplusAppListInterceptManager: shouldFilterTask::packageName = com.instagram.android
07-12 20:42:55.148  1521  6901 D OplusAppListInterceptManager: shouldFilterTask
07-12 20:42:55.148  1521  6901 D OplusAppListInterceptManager: shouldFilterTask::packageName = moe.rukamori.archivetune
07-12 20:42:55.148  1521  6901 D OplusAppListInterceptManager: shouldFilterTask
07-12 20:42:55.148  1521  6901 D OplusAppListInterceptManager: shouldFilterTask::packageName = com.oplus.camera
07-12 20:42:55.148  1521  6901 D OplusAppListInterceptManager: shouldFilterTask
07-12 20:42:55.148  1521  6901 D OplusAppListInterceptManager: shouldFilterTask::packageName = com.coloros.alarmclock
07-12 20:42:55.148  1521  6901 D OplusAppListInterceptManager: shouldFilterTask
07-12 20:42:55.148  1521  6901 D OplusAppListInterceptManager: shouldFilterTask::packageName = com.github.android
07-12 20:42:55.149  1521  6901 W AthenaService: BaseAppCare: recently lock apps is null
07-12 20:42:55.150  1521  6901 W AthenaService: BaseAppCare: high priority do not take effect on this memory machine
07-12 20:42:55.151  1521  6496 D OplusAppStartupMonitor: notifyUnstableAppInfo: Bundle[{unstableTime=1783869175150, reason=crash, userId=0, safecenter=unstable, exceptionMsg=No static method layout$default(Landroidx/compose/ui/layout/MeasureScope;IILjava/util/Map;Lkotlin/jvm/functions/Function1;ILjava/lang/Object;)Landroidx/compose/ui/layout/MeasureResult; in class Landroidx/compose/ui/layout/MeasureScope; or its super classes (declaration of 'androidx.compose.ui.layout.MeasureScope' appears in /data/app/~~x-Ji1TXCefncpZWXkTYBKQ==/com.pryvn.audiophile-451dUjQu1y8qCjA1jI3rBQ==/base.apk!classes18.dex), exceptionClass=java.lang.NoSuchMethodError, packageName=com.pryvn.audiophile, unstable_restrict_switch=true}]
07-12 20:42:55.154  1521 13270 I DeepThinkerSDK: [APP] ClientConnection: getDeepThinkerBridge start
07-12 20:42:55.154  1521 13270 I DeepThinkerSDK: [APP] ClientConnection: getDeepThinkerBridge end
07-12 20:42:55.155 10905 20387 I Athena  : StartupManager: onUpdateUnstableRecord: unstable crash!
07-12 20:42:55.156  1521  6901 D OplusAppListInterceptManager: shouldFilterTask
07-12 20:42:55.156  1521  6901 D OplusAppListInterceptManager: shouldFilterTask::packageName = com.pryvn.audiophile
07-12 20:42:55.156  1521  6901 D OplusAppListInterceptManager: shouldFilterTask
07-12 20:42:55.156  1521  6901 D OplusAppListInterceptManager: shouldFilterTask::packageName = com.instagram.android
07-12 20:42:55.156  1521  6901 D OplusAppListInterceptManager: shouldFilterTask
07-12 20:42:55.156  1521  6901 D OplusAppListInterceptManager: shouldFilterTask::packageName = moe.rukamori.archivetune
07-12 20:42:55.156  1521  6901 D OplusAppListInterceptManager: shouldFilterTask
07-12 20:42:55.156  1521  6901 D OplusAppListInterceptManager: shouldFilterTask::packageName = com.oplus.camera
07-12 20:42:55.156  1521  6901 D OplusAppListInterceptManager: shouldFilterTask
07-12 20:42:55.156  1521  6901 D OplusAppListInterceptManager: shouldFilterTask::packageName = com.coloros.alarmclock
07-12 20:42:55.156  1521  6901 D OplusAppListInterceptManager: shouldFilterTask
07-12 20:42:55.156  1521  6901 D OplusAppListInterceptManager: shouldFilterTask::packageName = com.github.android
07-12 20:42:55.157  1521  6901 W AthenaService: BaseAppCare: recently used mini program is empty
07-12 20:42:55.157  1521  6901 D OplusAppListInterceptManager: shouldFilterTask
07-12 20:42:55.157  1521  6901 D OplusAppListInterceptManager: shouldFilterTask::packageName = com.pryvn.audiophile
07-12 20:42:55.157  1521  6901 D OplusAppListInterceptManager: shouldFilterTask
07-12 20:42:55.157  1521  6901 D OplusAppListInterceptManager: shouldFilterTask::packageName = com.instagram.android
07-12 20:42:55.157  1521  6901 D OplusAppListInterceptManager: shouldFilterTask
07-12 20:42:55.157  1521  6901 D OplusAppListInterceptManager: shouldFilterTask::packageName = moe.rukamori.archivetune
07-12 20:42:55.157  1521  6901 D OplusAppListInterceptManager: shouldFilterTask
07-12 20:42:55.157  1521  6901 D OplusAppListInterceptManager: shouldFilterTask::packageName = com.oplus.camera
07-12 20:42:55.157  1521  6901 D OplusAppListInterceptManager: shouldFilterTask
07-12 20:42:55.157  1521  6901 D OplusAppListInterceptManager: shouldFilterTask::packageName = com.coloros.alarmclock
07-12 20:42:55.157  1521  6901 D OplusAppListInterceptManager: shouldFilterTask
07-12 20:42:55.157  1521  6901 D OplusAppListInterceptManager: shouldFilterTask::packageName = com.github.android
07-12 20:42:55.159  1521 13270 I DeepThinkerSDK: [APP] ClientConnection: getDeepThinkerBridge start
07-12 20:42:55.159  1521 13270 I DeepThinkerSDK: [APP] ClientConnection: getDeepThinkerBridge end
07-12 20:42:55.161  1521  6063 D OplusAmsUtilsFeatrue: detectExceptionsForOIDT type:0
07-12 20:42:55.164  1521 13270 I DeepThinkerSDK: [APP] ClientConnection: getDeepThinkerBridge start
07-12 20:42:55.164  1521 13270 I DeepThinkerSDK: [APP] ClientConnection: getDeepThinkerBridge end
07-12 20:42:55.164  1383  1383 D OplusMovieIdle: updateLayerStacks,mOmiSupport is not supoort
07-12 20:42:55.165  1521 13275 I DropBoxManagerService: add tag=data_app_crash isTagEnabled=true flags=0x2
07-12 20:42:55.165  1383  1383 E CompositionEngine: map unknown (BT709 sRGB Full range)/(Unknown RenderIntent) to default color mode
07-12 20:42:55.167  1521 13270 I DeepThinkerSDK: [APP] ClientConnection: getDeepThinkerBridge start
07-12 20:42:55.167  1521 13270 I DeepThinkerSDK: [APP] ClientConnection: getDeepThinkerBridge end
07-12 20:42:55.175 13229 13229 I Process : Sending signal. PID: 13229 SIG: 9
07-12 20:42:55.179  1383  1383 E CompositionEngine: map unknown (BT709 sRGB Full range)/(Unknown RenderIntent) to default color mode
07-12 20:42:55.185  1521  6901 I AthenaService: MemoryGuardAction: purposeMemory 1200, need to release 306MB
07-12 20:42:55.188  1521  6901 I AthenaService: OplusClearSystemService : K [12585][10139][com.android.chrome:privileged_process0], reason: 392, notes: Pair{0 0}, 22MB, 92MB, FastClear[11]
07-12 20:42:55.188  1521  6901 W AthenaService: OplusClearSystemService : Killing 12585 com.android.chrome:privileged_process0(0), o-kill(392) Pair{0 0}, 22MB, 92MB, FastClear[11]
07-12 20:42:55.188  1521  6901 I Process : Sending signal. PID: 12585 SIG: 9
07-12 20:42:55.188  1521  6901 I AthenaService: OplusClearSystemService : K [12539][10139][com.android.chrome], reason: 392, notes: Pair{0 0}, 77MB, 184MB, FastClear[11]
07-12 20:42:55.188  1521  6901 W AthenaService: OplusClearSystemService : Killing 12539 com.android.chrome(0), o-kill(392) Pair{0 0}, 77MB, 184MB, FastClear[11]
07-12 20:42:55.188  1521  6901 I Process : Sending signal. PID: 12539 SIG: 9
07-12 20:42:55.189  1521  6901 I AthenaService: OplusClearSystemService : K [12629][90001][com.android.chrome:sandboxed_process0:org.chromium.content.app.SandboxedProcessService0:0], reason: 392, notes: Pair{0 0}, 22MB, 91MB, FastClear[11]
07-12 20:42:55.189  1521  6901 W AthenaService: OplusClearSystemService : Killing 12629 com.android.chrome:sandboxed_process0:org.chromium.content.app.SandboxedProcessService0:0(0), o-kill(392) Pair{0 0}, 22MB, 91MB, FastClear[11]
07-12 20:42:55.189  1521  6901 I Process : Sending signal. PID: 12629 SIG: 9
07-12 20:42:55.190  1521 13275 D DropBoxManagerService: file :: /data/system/dropbox/data_app_crash@1783869175182.txt
07-12 20:42:55.193  1521  6901 I AthenaService: OplusClearSystemService : K [8154][10400][com.microsoft.teams], reason: 392, notes: Pair{0 0}, 29MB, 116MB, FastClear[11]
07-12 20:42:55.193  1521  6901 W AthenaService: OplusClearSystemService : Killing 8154 com.microsoft.teams(0), o-kill(392) Pair{0 0}, 29MB, 116MB, FastClear[11]
07-12 20:42:55.194  1521  6901 I Process : Sending signal. PID: 8154 SIG: 9
07-12 20:42:55.197  1521  6063 W OplusSelfProtectManager: pkg[com.oplus.crashbox] not in policy list
07-12 20:42:55.197  1521  6901 I AthenaService: OplusClearSystemService : K [11790][10182][com.coloros.phonemanager], reason: 392, notes: Pair{0 0}, 28MB, 108MB, FastClear[11]
07-12 20:42:55.197  1521  6901 W AthenaService: OplusClearSystemService : Killing 11790 com.coloros.phonemanager(0), o-kill(392) Pair{0 0}, 28MB, 108MB, FastClear[11]
07-12 20:42:55.197  1521  6901 I Process : Sending signal. PID: 11790 SIG: 9
07-12 20:42:55.199  1521  6901 I AthenaService: OplusClearSystemService : K [11973][10284][com.grofers.customerapp], reason: 392, notes: Pair{0 0}, 34MB, 99MB, FastClear[11]
07-12 20:42:55.199  1521  6901 W AthenaService: OplusClearSystemService : Killing 11973 com.grofers.customerapp(0), o-kill(392) Pair{0 0}, 34MB, 99MB, FastClear[11]
07-12 20:42:55.199  1521  6901 I Process : Sending signal. PID: 11973 SIG: 9
07-12 20:42:55.201  1521  6901 I AthenaService: OplusClearSystemService : K [13089][10171][com.coloros.weather.service], reason: 392, notes: Pair{0 0}, 33MB, 98MB, FastClear[11]
07-12 20:42:55.201  1521  6901 W AthenaService: OplusClearSystemService : Killing 13089 com.coloros.weather.service(0), o-kill(392) Pair{0 0}, 33MB, 98MB, FastClear[11]
07-12 20:42:55.201  1521  6901 I Process : Sending signal. PID: 13089 SIG: 9
07-12 20:42:55.203  1521  6901 I AthenaService: OplusClearSystemService : K [9628][10282][in.amazon.mShop.android.shopping], reason: 392, notes: Pair{0 0}, 38MB, 97MB, FastClear[11]
07-12 20:42:55.203  1521  1521 W OplusSelfProtectManager: pkg[com.oplus.crashbox] not in policy list
07-12 20:42:55.204 11876 11885 E IHansComunication: HANS printMessageBody: RCVed message body: type = 3, port = 86870, caller_pid = 1521, caller_uid = 1000, target_pid = 8154, target_uid = 10400, pkg_cmd = -1
07-12 20:42:55.204 11876 11885 E IHansComunication: HANS printMessageBody: RCVed message body: type = 3, port = 86870, caller_pid = 1521, caller_uid = 1000, target_pid = 11973, target_uid = 10284, pkg_cmd = -1
07-12 20:42:55.204  1521  6901 W AthenaService: OplusClearSystemService : Killing 9628 in.amazon.mShop.android.shopping(0), o-kill(392) Pair{0 0}, 38MB, 97MB, FastClear[11]
07-12 20:42:55.204  1521  6901 I Process : Sending signal. PID: 9628 SIG: 9
07-12 20:42:55.204 11876 11885 E IHansComunication: HANS printMessageBody: RCVed message body: type = 3, port = 86870, caller_pid = 1521, caller_uid = 1000, target_pid = 9628, target_uid = 10282, pkg_cmd = -1
07-12 20:42:55.206  1521  2726 W BroadcastQueue: Background execution not allowed: receiving Intent { act=android.intent.action.DROPBOX_ENTRY_ADDED flg=0x10 (has extras) } to com.google.android.gms/.stats.service.DropBoxEntryAddedReceiver
07-12 20:42:55.206  1521  6513 I OplusHansManager : unfreeze uid: 10400 com.microsoft.teams pids: [8154] reason: Signal scene: LcdOn
07-12 20:42:55.207  1521  6901 I AthenaService: OplusClearSystemService : K [9465][10383][in.swiggy.android.instamart], reason: 392, notes: Pair{0 0}, 30MB, 95MB, FastClear[11]
07-12 20:42:55.207  1521  6901 W AthenaService: OplusClearSystemService : Killing 9465 in.swiggy.android.instamart(0), o-kill(392) Pair{0 0}, 30MB, 95MB, FastClear[11]
07-12 20:42:55.207  1521  6901 I Process : Sending signal. PID: 9465 SIG: 9
07-12 20:42:55.208 11876 11885 E IHansComunication: HANS printMessageBody: RCVed message body: type = 3, port = 86870, caller_pid = 1521, caller_uid = 1000, target_pid = 9465, target_uid = 10383, pkg_cmd = -1
07-12 20:42:55.208  1521  6512 I OplusHansManager : uid=10400, pkg=com.microsoft.teams, transition from Frozen to Middle, reason=Signal
07-12 20:42:55.208  1521  6512 I OplusHansManager : uid=10400, pkg=com.microsoft.teams F exit(), reason=Signal
07-12 20:42:55.209  1521  6809 D OplusAnrCrashMonitor: bind to service from AnrCrashParams{ Tag=data_app_crash, id=3195dcf}
07-12 20:42:55.209  1521  6901 I AthenaService: MemoryGuardAction: [11] memory is enough, not to release memory
07-12 20:42:55.209  1521  6901 I AthenaService: MemoryGuardAction:  killed 9, reclaimed 313MB(980MB), target 306MB
07-12 20:42:55.209  1521  6901 W AthenaService: MemoryGuardAction: completed max clear round
07-12 20:42:55.209  1521  6901 I AthenaService: MemoryGuardAction: check & kill orphan process...
07-12 20:42:55.209  1521  6901 I AthenaService: MemoryGuardAction: none orphan process found.
07-12 20:42:55.210  1521  6063 D DisplayManagerService: Display listener for pid 13229 died.
07-12 20:42:55.211  1521  6067 I WindowManager: WIN DEATH: Window{708ac07 u0 com.pryvn.audiophile/com.pryvn.audiophile.MainActivity}
07-12 20:42:55.211  1521  6901 I AthenaService: MemoryGuardAction: [FINISH] type: 392[11], 978MB, 1200MB, 120MB, appcare=59, fast=true, 206ms
07-12 20:42:55.211  3779  3779 I adbd    : Remote process closed the socket (on MSG_PEEK)
07-12 20:42:55.212  1521  6067 W InputManager-JNI: Input channel object '708ac07 com.pryvn.audiophile/com.pryvn.audiophile.MainActivity (client)' was disposed without first being removed with the input manager!
07-12 20:42:55.214  1521  1521 W OplusSelfProtectManager: pkg[com.oplus.crashbox] not in policy list
07-12 20:42:55.214  1521  2720 I libprocessgroup: Successfully killed process cgroup uid 10524 pid 13229 in 0ms
07-12 20:42:55.215  1143  1143 I Zygote  : Process 13229 exited due to signal 9 (Killed)
07-12 20:42:55.216  1521  1521 W OplusSelfProtectManager: pkg[com.oplus.crashbox] not in policy list
07-12 20:42:55.216  1521  6513 I OplusHansManager : unfreeze uid: 10284 com.grofers.customerapp pids: [11973] reason: Signal scene: LcdOn
07-12 20:42:55.218  1521  6512 I OplusHansManager : uid=10284, pkg=com.grofers.customerapp, transition from Frozen to Middle, reason=Signal
07-12 20:42:55.218  1521  6063 D TheiaManager: com.android.server.wm.OplusWindowManagerService@521e951 getDeclaredField : com.android.server.wm.WindowManagerService.mRoot
07-12 20:42:55.218  1521  6512 I OplusHansManager : uid=10284, pkg=com.grofers.customerapp F exit(), reason=Signal
07-12 20:42:55.218  1521  6946 D OplusProxyWakeLock: remove uid: 10400 wiht all pids from wakelockUidInfo list
07-12 20:42:55.218  1521  6946 D OplusProxyWakeLock: remove uid: 10284 wiht all pids from wakelockUidInfo list
07-12 20:42:55.220  1521  6513 I OplusHansManager : unfreeze uid: 10282 in.amazon.mShop.android.shopping pids: [9628] reason: Signal scene: LcdOn
07-12 20:42:55.221  7669  7687 W CrashBox_FileUtils: failed to get Info: exists=false, canRead=false
07-12 20:42:55.222  1521  1521 W OplusSelfProtectManager: pkg[com.oplus.crashbox] not in policy list
07-12 20:42:55.223  1521  6512 I OplusHansManager : uid=10282, pkg=in.amazon.mShop.android.shopping, transition from Frozen to Middle, reason=Signal
07-12 20:42:55.223  1521  6512 I OplusHansManager : uid=10282, pkg=in.amazon.mShop.android.shopping F exit(), reason=Signal
07-12 20:42:55.223  1521  6946 D OplusProxyWakeLock: remove uid: 10282 wiht all pids from wakelockUidInfo list
07-12 20:42:55.225  1521  6513 I OplusHansManager : unfreeze uid: 10383 in.swiggy.android.instamart pids: [9465] reason: Signal scene: LcdOn
07-12 20:42:55.225  1521  6512 I OplusHansManager : uid=10383, pkg=in.swiggy.android.instamart, transition from Frozen to Middle, reason=Signal
07-12 20:42:55.226  1521  6512 I OplusHansManager : uid=10383, pkg=in.swiggy.android.instamart F exit(), reason=Signal
07-12 20:42:55.226  1521  6946 D OplusProxyWakeLock: remove uid: 10383 wiht all pids from wakelockUidInfo list
07-12 20:42:55.227  1383  1383 D OplusLayer: ~Layer() sequence=38328, name=708ac07 com.pryvn.audiophile/com.pryvn.audiophile.MainActivity#0 0xb4000076b6073a00
07-12 20:42:55.226  1521  6063 D TheiaManager: com.android.server.wm.RootWindowContainer@e820e60 callDeclaredMethod : com.android.server.wm.RootWindowContainer.getTopFocusedDisplayContent param[] null args[]null
07-12 20:42:55.228  1521 13276 W OplusSelfProtectManager: pkg[com.oplus.crashbox] not in policy list
07-12 20:42:55.228  1521  6063 D TheiaManager: Display 0 info=DisplayInfo{"Built-in screen", displayId 0", displayGroupId 0, FLAG_SECURE, FLAG_SUPPORTS_PROTECTED_BUFFERS, FLAG_TRUSTED, real 1080 x 2400, largest app 2290 x 2242, smallest app 1080 x 924, appVsyncOff 1000000, presDeadline 16393442, mode 1, defaultMode 1, modes [{id=1, width=1080, height=2400, fps=61.000004, alternativeRefreshRates=[]}], hdrCapabilities HdrCapabilities{mSupportedHdrTypes=[2, 3, 4], mMaxLuminance=500.0, mMaxAverageLuminance=500.0, mMinLuminance=0.0}, userDisabledHdrTypes [], minimalPostProcessingSupported false, rotation 0, state ON, type INTERNAL, uniqueId "local:4630946962717273473", app 1080 x 2242, density 480 (409.432 x 409.127) dpi, layerStack 0, colorMode 0, supportedColorModes [0, 7, 9], address {port=129, model=0x40446dba0e6fed}, deviceProductInfo DeviceProductInfo{name=, manufacturerPnpId=QCM, productId=1, modelYear=null, manufactureDate=ManufactureDate{week=27, year=2006}, connectionToSinkType=0}, removeMode 0, refreshRateOverride 0.0, brightnessMinimum 0.0, brightnessMaximum 1.0, brightnessDefault 1600.0} rootTasks=[WindowedMagnification:0:31@238532939, HideDisplayCutout:32:55@144431886, Leaf:56:57@86568201, HideDisplayCutout:58:99@26778422, Leaf:100:100@36533457] getDeclaredField : com.android.server.wm.DisplayContent.mFocusedApp
07-12 20:42:55.228  1521  6063 D TheiaManager: ActivityRecord{41d1f69 u0 com.pryvn.audiophile/.MainActivity t1650 f}} callDeclaredMethod : com.android.server.wm.ActivityRecord.getPid param[] null args[]null
07-12 20:42:55.229  1521  6063 E TheiaManager: [tagL]: calling catchLog()..., focusedPid:13229 pids:[13229]
07-12 20:42:55.229  1521  6063 D TheiaManager: No stackTrace found in args
07-12 20:42:55.229  1521  6063 D TheiaManager: KEY:logTypeVALUE:ApplicationFGCrash
07-12 20:42:55.229  1521  6063 D TheiaManager: KEY:deadMomentVALUE:1783869175218
07-12 20:42:55.229  1521  6063 D TheiaManager: KEY:appNameVALUE:Audiophile
07-12 20:42:55.229  1521  6063 D TheiaManager: KEY:packageVersionVALUE:1.1.0
07-12 20:42:55.229  1521  6063 D TheiaManager: KEY:packageNameVALUE:com.pryvn.audiophile
07-12 20:42:55.230  1521 11862 D TheiaSocketClient: TheiaSend receive content : 4298113028:ApplicationFGCrash:1783869175229
07-12 20:42:55.230  1521  6063 D TheiaCrashMonitor: com.pryvn.audiophilecrash
07-12 20:42:55.230  1521 11862 D TheiaSocketClient: send message success
07-12 20:42:55.230  1521  6063 I ActivityManager: Process com.pryvn.audiophile (pid 13229) has died: fg  TOP 
07-12 20:42:55.230  1383  1383 D OplusMovieIdle: updateLayerStacks,mOmiSupport is not supoort
07-12 20:42:55.230  1383  1383 E CompositionEngine: map unknown (BT709 sRGB Full range)/(Unknown RenderIntent) to default color mode
07-12 20:42:55.231  1892 11981 I theia_socket: recv 4298113028:ApplicationFGCrash:1783869175229
07-12 20:42:55.231  1892 11981 I theia_socket: nowEvent is not KeyEvent
07-12 20:42:55.241  1521  6063 W ContextImpl: Calling a method in the system process without a qualified user: android.app.ContextImpl.sendBroadcast:1175 com.android.server.am.OplusExtraActivityManagerService.setKeyLockModeNormal:51 com.android.server.am.ActivityManagerServiceExtImpl.setKeyLockModeNormal:851 com.android.server.am.ActivityManagerService.appDiedLocked:3389 com.android.server.am.ActivityManagerService$AppDeathRecipient.binderDied:1531 
07-12 20:42:55.246  1521  6946 I OplusHansManager : onUidGone(), 10524 com.pryvn.audiophile exit SM
07-12 20:42:55.246 11133  6863 V DeepThinker: ProcessManager: onProcessDied pid:13229, uid:10524
07-12 20:42:55.246 12387 12387 I Zygote  : Process 12629 exited due to signal 9 (Killed)
07-12 20:42:55.252  1521  6063 V OplusZoomWindowManagerService: onAnimationFinished:  r = ActivityRecord{41d1f69 u0 com.pryvn.audiophile/.MainActivity t1650 f}}
07-12 20:42:55.253  1521  6063 D TaskExtImpl: remove ActivityRecord{41d1f69 u0 com.pryvn.audiophile/.MainActivity t-1 f}} to mActivityRecordSum = Counter{ com.pryvn.audiophile/.CrashActivity(1) }
07-12 20:42:55.255  1521  6063 I OplusAccessController: enter isIgnoreAppSwitchActivity
07-12 20:42:55.255  1521  6063 I OplusAccessController: enter isIgnoreAppSwitchActivity and intent != null
07-12 20:42:55.255  1521  6063 I OplusAccessController: enter isIgnoreAppSwitchActivity and componentName != null
07-12 20:42:55.255  1521  6063 I OplusAccessController: enter isIgnoreAppSwitchActivity and packageName&activity is not Empty
07-12 20:42:55.255  1521  6063 V SensorManager: call sensorServiceCommonInterface name: setScreenShotDisable
07-12 20:42:55.255  1521  6063 D SensorService: SensorService sensorServiceCommonInterface = setScreenShotDisable
07-12 20:42:55.255  1521  6063 D SensorServiceImpl: SensorServiceExtImpl sensorServiceCommonInterface funcName= setScreenShotDisable , flag =0, status =0
07-12 20:42:55.261  1383  1383 D OplusMovieIdle: updateLayerStacks,mOmiSupport is not supoort
07-12 20:42:55.261  1383  1383 E CompositionEngine: map unknown (BT709 sRGB Full range)/(Unknown RenderIntent) to default color mode
07-12 20:42:55.262  1521  2705 W ActivityManager: setHasOverlayUi called on unknown pid: 13229
07-12 20:42:55.267  1521  6067 W Process : Unable to open /proc/12629/status
07-12 20:42:55.267  1521  6067 I ActivityManager: Process com.android.chrome:sandboxed_process0:org.chromium.content.app.SandboxedProcessService0:0 (pid 12629) has died: cch+65 CEM 
07-12 20:42:55.267  1521  2720 I libprocessgroup: Successfully killed process cgroup uid 90001 pid 12629 in 0ms
07-12 20:42:55.267  1521  6067 W ContextImpl: Calling a method in the system process without a qualified user: android.app.ContextImpl.sendBroadcast:1175 com.android.server.am.OplusExtraActivityManagerService.setKeyLockModeNormal:51 com.android.server.am.ActivityManagerServiceExtImpl.setKeyLockModeNormal:851 com.android.server.am.ActivityManagerService.appDiedLocked:3389 com.android.server.am.ActivityManagerService$AppDeathRecipient.binderDied:1531 
07-12 20:42:55.268   606   606 I hwservicemanager: getTransport: Cannot find entry vendor.qti.hardware.iop@2.0::IIop/default in either framework or device VINTF manifest.
07-12 20:42:55.268  1521  6067 W ActivityManager: Scheduling restart of crashed service com.android.chrome/org.chromium.content.app.SandboxedProcessService0:0 in 1000ms for connection
07-12 20:42:55.269 11133  6863 V DeepThinker: ProcessManager: onProcessDied pid:12629, uid:10139
07-12 20:42:55.277  1383  1383 D OplusLayer: ~Layer() sequence=38320, name=ActivityRecord{41d1f69 u0 com.pryvn.audiophile/.MainActivity#0 0xb4000076b909be80
07-12 20:42:55.279 11876 11885 E IHansComunication: HANS printMessageBody: RCVed message body: type = 0, port = 86870, caller_pid = 1521, caller_uid = 1000, target_pid = 21116, target_uid = 10437, pkg_cmd = -1
07-12 20:42:55.279  1383  1383 D OplusMovieIdle: updateLayerStacks,mOmiSupport is not supoort
07-12 20:42:55.280  1521  6513 I OplusHansManager : unfreeze uid: 10437 pl.lambada.songsync pids: [21116] reason: AsyncBinder scene: LcdOn
07-12 20:42:55.280  1383  1383 E CompositionEngine: map unknown (BT709 sRGB Full range)/(Unknown RenderIntent) to default color mode
07-12 20:42:55.280  1521  6512 I OplusHansManager : uid=10437, pkg=pl.lambada.songsync, transition from Frozen to Middle, reason=AsyncBinder
07-12 20:42:55.280  1521  6512 I OplusHansManager : uid=10437, pkg=pl.lambada.songsync F exit(), reason=AsyncBinder
07-12 20:42:55.280  1521  6946 D OplusProxyWakeLock: remove uid: 10437 wiht all pids from wakelockUidInfo list
07-12 20:42:55.284 17304 17304 I GoogleTTSServiceImpl: Cache enabled: true
07-12 20:42:55.284 17304 17304 I LocalSynthesizer: #onTrimMemory
07-12 20:42:55.286 11876 11885 E IHansComunication: HANS printMessageBody: RCVed message body: type = 0, port = 86870, caller_pid = 1521, caller_uid = 1000, target_pid = 21910, target_uid = 10381, pkg_cmd = -1
07-12 20:42:55.287  1521  6513 I OplusHansManager : unfreeze uid: 10381 com.microsoft.appmanager pids: [21531, 21910] reason: AsyncBinder scene: LcdOn
07-12 20:42:55.288  1521  6512 I OplusHansManager : uid=10381, pkg=com.microsoft.appmanager, transition from Frozen to Middle, reason=AsyncBinder
07-12 20:42:55.288  1521  6512 I OplusHansManager : uid=10381, pkg=com.microsoft.appmanager F exit(), reason=AsyncBinder
07-12 20:42:55.288  1521  6946 D OplusProxyWakeLock: remove uid: 10381 wiht all pids from wakelockUidInfo list
07-12 20:42:55.288 16334 16334 I ONet:Application: (ActivityThread.java:6620)onTrimMemory
07-12 20:42:55.292  1521  2730 E KernelCpuUidClusterTimeReader: Negative delta from cluster time for uid: 1069, delta: -1
07-12 20:42:55.294 11876 11885 E IHansComunication: HANS printMessageBody: RCVed message body: type = 0, port = 86870, caller_pid = 1521, caller_uid = 1000, target_pid = 12685, target_uid = 10467, pkg_cmd = -1
07-12 20:42:55.294  1521  6513 I OplusHansManager : unfreeze uid: 10467 me.eternal.purrfect pids: [12685] reason: AsyncBinder scene: LcdOn
07-12 20:42:55.295 11876 11885 E IHansComunication: HANS printMessageBody: RCVed message body: type = 0, port = 86870, caller_pid = 1521, caller_uid = 1000, target_pid = 6134, target_uid = 10447, pkg_cmd = -1
07-12 20:42:55.295  1521  6512 I OplusHansManager : uid=10467, pkg=me.eternal.purrfect, transition from Frozen to Middle, reason=AsyncBinder
07-12 20:42:55.295  1521  6512 I OplusHansManager : uid=10467, pkg=me.eternal.purrfect F exit(), reason=AsyncBinder
07-12 20:42:55.295  1521  6946 D OplusProxyWakeLock: remove uid: 10467 wiht all pids from wakelockUidInfo list
07-12 20:42:55.295 11876 11885 E IHansComunication: HANS printMessageBody: RCVed message body: type = 0, port = 86870, caller_pid = 1521, caller_uid = 1000, target_pid = 9383, target_uid = 10349, pkg_cmd = -1
07-12 20:42:55.296  1521  6513 I OplusHansManager : unfreeze uid: 10447 com.instagram.barcelona pids: [6134] reason: AsyncBinder scene: LcdOn
07-12 20:42:55.296 10857 10857 I yAF.TPLog.FrameworkService: onTrimMemory(5): clearing caches...
07-12 20:42:55.296 10857 10857 V e       : ClearCache[5] : Cache Size BEFORE = 0
07-12 20:42:55.296 10857 10857 W e       : ClearCache : Current cache size is lesser than the threshold of 1048576
07-12 20:42:55.296  1521  6513 I OplusHansManager : unfreeze uid: 10349 com.wmods.wppenhacer pids: [9383] reason: AsyncBinder scene: LcdOn
07-12 20:42:55.297  1521  6512 I OplusHansManager : uid=10447, pkg=com.instagram.barcelona, transition from Frozen to Middle, reason=AsyncBinder
07-12 20:42:55.297  1521  6512 I OplusHansManager : uid=10447, pkg=com.instagram.barcelona F exit(), reason=AsyncBinder
07-12 20:42:55.297  1521  6512 I OplusHansManager : uid=10349, pkg=com.wmods.wppenhacer, transition from Frozen to Middle, reason=AsyncBinder
07-12 20:42:55.297  1521  6512 I OplusHansManager : uid=10349, pkg=com.wmods.wppenhacer F exit(), reason=AsyncBinder
07-12 20:42:55.297  1521  6946 D OplusProxyWakeLock: remove uid: 10447 wiht all pids from wakelockUidInfo list
07-12 20:42:55.297  1521  6946 D OplusProxyWakeLock: remove uid: 10349 wiht all pids from wakelockUidInfo list
07-12 20:42:55.298 11876 11885 E IHansComunication: HANS printMessageBody: RCVed message body: type = 0, port = 86870, caller_pid = 1521, caller_uid = 1000, target_pid = 10705, target_uid = 10314, pkg_cmd = -1
07-12 20:42:55.299  1521  6513 I OplusHansManager : unfreeze uid: 10314 com.nothing.smartcenter pids: [10705] reason: AsyncBinder scene: LcdOn
07-12 20:42:55.300  1521  6512 I OplusHansManager : uid=10314, pkg=com.nothing.smartcenter, transition from Frozen to Middle, reason=AsyncBinder
07-12 20:42:55.300  1521  6512 I OplusHansManager : uid=10314, pkg=com.nothing.smartcenter F exit(), reason=AsyncBinder
07-12 20:42:55.300  1521  6946 D OplusProxyWakeLock: remove uid: 10314 wiht all pids from wakelockUidInfo list
07-12 20:42:55.302 11876 11885 E IHansComunication: HANS printMessageBody: RCVed message body: type = 0, port = 86870, caller_pid = 1521, caller_uid = 1000, target_pid = 8984, target_uid = 99101, pkg_cmd = -1
07-12 20:42:55.302 11876 11885 E IHansComunication: HANS printMessageBody: RCVed message body: type = 0, port = 86870, caller_pid = 1521, caller_uid = 1000, target_pid = 8894, target_uid = 10272, pkg_cmd = -1
07-12 20:42:55.303  4177  4177 I Finsky  : [2] Memory trim requested to level 40
07-12 20:42:55.304  1521  6513 I OplusHansManager : unfreeze uid: 10272 moe.rukamori.archivetune pids: [8984, 8894] reason: AsyncBinder scene: LcdOn
07-12 20:42:55.305 10705 10705 D ProcessKill: level:40
07-12 20:42:55.305 10705 10705 D ProcessKill: onTrimMemory
07-12 20:42:55.305  4177  4177 I Finsky  : [2] Flushing in-memory image cache
07-12 20:42:55.311  1521  2705 D CompatibilityChangeReporter: Compat change id reported: 135634846; UID 10524; state: DISABLED
07-12 20:42:55.311  1521  2705 D CompatibilityChangeReporter: Compat change id reported: 177438394; UID 10524; state: DISABLED
07-12 20:42:55.311 25906 25931 I [0]DCS-StrategyManager: isNeedUpload: cache, type: 2006, appID: 30060, logTag: anr_crash_stats, eventID: eap_anr_crash
07-12 20:42:55.311  1521  2705 D CompatibilityChangeReporter: Compat change id reported: 135772972; UID 10524; state: DISABLED
07-12 20:42:55.312  1521  2705 D CompatibilityChangeReporter: Compat change id reported: 135754954; UID 10524; state: ENABLED
07-12 20:42:55.312  1521  6512 I OplusHansManager : uid=10272, pkg=moe.rukamori.archivetune, transition from Frozen to Middle, reason=AsyncBinder
07-12 20:42:55.312  1521  2719 D CompatibilityChangeReporter: Compat change id reported: 143937733; UID 10524; state: ENABLED
07-12 20:42:55.312  1521  6512 I OplusHansManager : uid=10272, pkg=moe.rukamori.archivetune F exit(), reason=AsyncBinder
07-12 20:42:55.313  1521  6946 D OplusProxyWakeLock: remove uid: 10272 wiht all pids from wakelockUidInfo list
07-12 20:42:55.319 10978 10978 D ApplicationAspect: aspect:onTrimMemory
07-12 20:42:55.324  1143  1143 D Zygote  : Forked child process 13280
07-12 20:42:55.325  1521  2719 E PerformanceManager: addTaskTrackPid failed.
07-12 20:42:55.325  1521  2719 E PerformanceManager: android.os.RemoteException: HwBinder Error: (-74)
07-12 20:42:55.325  1521  2719 E PerformanceManager: 	at android.os.HwRemoteBinder.transact(Native Method)
07-12 20:42:55.325  1521  2719 E PerformanceManager: 	at vendor.oplus.hardware.performance.V1_0.IPerformance$Proxy.addTaskTrackPid(IPerformance.java:2623)
07-12 20:42:55.325  1521  2719 E PerformanceManager: 	at android.os.PerformanceManager.addTaskTrackPid(PerformanceManager.java:859)
07-12 20:42:55.325  1521  2719 E PerformanceManager: 	at com.android.server.am.ProcessList.startProcess(ProcessList.java:2542)
07-12 20:42:55.325  1521  2719 E PerformanceManager: 	at com.android.server.am.ProcessList.handleProcessStart(ProcessList.java:2269)
07-12 20:42:55.325  1521  2719 E PerformanceManager: 	at com.android.server.am.ProcessList.lambda$startProcessLocked$0$ProcessList(ProcessList.java:2188)
07-12 20:42:55.325  1521  2719 E PerformanceManager: 	at com.android.server.am.ProcessList$$ExternalSyntheticLambda1.run(dex-id-9f94b5d14f8ba49c388a6efb5e01394711ca3df5:22)
07-12 20:42:55.325  1521  2719 E PerformanceManager: 	at android.os.Handler.handleCallback(Handler.java:938)
07-12 20:42:55.325  1521  2719 E PerformanceManager: 	at android.os.Handler.dispatchMessage(Handler.java:99)
07-12 20:42:55.325  1521  2719 E PerformanceManager: 	at android.os.Looper.loopOnce(Looper.java:233)
07-12 20:42:55.325  1521  2719 E PerformanceManager: 	at android.os.Looper.loop(Looper.java:344)
07-12 20:42:55.325  1521  2719 E PerformanceManager: 	at android.os.HandlerThread.run(HandlerThread.java:67)
07-12 20:42:55.325  1521  2719 E PerformanceManager: 	at com.android.server.ServiceThread.run(ServiceThread.java:44)
07-12 20:42:55.325  1521  2719 I ActivityManager: Start proc 13280:com.pryvn.audiophile/u0a524 for top-activity {com.pryvn.audiophile/com.pryvn.audiophile.CrashActivity}
07-12 20:42:55.341 10517 10517 I AppBase : AppBase.onTrimMemory():280 onTrimMemory(): 5
07-12 20:42:55.342  1521  2720 I libprocessgroup: Successfully killed process cgroup uid 10139 pid 12585 in 0ms
07-12 20:42:55.342  1521  6063 I ActivityManager: Process com.android.chrome:privileged_process0 (pid 12585) has died: cch+65 CEM 
07-12 20:42:55.343  1313  1313 D vendor.oplus.hardware.charger@1.0-service: wireless adapter power -1
07-12 20:42:55.343  1521  6063 W ContextImpl: Calling a method in the system process without a qualified user: android.app.ContextImpl.sendBroadcast:1175 com.android.server.am.OplusExtraActivityManagerService.setKeyLockModeNormal:51 com.android.server.am.ActivityManagerServiceExtImpl.setKeyLockModeNormal:851 com.android.server.am.ActivityManagerService.appDiedLocked:3389 com.android.server.am.ActivityManagerService$AppDeathRecipient.binderDied:1531 
07-12 20:42:55.343 13280 13280 I ryvn.audiophil: Late-enabling -Xcheck:jni
07-12 20:42:55.344   606   606 I hwservicemanager: getTransport: Cannot find entry vendor.qti.hardware.iop@2.0::IIop/default in either framework or device VINTF manifest.
07-12 20:42:55.346 10517 10517 I KeyboardDefCache: MemoryFileCache$1.onTrimMemory():124 clearMemory() for trim memory: 5
07-12 20:42:55.347 10517 10517 I KeyboardDefCache: MemoryFileCache.clearMemory():408 evictAll()
07-12 20:42:55.347 10517 10517 I GoogleInputMethodService: GoogleInputMethodService.onTrimMemory():3021 onTrimMemory(): 5
07-12 20:42:55.347  1521  6063 W ActivityManager: Scheduling restart of crashed service com.android.chrome/org.chromium.content.app.PrivilegedProcessService0 in 10922ms for connection
07-12 20:42:55.349 11133  6863 V DeepThinker: ProcessManager: onProcessDied pid:12585, uid:10139
07-12 20:42:55.358  1383  1383 E CompositionEngine: map unknown (BT709 sRGB Full range)/(Unknown RenderIntent) to default color mode
07-12 20:42:55.359 32129 32129 D BoundBrokerSvc: onUnbind: Intent { act=com.google.android.gms.measurement.START pkg=com.google.android.gms }
07-12 20:42:55.363  1143  1143 I Zygote  : Process 12585 exited due to signal 9 (Killed)
07-12 20:42:55.367 13280 13280 E ryvn.audiophil: Unknown bits set in runtime_flags: 0x40000000
07-12 20:42:55.367 13280 13280 I ryvn.audiophil: Using generational CollectorTypeCC GC.
07-12 20:42:55.367  6235 11762 E Battery : ChargeProtectionUtils: First Alarm is Sat Jul 11 15:50:00 GMT+05:30 2026, nowRtc  = Sun Jul 12 20:42:55 GMT+05:30 2026, too close , ignore it.
07-12 20:42:55.371 13280 13280 D ProcessState: Binder ioctl to enable oneway spam detection failed: Invalid argument
07-12 20:42:55.372 10978 10978 E _Arouter: invoke error:com.oplus.theme.OplusThemeApplication.onTrimMemory [int]
07-12 20:42:55.383  3779  3794 I adbd    : jdwp connection from 13280
07-12 20:42:55.386 10978 10978 E _Arouter: invoke error:com.oplus.uxdesign.uxcolor.UxColorApplication.onTrimMemory [int]
07-12 20:42:55.386 10978 10978 E _Arouter: invoke error:com.oplus.uxdesign.language.LanguageApplication.onTrimMemory [int]
07-12 20:42:55.388 10978 10978 E _Arouter: invoke error:com.oplus.uxdesign.personal.PersonalApplication.onTrimMemory [int]
07-12 20:42:55.388 10978 10978 E _Arouter: invoke error:com.oplus.uxdesign.icon.IconStyleApplication.onTrimMemory [int]
07-12 20:42:55.396 21531 21628 E SharedPreferencesImpl: Couldn't rename file /data/user/0/com.microsoft.appmanager/shared_prefs/AppCenter.xml to backup file /data/user/0/com.microsoft.appmanager/shared_prefs/AppCenter.xml.bak
07-12 20:42:55.403 13280 13280 I OneTrace: Mark active for pid=13280? true
07-12 20:42:55.403 13280 13280 D cutils-dev: otrace_set_tracing_enabled? true
07-12 20:42:55.404 13280 13285 D cutils-dev: properties changed in otrace_seq_number_changed!
07-12 20:42:55.406  1299  1299 E vendor.qti.hardware.perf@2.2-service: Unknown params
07-12 20:42:55.407  1299  1380 E ANDR-PERF-LM: MetaMeter: handleAsync() 164: AdaptLaunch Invalid Async
07-12 20:42:55.411  1143  1143 I Zygote  : Process 11790 exited due to signal 9 (Killed)
07-12 20:42:55.412  1521  5844 I ActivityTaskManager: The Process com.pryvn.audiophile Already Exists in BG. So sending its PID: 13280
07-12 20:42:55.412  1299  1299 E vendor.qti.hardware.perf@2.2-service: Unknown params
07-12 20:42:55.413  1299  1380 E ANDR-PERF-LM: MetaMeter: handleAsync() 164: AdaptLaunch Invalid Async
07-12 20:42:55.414  1521  5844 D OplusDexOptimizeManager: Do not in AppLaunchOptList!
07-12 20:42:55.418  1521  5844 I InputDispatcher: setFocusedApplication displayId=0 ActivityRecord{8f5e97e u0 com.pryvn.audiophile/.CrashActivity t1650}
07-12 20:42:55.418  1326  1326 E PerformanceService: Failed to open /proc/sys/kernel/sched_impt_tgid (2): No such file or directory, Linux version 4.14.180
07-12 20:42:55.418  1279 16817 I vendor.qti.bluetooth@1.0-ibs_handler: ProcessIbsCmd: Received IBS_WAKE_IND: 0xFD
07-12 20:42:55.418  1279 16817 D vendor.qti.bluetooth@1.0-ibs_handler: SerialClockVote: vote for UART CLK ON
07-12 20:42:55.419  1279 16817 D vendor.qti.bluetooth@1.0-wake_lock: Acquire wakelock is acquired 
07-12 20:42:55.419  1279 16817 I vendor.qti.bluetooth@1.0-ibs_handler: ProcessIbsCmd: Writing IBS_WAKE_ACK
07-12 20:42:55.424  1323  1323 E ORMS_HAL: open /sys/devices/platform/soc/soc:oplus-omrg/oplus-omrg0/ruler_enable failed(No such file or directory)
07-12 20:42:55.425  1323  1323 E ORMS_HAL: open /sys/devices/platform/soc/soc:oplus-omrg/oplus-omrg0/ruler_enable failed(No such file or directory)
07-12 20:42:55.427  1521  2706 D CompactWindowManagerService: updateBackgroundSurface openingApp: ActivityRecord{8f5e97e u0 com.pryvn.audiophile/.CrashActivity t1650}
07-12 20:42:55.427  1521  2706 D ActivityRecordExtImpl: setting mUseTransferredAnimation to false for ActivityRecord{8f5e97e u0 com.pryvn.audiophile/.CrashActivity t1650}
07-12 20:42:55.427  1521  6067 W Process : Unable to open /proc/11790/status
07-12 20:42:55.428  1521  2706 I OplusAppSwitchManagerService:  handleAppVisible , r = ActivityRecord{8f5e97e u0 com.pryvn.audiophile/.CrashActivity t1650}
07-12 20:42:55.429  1521  2720 I libprocessgroup: Successfully killed process cgroup uid 10182 pid 11790 in 0ms
07-12 20:42:55.431 11133  6863 V DeepThinker: ProcessManager: onForegroundActivitiesChanged pid:13280, uid:10524, foregroundActivities:true
07-12 20:42:55.431  7635  7659 D OplusAtlas.OplusAtlasEventDispatch: setEvent:atlas_event_on_foreground_activities_changed info:pid:13280,uid:10524,hasForegroundActivities:1
07-12 20:42:55.431  1521  6067 I ActivityManager: Process com.coloros.phonemanager (pid 11790) has died: cch+75 CEM 
07-12 20:42:55.431  1521  6067 W ContextImpl: Calling a method in the system process without a qualified user: android.app.ContextImpl.sendBroadcast:1175 com.android.server.am.OplusExtraActivityManagerService.setKeyLockModeNormal:51 com.android.server.am.ActivityManagerServiceExtImpl.setKeyLockModeNormal:851 com.android.server.am.ActivityManagerService.appDiedLocked:3389 com.android.server.am.ActivityManagerService$AppDeathRecipient.binderDied:1531 
07-12 20:42:55.431  7635 10648 D OplusAtlas.OplusAudioScene: callback success event:atlas_event_on_foreground_activities_changed eventInfo:pid:13280,uid:10524,hasForegroundActivities:1
07-12 20:42:55.432  7635 10663 D OplusAtlas.OplusMessageHandler: handleMessage: Msg { when=0 what=2 obj=com.oplus.atlas.OplusAtlasEvent@1ababe2 target=com.oplus.atlas.OplusMessageHandler$MyHandler }
07-12 20:42:55.433   606   606 I hwservicemanager: getTransport: Cannot find entry vendor.qti.hardware.iop@2.0::IIop/default in either framework or device VINTF manifest.
07-12 20:42:55.434  1299  1379 E ANDR-PERF-OPTSHANDLER: Perflock resource /sys/class/devfreq/soc:qcom,cpubw/bw_hwmon/io_percent not supported
07-12 20:42:55.434  1299  1379 E ANDR-PERF-RESOURCEQS: Failed to apply optimization [6, 2]
07-12 20:42:55.434  1299  1379 E ANDR-PERF-OPTSHANDLER: Perflock resource /sys/class/devfreq/soc:qcom,cpubw/bw_hwmon/sample_ms not supported
07-12 20:42:55.434  1299  1379 E ANDR-PERF-RESOURCEQS: Failed to apply optimization [6, 8]
07-12 20:42:55.434  1299  1379 E ANDR-PERF-OPTSHANDLER: Perflock resource SPECIAL_NODE - cpubw_hwmon_hyst_opt not supported
07-12 20:42:55.434  1299  1379 E ANDR-PERF-RESOURCEQS: Failed to apply optimization [6, 3]
07-12 20:42:55.434  1299  1379 E ANDR-PERF-OPTSHANDLER: Perflock resource /sys/class/devfreq/soc:qcom,cpubw/min_freq not supported
07-12 20:42:55.434  1299  1379 E ANDR-PERF-RESOURCEQS: Failed to apply optimization [6, 0]
07-12 20:42:55.435  1299  1379 E ANDR-PERF-OPTSHANDLER: Perflock resource /sys/class/devfreq/soc:qcom,cpubw/max_freq not supported
07-12 20:42:55.435  1299  1379 E ANDR-PERF-RESOURCEQS: Failed to apply optimization [6, 6]
07-12 20:42:55.437 13280 13280 D CompatibilityChangeReporter: Compat change id reported: 171979766; UID 10524; state: ENABLED
07-12 20:42:55.438 13280 13280 I oplus.android.OplusFrameworkFactoryImpl: get feature:IOplusAutoResolutionFeature
07-12 20:42:55.438 13280 13280 I oplus.android.OplusFrameworkFactoryImpl: getOplusAutoResolutionFeature
07-12 20:42:55.438 13280 13280 D CompactWindowAppManager: initCompactApplicationInfo 
07-12 20:42:55.443 11133  6863 V DeepThinker: ProcessManager: onProcessDied pid:11790, uid:10182
07-12 20:42:55.444  1383  1383 D OplusMovieIdle: updateLayerStacks,mOmiSupport is not supoort
07-12 20:42:55.444  1383  1383 E CompositionEngine: map unknown (BT709 sRGB Full range)/(Unknown RenderIntent) to default color mode
07-12 20:42:55.466  1279 16817 I vendor.qti.bluetooth@1.0-ibs_handler: ProcessIbsCmd: Received IBS_SLEEP_IND: 0xFE
07-12 20:42:55.466  1279 16817 D vendor.qti.bluetooth@1.0-ibs_handler: SerialClockVote: vote for UART CLK OFF
07-12 20:42:55.468  1279 16817 I vendor.qti.bluetooth@1.0-ibs_handler: ProcessIbsCmd: Received IBS_WAKE_IND: 0xFD
